ADDR   BYTES          LINE   SOURCE
----------------------------------------------------------------------
00                    1      .ORG 0
00                    2      src_ptr:
00     80             3          .DB 0x80
01                    4      dst_ptr:
01     A0             5          .DB 0xA0                 ; Target memory block starts at address 80
02                    6      block_count:
02     20             7          .DB 0x20                 ; copy 0x20 bytes
                      8      
00                    9      .ORG 0
                      10     
00                    11     setup:
00     5C 00          12         LDi R3, src_ptr
02     58 01          13         LDi R2, dst_ptr
04     54 02          14         LDi R1, block_count
                      15     
06                    16     loop:
06     63             17         LD R0,R3
07     72             18         ST R0,R2
08     98             19         INC R2
09     9C             20         INC R3
0A     95             21         DEC R1
0B     82 06          22         JNZ loop
                      23     
0D                    24     done:
0D     F0             25         HALT               ; Stop execution. External flag raised.
                      26     
                      27     
                      28     ; data to copy
80                    29     .ORG 128
80     01             30         .DB 01
81     02             31         .DB 02
82     03             32         .DB 03
83     04             33         .DB 04
84     05             34         .DB 05
85     06             35         .DB 06
86     07             36         .DB 07
87     08             37         .DB 08
88     09             38         .DB 09
89     0A             39         .DB 0x0A
8A     0B             40         .DB 0x0B
8B     0C             41         .DB 0x0C
8C     0D             42         .DB 0x0D
8D     0E             43         .DB 0x0E
8E     0F             44         .DB 0x0F
8F     10             45         .DB 0x10
90     11             46         .DB 0x11
91     12             47         .DB 0x12
92     13             48         .DB 0x13
93     14             49         .DB 0x14
94     15             50         .DB 0x15
95     16             51         .DB 0x16
96     17             52         .DB 0x17
97     18             53         .DB 0x18
98     19             54         .DB 0x19
99     1A             55         .DB 0x1A
9A     1B             56         .DB 0x1B
9B     1C             57         .DB 0x1C
9C     1D             58         .DB 0x1D
9D     1E             59         .DB 0x1E
9E     1F             60         .DB 0x1F
9F     20             61         .DB 0x20

======================================================================
SYMBOL TABLE:
----------------------------------------------------------------------
block_count              : 0x02 (2)
done                     : 0x0D (13)
dst_ptr                  : 0x01 (1)
loop                     : 0x06 (6)
setup                    : 0x00 (0)
src_ptr                  : 0x00 (0)
