DUNFIELD CFLEA ASSEMBLER: game                                         PAGE: 1

0000                         1  *#cpu CFLEA
0000                         2  *
0000                         3  * DDS MICRO-C C-FLEA Runtime Library - Prefix file
0000                         4  *
0000                         5  * Copyright 1991-2005 Dave Dunfield
0000                         6  * All rights reserved.
0000                         7  *
1000                         8  	ORG	$1000		Place code in memory here
1000                         9  * Begin execution here... Setup stack, zero heap & call main()
1000  00 00 10              10  	LD	#*		Stack below here
1003  DE                    11  	TAS			Set up stack
1004  E0                    12  	CLR			Get zero
1005  A9 02 00              13  	STB	?heap		Zero heap
1008  D8 9D 13              14  	CALL	main		Run main program
100B                        15  * Most embedded programs will never return or exit, however if they
100B                        16  * do, this section of code should do something appropriate, either
100B                        17  * restart the program, or stop the machine. For this system, we will
100B                        18  * simply freeze by entering an infinite loop.
100B  D3 FE                 19  exit	SJMP	*		Loop forever
100D                        20  *50000 22/5/2026
100D                        21  wait_ms EQU *
100D  EA 11                 22  		OUT $11			* clear timer
100F                        23  wait_ms_top
100F  EB 11                 24  		IN $11			* read timer
1011  84 02                 25  		CMP 2,S			* compare to ms 
1013  D1 0F 10              26  		JZ wait_ms_top  * wait till ms passes
1016  D9                    27   RET
1017                        28  vid_mode EQU *
1017  04 02                 29  		LD 2,S
1019  EA 12                 30  		OUT $12
101B  D9                    31   RET
101C                        32  read_video_stat EQU *
101C  EB 12                 33  		IN $12
101E  D9                    34   RET
101F                        35  wait_vsync EQU *
101F                        36  wait_vsync_top
101F  EB 12                 37  		IN $12
1021  58 02                 38  		ANDB #2
1023  D2 1F 10              39  		JNZ wait_vsync_top
1026  D9                    40   RET
1027                        41  wait_nvsync EQU *
1027                        42  wait_nvsync_top
1027  EB 12                 43  		IN $12
1029  58 02                 44  		ANDB #2
102B  D1 1F 10              45  		JZ wait_vsync_top
102E  D9                    46   RET
102F                        47  wait_hsync EQU *
102F                        48  wait_hsync_top
102F  EB 12                 49  		IN $12
1031  58 04                 50  		ANDB #4
1033  D2 1F 10              51  		JNZ wait_vsync_top
1036  D9                    52   RET
1037                        53  wait_active_vid EQU *
1037                        54  wait_active_top
1037  EB 12                 55  		IN $12
1039  58 08                 56  		ANDB #8
103B  D1 37 10              57  		JZ wait_active_top
103E  D9                    58   RET
DUNFIELD CFLEA ASSEMBLER: game                                         PAGE: 2

103F                        59  clrscr EQU *
103F  00 00 F8              60   LD #-2048
1042  DC                    61   PUSHA
1043  E0                    62   CLR
1044  DC                    63   PUSHA
1045  00 00 08              64   LD #2048
1048  DC                    65   PUSHA
1049  D8 16 15              66   CALL memset
104C  DB 06                 67   FREE 6
104E  D9                    68   RET
104F  DA 02                 69  putsxy ALLOC 2
1051  04 04                 70   LD 4,S
1053  38 50                 71   MULB #80
1055  10 00 F8              72   ADD #-2048
1058  14 06                 73   ADD 6,S
105A  A4 00                 74   ST 0,S
105C  DC                    75   PUSHA
105D  04 0A                 76   LD 10,S
105F  DC                    77   PUSHA
1060  D8 4A 15              78   CALL strcpy
1063  DB 06                 79   FREE 4+2
1065  D9                    80   RET
1066                        81  putscentered EQU *
1066  04 04                 82   LD 4,S
1068  DC                    83   PUSHA
1069  04 06                 84   LD 6,S
106B  DC                    85   PUSHA
106C  D8 5B 15              86   CALL strlen
106F  DB 02                 87   FREE 2
1071  B8 01                 88   SHR #1
1073  A1 00 00              89   ST ?temp
1076  08 28                 90   LDB #40
1078  21 00 00              91   SUB ?temp
107B  DC                    92   PUSHA
107C  04 06                 93   LD 6,S
107E  DC                    94   PUSHA
107F  D8 4F 10              95   CALL putsxy
1082  DB 06                 96   FREE 6
1084  D9                    97   RET
1085  DA 02                 98  hline ALLOC 2
1087  04 06                 99   LD 6,S
1089  38 30                100   MULB #48
108B  10 00 F8             101   ADD #-2048
108E  14 08                102   ADD 8,S
1090  A4 00                103   ST 0,S
1092                       104  ?AB1 EQU *
1092  04 08                105   LD 8,S
1094  E4                   106   INC
1095  A4 08                107   ST 8,S
1097  E5                   108   DEC
1098  84 04                109   CMP 4,S
109A  CD                   110   ULE
109B  D1 AA 10             111   JZ ?AB2
109E  04 00                112   LD 0,S
10A0  E6                   113   TAI ;
10A1  E4                   114   INC
10A2  A4 00                115   ST 0,S
10A4  0C 0A                116   LDB 10,S
DUNFIELD CFLEA ASSEMBLER: game                                         PAGE: 3

10A6  AA                   117   STB I
10A7  D0 92 10             118   JMP ?AB1
10AA                       119  ?AB2 EQU *
10AA  95                   120   LDI S+
10AB  D9                   121   RET
10AC  DA 02                122  vline ALLOC 2
10AE  04 06                123   LD 6,S
10B0  38 30                124   MULB #48
10B2  10 00 F8             125   ADD #-2048
10B5  14 08                126   ADD 8,S
10B7  A4 00                127   ST 0,S
10B9                       128  ?AB3 EQU *
10B9  04 06                129   LD 6,S
10BB  E4                   130   INC
10BC  A4 06                131   ST 6,S
10BE  E5                   132   DEC
10BF  84 04                133   CMP 4,S
10C1  CD                   134   ULE
10C2  D1 D3 10             135   JZ ?AB4
10C5  94 00                136   LDI 0,S
10C7  0C 0A                137   LDB 10,S
10C9  AA                   138   STB I
10CA  04 00                139   LD 0,S
10CC  18 30                140   ADDB #48
10CE  A4 00                141   ST 0,S
10D0  D0 B9 10             142   JMP ?AB3
10D3                       143  ?AB4 EQU *
10D3  95                   144   LDI S+
10D4  D9                   145   RET
10D5                       146  plotxy EQU *
10D5  04 02                147   LD 2,S
10D7  38 30                148   MULB #48
10D9  14 04                149   ADD 4,S
10DB  90 00 F8             150   LDI #-2048
10DE  E8                   151   ADAI
10DF  0C 06                152   LDB 6,S
10E1  AA                   153   STB I
10E2  D9                   154   RET
10E3  64 14 6A 14 00 00    155  menutxt FDB ?AB0+0,?AB0+6,0
10E9  DA 24                156  menu ALLOC 36
10EB  D8 3F 10             157   CALL clrscr
10EE  E0                   158   CLR
10EF  DC                   159   PUSHA
10F0  D8 17 10             160   CALL vid_mode
10F3  DB 02                161   FREE 2
10F5  00 75 14             162   LD #?AB0+17
10F8  DC                   163   PUSHA
10F9  08 03                164   LDB #3
10FB  DC                   165   PUSHA
10FC  D8 66 10             166   CALL putscentered
10FF  DB 04                167   FREE 4
1101  E0                   168   CLR
1102  A4 20                169   ST 32,S
1104                       170  ?AB5 EQU *
1104  04 20                171   LD 32,S
1106  38 02                172   MULB #2
1108  90 E3 10             173   LDI #menutxt
110B  E8                   174   ADAI
DUNFIELD CFLEA ASSEMBLER: game                                         PAGE: 4

110C  02                   175   LD I
110D  D5 0A                176   SJNZ ?AB7
110F  D0 49 11             177   JMP ?AB6
1112                       178  ?AB8 EQU *
1112  04 20                179   LD 32,S
1114  E4                   180   INC
1115  A4 20                181   ST 32,S
1117  D3 EB                182   SJMP ?AB5
1119                       183  ?AB7 EQU *
1119  9C 00                184   LEAI 0,S
111B  DD                   185   PUSHI
111C  00 96 14             186   LD #?AB0+50
111F  DC                   187   PUSHA
1120  04 24                188   LD 36,S
1122  18 01                189   ADDB #1
1124  DC                   190   PUSHA
1125  04 26                191   LD 38,S
1127  38 02                192   MULB #2
1129  90 E3 10             193   LDI #menutxt
112C  E8                   194   ADAI
112D  02                   195   LD I
112E  DC                   196   PUSHA
112F  08 04                197   LDB #4
1131  D8 F4 14             198   CALL sprintf
1134  DB 08                199   FREE 8
1136  9C 00                200   LEAI 0,S
1138  DD                   201   PUSHI
1139  08 05                202   LDB #5
113B  DC                   203   PUSHA
113C  04 24                204   LD 36,S
113E  18 05                205   ADDB #5
1140  DC                   206   PUSHA
1141  D8 4F 10             207   CALL putsxy
1144  DB 06                208   FREE 6
1146  D0 12 11             209   JMP ?AB8
1149                       210  ?AB6 EQU *
1149  00 9E 14             211   LD #?AB0+58
114C  DC                   212   PUSHA
114D  08 05                213   LDB #5
114F  DC                   214   PUSHA
1150  04 24                215   LD 36,S
1152  18 07                216   ADDB #7
1154  DC                   217   PUSHA
1155  D8 4F 10             218   CALL putsxy
1158  DB 06                219   FREE 6
115A                       220  ?AB9 EQU *
115A  D8 88 15             221   CALL getch
115D  A4 22                222   ST 34,S
115F                       223  ?AB10 EQU *
115F  04 22                224   LD 34,S
1161  88 30                225   CMPB #48
1163  C8                   226   LT
1164  D5 05                227   SJNZ ?AB12
1166  04 22                228   LD 34,S
1168  88 39                229   CMPB #57
116A  CA                   230   GT
116B                       231  ?AB12 EQU *
116B  D2 5A 11             232   JNZ ?AB9
DUNFIELD CFLEA ASSEMBLER: game                                         PAGE: 5

116E                       233  ?AB11 EQU *
116E  04 22                234   LD 34,S
1170  28 30                235   SUBB #48
1172                       236  ?AB13 EQU *
1172  DB 24                237   FREE 36
1174  D9                   238   RET
1175  DA 2D                239  snake ALLOC 45
1177                       240  ?AB14 EQU *
1177  9C 00                241   LEAI 0,S
1179  DD                   242   PUSHI
117A  E0                   243   CLR
117B  DC                   244   PUSHA
117C  08 10                245   LDB #16
117E  DC                   246   PUSHA
117F  D8 16 15             247   CALL memset
1182  DB 06                248   FREE 6
1184  9C 10                249   LEAI 16,S
1186  DD                   250   PUSHI
1187  E0                   251   CLR
1188  DC                   252   PUSHA
1189  08 10                253   LDB #16
118B  DC                   254   PUSHA
118C  D8 16 15             255   CALL memset
118F  DB 06                256   FREE 6
1191  9C 00                257   LEAI 0+0,S
1193  08 04                258   LDB #4
1195  AA                   259   STB I
1196  9C 10                260   LEAI 16+0,S
1198  08 04                261   LDB #4
119A  AA                   262   STB I
119B  08 01                263   LDB #1
119D  AC 21                264   STB 33,S
119F  08 0A                265   LDB #10
11A1  AC 24                266   STB 36,S
11A3  AC 23                267   STB 35,S
11A5  08 01                268   LDB #1
11A7  AC 20                269   STB 32,S
11A9  E0                   270   CLR
11AA  AC 22                271   STB 34,S
11AC  E0                   272   CLR
11AD  A4 29                273   ST 41,S
11AF  D8 3F 10             274   CALL clrscr
11B2  08 01                275   LDB #1
11B4  DC                   276   PUSHA
11B5  D8 17 10             277   CALL vid_mode
11B8  DB 02                278   FREE 2
11BA                       279  ?AB15 EQU *
11BA                       280  ?AB17 EQU *
11BA  D8 1C 10             281   CALL read_video_stat
11BD  58 08                282   ANDB #8
11BF  D1 BA 11             283   JZ ?AB17
11C2                       284  ?AB18 EQU *
11C2                       285  ?AB19 EQU *
11C2  D8 A6 15             286   CALL chkchr
11C5  A4 2B                287   ST 43,S
11C7  90 E9 11             288   LDI #?AB23
11CA  D7                   289   SWITCH
11CB                       290  ?AB24 EQU *
DUNFIELD CFLEA ASSEMBLER: game                                         PAGE: 6

11CB  E0                   291   CLR
11CC  AC 21                292   STB 33,S
11CE  D0 01 12             293   JMP ?AB22
11D1                       294  ?AB25 EQU *
11D1  08 02                295   LDB #2
11D3  AC 21                296   STB 33,S
11D5  D0 01 12             297   JMP ?AB22
11D8                       298  ?AB26 EQU *
11D8  08 03                299   LDB #3
11DA  AC 21                300   STB 33,S
11DC  D0 01 12             301   JMP ?AB22
11DF                       302  ?AB27 EQU *
11DF  08 01                303   LDB #1
11E1  AC 21                304   STB 33,S
11E3  D0 01 12             305   JMP ?AB22
11E6                       306  ?AB28 EQU *
11E6  D0 9A 13             307   JMP ?AB29
11E9                       308  ?AB23 EQU *
11E9  E6 11 71 00 DF 11 +  309   FDB ?AB28,113,?AB27,100,?AB26,97,?AB25,115,?AB24,119,0,?AB22
1201                       310  ?AB22 EQU *
1201                       311  ?AB20 EQU *
1201  D8 1C 10             312   CALL read_video_stat
1204  58 02                313   ANDB #2
1206  D2 C2 11             314   JNZ ?AB19
1209                       315  ?AB21 EQU *
1209  04 29                316   LD 41,S
120B  E4                   317   INC
120C  A4 29                318   ST 41,S
120E  88 02                319   CMPB #2
1210  D1 BA 11             320   JZ ?AB15
1213                       321  ?AB30 EQU *
1213  E0                   322   CLR
1214  A4 29                323   ST 41,S
1216  D8 3F 10             324   CALL clrscr
1219  08 07                325   LDB #7
121B  DC                   326   PUSHA
121C  E0                   327   CLR
121D  DC                   328   PUSHA
121E  E0                   329   CLR
121F  DC                   330   PUSHA
1220  08 2F                331   LDB #47
1222  DC                   332   PUSHA
1223  D8 85 10             333   CALL hline
1226  DB 08                334   FREE 8
1228  08 07                335   LDB #7
122A  DC                   336   PUSHA
122B  E0                   337   CLR
122C  DC                   338   PUSHA
122D  08 27                339   LDB #39
122F  DC                   340   PUSHA
1230  08 2F                341   LDB #47
1232  DC                   342   PUSHA
1233  D8 85 10             343   CALL hline
1236  DB 08                344   FREE 8
1238  08 07                345   LDB #7
123A  DC                   346   PUSHA
123B  E0                   347   CLR
123C  DC                   348   PUSHA
DUNFIELD CFLEA ASSEMBLER: game                                         PAGE: 7

123D  E0                   349   CLR
123E  DC                   350   PUSHA
123F  08 27                351   LDB #39
1241  DC                   352   PUSHA
1242  D8 AC 10             353   CALL vline
1245  DB 08                354   FREE 8
1247  08 07                355   LDB #7
1249  DC                   356   PUSHA
124A  08 2F                357   LDB #47
124C  DC                   358   PUSHA
124D  E0                   359   CLR
124E  DC                   360   PUSHA
124F  08 27                361   LDB #39
1251  DC                   362   PUSHA
1252  D8 AC 10             363   CALL vline
1255  DB 08                364   FREE 8
1257  0C 20                365   LDB 32,S
1259  A4 25                366   ST 37,S
125B                       367  ?AB31 EQU *
125B  04 25                368   LD 37,S
125D  88 00                369   CMPB #0
125F  CE                   370   UGT
1260  D5 0A                371   SJNZ ?AB33
1262  D0 8D 12             372   JMP ?AB32
1265                       373  ?AB34 EQU *
1265  04 25                374   LD 37,S
1267  E5                   375   DEC
1268  A4 25                376   ST 37,S
126A  D3 EF                377   SJMP ?AB31
126C                       378  ?AB33 EQU *
126C  04 25                379   LD 37,S
126E  9C 00                380   LEAI 0,S
1270  E8                   381   ADAI
1271  DD                   382   PUSHI
1272  04 27                383   LD 39,S
1274  28 01                384   SUBB #1
1276  9C 02                385   LEAI 2,S
1278  E8                   386   ADAI
1279  0A                   387   LDB I
127A  AE                   388   STB [S+]
127B  04 25                389   LD 37,S
127D  9C 10                390   LEAI 16,S
127F  E8                   391   ADAI
1280  DD                   392   PUSHI
1281  04 27                393   LD 39,S
1283  28 01                394   SUBB #1
1285  9C 12                395   LEAI 18,S
1287  E8                   396   ADAI
1288  0A                   397   LDB I
1289  AE                   398   STB [S+]
128A  D0 65 12             399   JMP ?AB34
128D                       400  ?AB32 EQU *
128D  0C 21                401   LDB 33,S
128F  90 B3 12             402   LDI #?AB36
1292  D7                   403   SWITCH
1293                       404  ?AB37 EQU *
1293  9C 10                405   LEAI 16+0,S
1295  0A                   406   LDB I
DUNFIELD CFLEA ASSEMBLER: game                                         PAGE: 8

1296  E5                   407   DEC
1297  AA                   408   STB I
1298  D0 C7 12             409   JMP ?AB35
129B                       410  ?AB38 EQU *
129B  9C 00                411   LEAI 0+0,S
129D  0A                   412   LDB I
129E  E4                   413   INC
129F  AA                   414   STB I
12A0  D0 C7 12             415   JMP ?AB35
12A3                       416  ?AB39 EQU *
12A3  9C 10                417   LEAI 16+0,S
12A5  0A                   418   LDB I
12A6  E4                   419   INC
12A7  AA                   420   STB I
12A8  D0 C7 12             421   JMP ?AB35
12AB                       422  ?AB40 EQU *
12AB  9C 00                423   LEAI 0+0,S
12AD  0A                   424   LDB I
12AE  E5                   425   DEC
12AF  AA                   426   STB I
12B0  D0 C7 12             427   JMP ?AB35
12B3                       428  ?AB36 EQU *
12B3  AB 12 03 00 A3 12 +  429   FDB ?AB40,3,?AB39,2,?AB38,1,?AB37,0,0,?AB35
12C7                       430  ?AB35 EQU *
12C7  0C 20                431   LDB 32,S
12C9  A4 25                432   ST 37,S
12CB                       433  ?AB41 EQU *
12CB  04 25                434   LD 37,S
12CD  88 00                435   CMPB #0
12CF  CE                   436   UGT
12D0  D5 0A                437   SJNZ ?AB43
12D2  D0 12 13             438   JMP ?AB42
12D5                       439  ?AB44 EQU *
12D5  04 25                440   LD 37,S
12D7  E5                   441   DEC
12D8  A4 25                442   ST 37,S
12DA  D3 EF                443   SJMP ?AB41
12DC                       444  ?AB43 EQU *
12DC  08 38                445   LDB #56
12DE  DC                   446   PUSHA
12DF  04 27                447   LD 39,S
12E1  9C 02                448   LEAI 2,S
12E3  E8                   449   ADAI
12E4  0A                   450   LDB I
12E5  DC                   451   PUSHA
12E6  04 29                452   LD 41,S
12E8  9C 14                453   LEAI 20,S
12EA  E8                   454   ADAI
12EB  0A                   455   LDB I
12EC  DC                   456   PUSHA
12ED  D8 D5 10             457   CALL plotxy
12F0  DB 06                458   FREE 6
12F2  04 25                459   LD 37,S
12F4  9C 00                460   LEAI 0,S
12F6  E8                   461   ADAI
12F7  DD                   462   PUSHI
12F8  9C 02                463   LEAI 2+0,S
12FA  0E                   464   LDB [S+]
DUNFIELD CFLEA ASSEMBLER: game                                         PAGE: 9

12FB  8A                   465   CMPB I
12FC  D5 0A                466   SJNZ ?AB46
12FE  04 25                467   LD 37,S
1300  9C 10                468   LEAI 16,S
1302  E8                   469   ADAI
1303  DD                   470   PUSHI
1304  9C 12                471   LEAI 18+0,S
1306  0E                   472   LDB [S+]
1307  8A                   473   CMPB I
1308                       474  ?AB46 EQU *
1308  D1 0F 13             475   JZ ?AB45
130B  08 01                476   LDB #1
130D  AC 22                477   STB 34,S
130F                       478  ?AB45 EQU *
130F  D0 D5 12             479   JMP ?AB44
1312                       480  ?AB42 EQU *
1312  08 F8                481   LDB #248
1314  DC                   482   PUSHA
1315  9C 02                483   LEAI 2+0,S
1317  0A                   484   LDB I
1318  DC                   485   PUSHA
1319  9C 14                486   LEAI 20+0,S
131B  0A                   487   LDB I
131C  DC                   488   PUSHA
131D  D8 D5 10             489   CALL plotxy
1320  DB 06                490   FREE 6
1322  08 3F                491   LDB #63
1324  DC                   492   PUSHA
1325  0C 25                493   LDB 37,S
1327  DC                   494   PUSHA
1328  0C 28                495   LDB 40,S
132A  DC                   496   PUSHA
132B  D8 D5 10             497   CALL plotxy
132E  DB 06                498   FREE 6
1330  9C 00                499   LEAI 0+0,S
1332  0A                   500   LDB I
1333  88 00                501   CMPB #0
1335  D5 13                502   SJNZ ?AB48
1337  9C 00                503   LEAI 0+0,S
1339  0A                   504   LDB I
133A  88 2F                505   CMPB #47
133C  D5 0C                506   SJNZ ?AB49
133E  9C 10                507   LEAI 16+0,S
1340  0A                   508   LDB I
1341  88 00                509   CMPB #0
1343  D5 05                510   SJNZ ?AB50
1345  9C 10                511   LEAI 16+0,S
1347  0A                   512   LDB I
1348  88 27                513   CMPB #39
134A                       514  ?AB50 EQU *
134A                       515  ?AB49 EQU *
134A                       516  ?AB48 EQU *
134A  D1 51 13             517   JZ ?AB47
134D  08 01                518   LDB #1
134F  AC 22                519   STB 34,S
1351                       520  ?AB47 EQU *
1351  9C 00                521   LEAI 0+0,S
1353  0A                   522   LDB I
DUNFIELD CFLEA ASSEMBLER: game                                         PAGE: 10

1354  8C 23                523   CMPB 35,S
1356  D4 05                524   SJZ ?AB52
1358  9C 10                525   LEAI 16+0,S
135A  0A                   526   LDB I
135B  8C 24                527   CMPB 36,S
135D                       528  ?AB52 EQU *
135D  D1 6D 13             529   JZ ?AB51
1360  0C 20                530   LDB 32,S
1362  88 0F                531   CMPB #15
1364  CC                   532   ULT
1365  D1 6D 13             533   JZ ?AB53
1368  0C 20                534   LDB 32,S
136A  E4                   535   INC
136B  AC 20                536   STB 32,S
136D                       537  ?AB53 EQU *
136D                       538  ?AB51 EQU *
136D  0C 22                539   LDB 34,S
136F  D2 75 13             540   JNZ ?AB55
1372                       541  ?AB54 EQU *
1372  D0 BA 11             542   JMP ?AB15
1375                       543  ?AB16 EQU *
1375                       544  ?AB55 EQU *
1375  D8 3F 10             545   CALL clrscr
1378  E0                   546   CLR
1379  DC                   547   PUSHA
137A  D8 17 10             548   CALL vid_mode
137D  DB 02                549   FREE 2
137F  00 AD 14             550   LD #?AB0+73
1382  DC                   551   PUSHA
1383  08 0A                552   LDB #10
1385  DC                   553   PUSHA
1386  D8 66 10             554   CALL putscentered
1389  DB 04                555   FREE 4
138B                       556  ?AB56 EQU *
138B  D8 A6 15             557   CALL chkchr
138E  80 FF FF             558   CMP #-1
1391  D1 8B 13             559   JZ ?AB56
1394                       560  ?AB57 EQU *
1394  D8 88 15             561   CALL getch
1397  D0 77 11             562   JMP ?AB14
139A                       563  ?AB29 EQU *
139A  DB 2D                564   FREE 45
139C  D9                   565   RET
139D  DA 02                566  main ALLOC 2
139F  D8 3F 10             567   CALL clrscr
13A2  90 00 F8             568   LDI #-2048+0
13A5  08 31                569   LDB #49
13A7  AA                   570   STB I
13A8  90 4F F8             571   LDI #-2048+79
13AB  08 32                572   LDB #50
13AD  AA                   573   STB I
13AE  90 80 FF             574   LDI #-2048+1920
13B1  08 35                575   LDB #53
13B3  AA                   576   STB I
13B4  90 CF FF             577   LDI #-2048+1999
13B7  08 34                578   LDB #52
13B9  AA                   579   STB I
13BA  08 01                580   LDB #1
DUNFIELD CFLEA ASSEMBLER: game                                         PAGE: 11

13BC  A4 00                581   ST 0,S
13BE                       582  ?AB58 EQU *
13BE  04 00                583   LD 0,S
13C0  88 18                584   CMPB #24
13C2  C8                   585   LT
13C3  D5 0A                586   SJNZ ?AB60
13C5  D0 EC 13             587   JMP ?AB59
13C8                       588  ?AB61 EQU *
13C8  04 00                589   LD 0,S
13CA  E4                   590   INC
13CB  A4 00                591   ST 0,S
13CD  D3 EF                592   SJMP ?AB58
13CF                       593  ?AB60 EQU *
13CF  04 00                594   LD 0,S
13D1  38 50                595   MULB #80
13D3  90 00 F8             596   LDI #-2048
13D6  E8                   597   ADAI
13D7  04 00                598   LD 0,S
13D9  18 41                599   ADDB #65
13DB  AA                   600   STB I
13DC  04 00                601   LD 0,S
13DE  38 50                602   MULB #80
13E0  90 01 F8             603   LDI #-2048+1
13E3  E8                   604   ADAI
13E4  04 00                605   LD 0,S
13E6  18 41                606   ADDB #65
13E8  AA                   607   STB I
13E9  D0 C8 13             608   JMP ?AB61
13EC                       609  ?AB59 EQU *
13EC                       610  ?AB62 EQU *
13EC  D0 EC 13             611   JMP ?AB62
13EF                       612  ?AB63 EQU *
13EF  08 01                613   LDB #1
13F1  DC                   614   PUSHA
13F2  D8 17 10             615   CALL vid_mode
13F5  DB 02                616   FREE 2
13F7  D8 3F 10             617   CALL clrscr
13FA  08 FF                618   LDB #255
13FC  DC                   619   PUSHA
13FD  E0                   620   CLR
13FE  DC                   621   PUSHA
13FF  E0                   622   CLR
1400  DC                   623   PUSHA
1401  D8 D5 10             624   CALL plotxy
1404  DB 06                625   FREE 6
1406  08 07                626   LDB #7
1408  DC                   627   PUSHA
1409  08 2F                628   LDB #47
140B  DC                   629   PUSHA
140C  E0                   630   CLR
140D  DC                   631   PUSHA
140E  D8 D5 10             632   CALL plotxy
1411  DB 06                633   FREE 6
1413  08 38                634   LDB #56
1415  DC                   635   PUSHA
1416  E0                   636   CLR
1417  DC                   637   PUSHA
1418  08 27                638   LDB #39
DUNFIELD CFLEA ASSEMBLER: game                                         PAGE: 12

141A  DC                   639   PUSHA
141B  D8 D5 10             640   CALL plotxy
141E  DB 06                641   FREE 6
1420  08 C0                642   LDB #192
1422  DC                   643   PUSHA
1423  08 2F                644   LDB #47
1425  DC                   645   PUSHA
1426  08 27                646   LDB #39
1428  DC                   647   PUSHA
1429  D8 D5 10             648   CALL plotxy
142C  DB 06                649   FREE 6
142E                       650  ?AB64 EQU *
142E  D0 2E 14             651   JMP ?AB64
1431                       652  ?AB65 EQU *
1431                       653  ?AB66 EQU *
1431  D8 E9 10             654   CALL menu
1434  A4 00                655   ST 0,S
1436  90 53 14             656   LDI #?AB69
1439  D7                   657   SWITCH
143A                       658  ?AB70 EQU *
143A  D8 75 11             659   CALL snake
143D  D0 5F 14             660   JMP ?AB68
1440                       661  ?AB71 EQU *
1440  D8 3F 10             662   CALL clrscr
1443  00 DB 14             663   LD #?AB0+119
1446  DC                   664   PUSHA
1447  E0                   665   CLR
1448  DC                   666   PUSHA
1449  E0                   667   CLR
144A  DC                   668   PUSHA
144B  D8 4F 10             669   CALL putsxy
144E  DB 06                670   FREE 6
1450  D0 00 F0             671   JMP $F000
1453                       672  ?AB69 EQU *
1453  40 14 02 00 3A 14 +  673   FDB ?AB71,2,?AB70,1,0,?AB68
145F                       674  ?AB68 EQU *
145F  D0 31 14             675   JMP ?AB66
1462                       676  ?AB67 EQU *
1462  95                   677   LDI S+
1463  D9                   678   RET
1464  53 6E 61 6B 65 00 +  679  ?AB0 FCB 83,110,97,107,101,0,66,111,111,116,108,111,97,100,101,114
1474  00 43 2D 46 4C 45 +  680   FCB 0,67,45,70,76,69,65,32,71,97,109,101,32,77,101,110
1484  75 20 2D 2D 20 54 +  681   FCB 117,32,45,45,32,84,111,109,32,83,116,32,68,101,110,105
1494  73 00 23 25 64 2E +  682   FCB 115,0,35,37,100,46,32,37,115,0,69,110,116,101,114,32
14A4  63 68 6F 69 63 65 +  683   FCB 99,104,111,105,99,101,58,32,0,83,110,101,107,32,105,115
14B4  20 64 65 64 2E 2E +  684   FCB 32,100,101,100,46,46,46,32,115,111,32,115,97,100,46,32
14C4  20 48 69 74 20 6B +  685   FCB 32,72,105,116,32,107,101,121,32,112,108,97,121,32,97,103
14D4  61 69 6E 2E 2E 2E +  686   FCB 97,105,110,46,46,46,0,74,117,109,112,105,110,103,32,116
14E4  6F 20 62 6F 6F 74 +  687   FCB 111,32,98,111,111,116,108,111,97,100,101,114,46,46,46,0
14F4                       688  *
14F4                       689  * Formatted print to a string: sprintf(string, format, args ...)
14F4                       690  *
14F4  38 02                691  sprintf	MULB	#2		Word entries
14F6  9C 00                692  	LEAI	,S		Point to stack
14F8  E8                   693  	ADAI			Point to argument
14F9  02                   694  	LD	I		Get output pointer
14FA  A1 00 00             695  	ST	?temp		Save for later
14FD  E7                   696  	TIA			Point to it
DUNFIELD CFLEA ASSEMBLER: game                                         PAGE: 13

14FE  E5                   697  	DEC			Backup
14FF  E5                   698  	DEC			Backup
1500  E6                   699  	TAI			Back to index
1501  00 0A 15             700  	LD	#?AC1		Output functino
1504  D8 F8 15             701  	CALL	format		Format it
1507  E0                   702  	CLR			Get zero
1508  D3 02                703  	SJMP	?AC2		And write it
150A  04 02                704  ?AC1	LD	2,S		Get character
150C  91 00 00             705  ?AC2	LDI	?temp		Get output pointer
150F  AA                   706  	STB	I		Write to memory
1510  9B 01                707  	LEAI	1,I		Advance
1512  B1 00 00             708  	STI	?temp		Resave
1515  D9                   709  	RET
1516                       710  *50000 22/5/2026
1516                       711  *
1516                       712  * Set memory to a specified value: memset(block, value, size)
1516                       713  *
1516  94 06                714  memset	LDI	6,S		Get pointer
1518  04 02                715  ?AD1	LD	2,S		Get size
151A  D4 21                716  	SJZ	?AD2		Zero, exit
151C  E5                   717  	DEC			Backup
151D  A4 02                718  	ST	2,S		Resave
151F  04 04                719  	LD	4,S		Get value
1521  AA                   720  	STB	I		Write to memory
1522  9B 01                721  	LEAI	1,I		Advance
1524  D3 F2                722  	SJMP	?AD1		And proceed
1526                       723  *
1526                       724  * Copy memory: memcpy(dest, source, size)
1526                       725  *
1526  04 02                726  memcpy	LD	2,S		Get size
1528  D4 13                727  	SJZ	?AD2		Zero, exit
152A  E5                   728  	DEC			Reduce count
152B  A4 02                729  	ST	2,S		Resave
152D  94 04                730  	LDI	4,S		Get source
152F  0A                   731  	LDB	I		Get byte
1530  9B 01                732  	LEAI	1,I		Advance
1532  B4 04                733  	STI	4,S		Resave
1534  94 06                734  	LDI	6,S		Get dest
1536  AA                   735  	STB	I		Write byte
1537  9B 01                736  	LEAI	1,I		Advance
1539  B4 06                737  	STI	6,S		Resave
153B  D3 E9                738  	SJMP	memcpy		And proceed
153D  D9                   739  ?AD2	RET
153E                       740  *50000 22/5/2026
153E                       741  *
153E                       742  * Concatinate one string to another: strcat(dest, source)
153E                       743  *
153E  94 04                744  strcat	LDI	4,S		Get dest ptr
1540  0A                   745  ?AE1	LDB	I		Get byte from index
1541  D1 48 15             746  	JZ	?AE2		End of string, copy
1544  9B 01                747  	LEAI	1,I		Advance pointer
1546  D3 F8                748  	SJMP	?AE1		And proceed
1548  B4 04                749  ?AE2	STI	4,S		Resave pointer
154A                       750  *
154A                       751  * Copy strings: strcpy(dest, source)
154A                       752  *
154A  94 02                753  strcpy	LDI	2,S		Get source ptr
154C  0A                   754  	LDB	I		Get byte from source
DUNFIELD CFLEA ASSEMBLER: game                                         PAGE: 14

154D  9B 01                755  	LEAI	1,I		Advance source ptr
154F  B4 02                756  	STI	2,S		Resave
1551  94 04                757  	LDI	4,S		Get dest ptr
1553  AA                   758  	STB	I		Write to dest
1554  9B 01                759  	LEAI	1,I		Advance dest ptr
1556  B4 04                760  	STI	4,S		Resave
1558  D5 F0                761  	SJNZ	strcpy		Do them all
155A  D9                   762  	RET
155B                       763  *50000 22/5/2026
155B                       764  *
155B                       765  * Determine length of string: strlen(string)
155B                       766  *
155B  94 02                767  strlen	LDI	2,S		; Get string ptr
155D  0A                   768  ?AF1	LDB	I		; Get byte from string
155E  D1 65 15             769  	JZ	?AF2		; We are at end
1561  9B 01                770  	LEAI	1,I		; Skip to next
1563  D3 F8                771  	SJMP	?AF1		; And proceed
1565  E7                   772  ?AF2	TIA			; Get pointer
1566  24 02                773  	SUB	2,S		; Compute actual length
1568  D9                   774  	RET
1569                       775  *50000 22/5/2026
1569                       776  *
1569                       777  * Write a string to the console: putstr(string)
1569                       778  *
1569  94 02                779  putstr	LDI	2,S		Get argument
156B  0A                   780  ?putstr	LDB	I		Get char
156C  D4 37                781  	SJZ	?AG2		Exit
156E  9B 01                782  	LEAI	1,I		Advance
1570  DC                   783  	PUSHA			Pass parm
1571  D8 79 15             784  	CALL	?putch		Output it
1574  05                   785  	LD	S+		Clean stack
1575  D3 F4                786  	SJMP	?putstr		And proceed
1577                       787  *
1577                       788  * Output character to console with newline translation: putch(c)
1577                       789  *
1577  04 02                790  putch	LD	2,S		Get character
1579  80 0A 00             791  ?putch	CMP	#$0A		Newline?
157C  D4 05                792  	SJZ	putchr		No, don't process
157E  08 0D                793  	LDB	#$0D		Get RETURN
1580  D8 85 15             794  	CALL	?putchr		Output it
1583                       795  *
1583                       796  * Output 'raw' character to console: putchr(c)
1583                       797  *
1583  04 02                798  putchr	LD	2,S		Get character
1585  EA 00                799  ?putchr	OUT	0		Write to console
1587  D9                   800  	RET
1588                       801  *
1588                       802  * Read a character from console with newline translation: getch()
1588                       803  *
1588  D8 95 15             804  getch	CALL	chkch		Test for character ready
158B  D4 FB                805  	SJZ	getch		Wait for it
158D  D9                   806  	RET
158E                       807  *
158E                       808  * Read 'raw' character from console: getchr()
158E                       809  *
158E  EB 00                810  getchr	IN	0		Read console port
1590  E4                   811  	INC			Test for character
1591  D4 FB                812  	SJZ	getchr		Wait for character
DUNFIELD CFLEA ASSEMBLER: game                                         PAGE: 15

1593  E5                   813  	DEC			Restore proper character
1594  D9                   814  	RET
1595                       815  *
1595                       816  * Check for character from the console with translation: chkch()
1595                       817  *
1595  EB 00                818  chkch	IN	0		Read port 0
1597  E4                   819  	INC			Test for char
1598  D4 0B                820  	SJZ	?AG2		None, exit
159A  E5                   821  	DEC			Restore proper char
159B  DC                   822  	PUSHA			Save for later
159C  88 0D                823  	CMPB	#$0D		RETURN?
159E  D4 04                824  	SJZ	?AG1		No, its OK
15A0  05                   825  	LD	S+		Clean stack
15A1  08 0A                826  	LDB	#$0A		Get NEWLINE
15A3  D9                   827  	RET
15A4  05                   828  ?AG1	LD	S+		Get char back
15A5  D9                   829  ?AG2	RET
15A6                       830  *
15A6                       831  * Check for 'raw' character from the console: chkchr()
15A6                       832  *
15A6  EB 00                833  chkchr	IN	0		Read port 0
15A8  D9                   834  	RET
15A9                       835  *
15A9                       836  * Get string from console (with editing): getstr(string, size)
15A9                       837  *
15A9  E0                   838  getstr	CLR			Zero length
15AA  DC                   839  	PUSHA			Save on stack
15AB  D8 8E 15             840  ?AG3	CALL	getchr		Get a character
15AE  90 B2 15             841  	LDI	#?AG4		Point to table
15B1  D7                   842  	SWITCH			Dispatch
15B2  DB 15 08 00          843  ?AG4	FDB	?AG6,$08		Backspace
15B6  DB 15 7F 00          844  	FDB	?AG6,$7F		Delete
15BA  EA 15 0D 00          845  	FDB	?AG7,$0D		Return
15BE  00 00 C2 15          846  	FDB	0,?AG5		Default
15C2                       847  * Normal character
15C2  A9 00 00             848  ?AG5	STB	?temp		Save for later
15C5  04 00                849  	LD	,S		Get current position
15C7  84 04                850  	CMP	4,S		Are we OK
15C9  CF                   851  	UGE			Test for over
15CA  D5 DF                852  	SJNZ	?AG3		Ignore
15CC  94 06                853  	LDI	6,S		Get pointer
15CE  05                   854  	LD	S+		Get size
15CF  E8                   855  	ADAI			Adjust pointer
15D0  E4                   856  	INC			Advance count
15D1  DC                   857  	PUSHA			Resave
15D2  09 00 00             858  	LDB	?temp		Get char back
15D5  AA                   859  	STB	I		Save in buffer
15D6  D8 85 15             860  	CALL	?putchr		Echo it
15D9  D3 D0                861  	SJMP	?AG3		And proceed
15DB                       862  * Backspace & delete
15DB  04 00                863  ?AG6	LD	,S		Get count
15DD  D4 CC                864  	SJZ	?AG3		At zero, ignore
15DF  E5                   865  	DEC			Backup
15E0  A4 00                866  	ST	,S		Resave
15E2  90 F4 15             867  	LDI	#?AG8		Point to message
15E5  D8 6B 15             868  	CALL	?putstr		Output
15E8  D3 C1                869  	SJMP	?AG3		And proceed
15EA                       870  * RETURN, terminate entry
DUNFIELD CFLEA ASSEMBLER: game                                         PAGE: 16

15EA  94 06                871  ?AG7	LDI	6,S		Get buffer pointer
15EC  05                   872  	LD	S+		Get count
15ED  E8                   873  	ADAI			Adjust pointer
15EE  E0                   874  	CLR			Get zero
15EF  AA                   875  	STB	I		Terminate buffer
15F0  08 0A                876  	LDB	#$0A		Newline
15F2  D3 91                877  	SJMP	?putchr		Output
15F4  08 20 08 00          878  ?AG8	FCB	$08,' ',$08,0
15F8                       879  *50000 22/5/2026
15F8                       880  *
15F8                       881  * Format to "printf" output: A=Output Function, I = Argument List
15F8                       882  *
15F8  DC                   883  format	PUSHA			Save output function pointer
15F9  DD                   884  	PUSHI			Save argument pointer
15FA  DA 0A                885  	ALLOC	10		Save  flag variable
15FC                       886  * Local variable & argument offsets
000C                       887  ?AH1	EQU	12		Pointer to output function
000A                       888  ?AH2	EQU	10		Pointer to argument list
0004                       889  ?AH3	EQU	4		Buffer for number conversions (6 bytes)
0002                       890  ?AH4	EQU	2		Temporary locations
0001                       891  ?AH5	EQU	1		Character count
0000                       892  ?AH6	EQU	0		Formatting controls
15FC                       893  *
15FC  94 0A                894  	LDI	?AH2,S		Get arg pointer
15FE  92                   895  	LDI	I		Get format string
15FF  0A                   896  ?AH7	LDB	I		Get character from string
1600  D4 12                897  	SJZ	?AH8		Exit if end
1602  88 25                898  	CMPB	#'%'		Format character
1604  D5 12                899  	SJNZ	?AH10		Yes, handle it
1606  0A                   900  	LDB	I		Get char back
1607  9B 01                901  	LEAI	1,I		Advance pointer
1609  DD                   902  	PUSHI			Save Index
160A  DC                   903  	PUSHA			Pass character
160B  04 10                904  	LD	4+?AH1,S		Get output function
160D  D8 17 16             905  	CALL	?AH9		Output the character
1610  05                   906  	LD	S+		Clean stack
1611  95                   907  	LDI	S+		Get Index back
1612  D3 EB                908  	SJMP	?AH7		And proceed
1614  DB 0E                909  ?AH8	FREE	14		Release stack
1616  D9                   910  	RET
1617                       911  * Call output function in A
1617  D6                   912  ?AH9	IJMP			Call function
1618                       913  * Format character located
1618  9B 01                914  ?AH10	LEAI	1,I		Skip to next
161A  E0                   915  	CLR			Begin with zero
161B  A4 02                916  	ST	?AH4,S		Save for later
161D                       917  * Check for leading '-' = Left justify
161D  AC 00                918  	STB	?AH6,S		Init. flag
161F  AC 01                919  	STB	?AH5,S		Init. count
1621  0A                   920  	LDB	I		Get char
1622  88 2D                921  	CMPB	#'-'		Minus?
1624  D4 06                922  	SJZ	?AH11		No, try next
1626  9B 01                923  	LEAI	1,I		Advance pointer
1628  08 80                924  	LDB	#%10000000	Set justify flag
162A  AC 00                925  	STB	?AH6,S		Resave
162C                       926  * Check for leading '0' = Zero fill
162C  0A                   927  ?AH11	LDB	I		Get char back
162D  88 30                928  	CMPB	#'0'		Zero fill?
DUNFIELD CFLEA ASSEMBLER: game                                         PAGE: 17

162F  D4 08                929  	SJZ	?AH12		No, try next
1631  9B 01                930  	LEAI	1,I		Advance
1633  0C 00                931  	LDB	?AH6,S		Get value
1635  68 40                932  	ORB	#%01000000	Set zero fill flag
1637  AC 00                933  	STB	?AH6,S		Resave
1639                       934  * Get field width
1639  0A                   935  ?AH12	LDB	I		Get character
163A  28 30                936  	SUBB	#'0'		Convert to binary
163C  DC                   937  	PUSHA			Save
163D  88 0A                938  	CMPB	#10		In range?
163F  CC                   939  	ULT			Must be less than
1640  D4 0B                940  	SJZ	?AH13		Nope
1642  9B 01                941  	LEAI	1,I		Skip digit
1644  04 04                942  	LD	2+?AH4,S		Get old value
1646  38 0A                943  	MULB	#10		x10
1648  15                   944  	ADD	S+		Include new
1649  A4 02                945  	ST	?AH4,S		Resave
164B  D3 EC                946  	SJMP	?AH12		Do them all
164D  05                   947  ?AH13	LD	S+		Clear stack
164E  04 02                948  	LD	?AH4,S		Get value
1650  6C 00                949  	ORB	?AH6,S		Include previous flags
1652  AC 00                950  	STB	?AH6,S		Resave
1654                       951  * Lookup character & dispatch handler
1654  DD                   952  	PUSHI			Save format pointer
1655  04 0C                953  	LD	2+?AH2,S		Get argptr
1657  E5                   954  	DEC			Backup
1658  E5                   955  	DEC			Backup
1659  A4 0C                956  	ST	2+?AH2,S		Resave
165B  E6                   957  	TAI			Address
165C  02                   958  	LD	I		Get value
165D  A4 04                959  	ST	2+?AH4,S		Resave
165F  0F                   960  	LDB	[S]		Get next character
1660  99 64 16             961  	LEAI	?AH14		Point to table
1663  D7                   962  	SWITCH			Lookup & execute
1664  80 16 6F 00          963  ?AH14	FDB	?AH15,'o'		Octal number
1668  84 16 64 00          964  	FDB	?AH16,'d'		Decimal number
166C  A4 16 75 00          965  	FDB	?AH17,'u'		Unsigned number
1670  A8 16 78 00          966  	FDB	?AH18,'x'		Hexidecimal number
1674  FE 16 63 00          967  	FDB	?AH26,'c'		Character output
1678  09 17 73 00          968  	FDB	?AH28,'s'		String output
167C  00 00 00 17          969  	FDB	0,?AH27		Ignore it
1680                       970  * '%o' - Octal number
1680  08 08                971  ?AH15	LDB	#8		Base 8
1682  D3 26                972  	SJMP	?AH19		Do number
1684                       973  * '%d' - signed Decimal number
1684  04 04                974  ?AH16	LD	2+?AH4,S		Get value
1686  50 00 80             975  	AND	#$8000		Negatve?
1689  D4 19                976  	SJZ	?AH17		Nothing special
168B  08 2D                977  	LDB	#'-'		Minus size
168D  DC                   978  	PUSHA			Pass to function
168E  04 10                979  	LD	4+?AH1,S		Get output function
1690  D8 17 16             980  	CALL	?AH9		Call function
1693  05                   981  	LD	S+		Clean stack
1694  04 04                982  	LD	2+?AH4,S		Get value
1696  E2                   983  	NEG			Negate
1697  A4 04                984  	ST	2+?AH4,S		And prcoeed
1699  0C 02                985  	LDB	2+?AH6,S		Get length
169B  58 7F                986  	ANDB	#%001111111	Free format?
DUNFIELD CFLEA ASSEMBLER: game                                         PAGE: 18

169D  D4 05                987  	SJZ	?AH17		Yes, ignore
169F  0C 02                988  	LDB	2+?AH6,S		Get value back
16A1  E5                   989  	DEC			Adjust for '-'
16A2  AC 02                990  	STB	2+?AH6,S		Resave
16A4                       991  * '%u' - Unsigned decimal number
16A4  08 0A                992  ?AH17	LDB	#10		Base 10 output
16A6  D3 02                993  	SJMP	?AH19		Do number
16A8                       994  * '%x' - heXidecimal number
16A8  08 10                995  ?AH18	LDB	#16		Base 16 output
16AA                       996  * Output a number in the specified number base
16AA  AC 06                997  ?AH19	STB	2+?AH3,S		Save number base
16AC  9C 0C                998  	LEAI	6+2+?AH3,S	Point to END of buffer
16AE  E7                   999  ?AH20	TIA			Get index
16AF  E5                  1000  	DEC			Backup
16B0  E6                  1001  	TAI			Set index
16B1  0C 03               1002  	LDB	2+?AH5,S		Get count
16B3  E4                  1003  	INC			Advance
16B4  AC 03               1004  	STB	2+?AH5,S		Resave
16B6  04 04               1005  	LD	2+?AH4,S		Get value
16B8  4C 06               1006  	DIVB	2+?AH3,S		Divide by 10
16BA  DC                  1007  	PUSHA			Save quotient
16BB  E9                  1008  	ALT			Get remainder
16BC  18 30               1009  	ADDB	#'0'		Convert to ASCII
16BE  AA                  1010  	STB	I		Write to stack
16BF  88 39               1011  	CMPB	#'9'		Is it HEX?
16C1  CE                  1012  	UGT			Complete test
16C2  D4 04               1013  	SJZ	?AH21		Yes it is
16C4  0A                  1014  	LDB	I		Get char back
16C5  18 07               1015  	ADDB	#7		Adjust
16C7  AA                  1016  	STB	I		Resave char
16C8  05                  1017  ?AH21	LD	S+		Get quotient
16C9  A4 04               1018  	ST	2+?AH4,S		Save new value
16CB  D5 E1               1019  	SJNZ	?AH20		Do them all
16CD                      1020  * At this point, I = pointer, ?5=Length
16CD  0C 03               1021  ?AH22	LDB	2+?AH5,S		Get count
16CF  AC 05               1022  	STB	3+?AH4,S		Set extra count
16D1  0C 02               1023  	LDB	2+?AH6,S		Get flag
16D3  58 80               1024  	ANDB	#%10000000	Left justify?
16D5  D5 03               1025  	SJNZ	?AH23		Yes, don't fill
16D7  D8 1B 17            1026  	CALL	?AH31		Do any pre-output
16DA  0C 05               1027  ?AH23	LDB	3+?AH4,S		Get count
16DC  D4 11               1028  	SJZ	?AH24		All done, exit
16DE  E5                  1029  	DEC			Reduce count
16DF  AC 05               1030  	STB	3+?AH4,S		Resave
16E1  0A                  1031  	LDB	I		Get character from string
16E2  9B 01               1032  	LEAI	1,I		Advance
16E4  DD                  1033  	PUSHI			Save it
16E5  DC                  1034  	PUSHA			Pass character
16E6  04 12               1035  	LD	6+?AH1,S		Get output function
16E8  D8 17 16            1036  	CALL	?AH9		Output character
16EB  05                  1037  	LD	S+		Clean stack
16EC  95                  1038  	LDI	S+		Restore I
16ED  D3 EB               1039  	SJMP	?AH23		Go again
16EF  0C 02               1040  ?AH24	LDB	2+?AH6,S		Get flag
16F1  58 80               1041  	ANDB	#%10000000	Left justify
16F3  D4 03               1042  	SJZ	?AH25		No, skip it
16F5  D8 1B 17            1043  	CALL	?AH31		Post justify
16F8  95                  1044  ?AH25	LDI	S+		Restore format string
DUNFIELD CFLEA ASSEMBLER: game                                         PAGE: 19

16F9  9B 01               1045  	LEAI	1,I		Advance pointer
16FB  D0 FF 15            1046  	JMP	?AH7		And proceed
16FE                      1047  * '%c' - output character
16FE  0C 04               1048  ?AH26	LDB	2+?AH4,S		Get character
1700  9C 06               1049  ?AH27	LEAI	2+?AH3,S		Point to buffer
1702  AA                  1050  	STB	I		Save it
1703  08 01               1051  	LDB	#1		Get 1
1705  AC 03               1052  	STB	2+?AH5,S
1707  D3 C4               1053  	SJMP	?AH22
1709                      1054  * '%s' - output string
1709  94 04               1055  ?AH28	LDI	2+?AH4,S		Get string pointer
170B  0A                  1056  ?AH29	LDB	I		Get character
170C  D4 09               1057  	SJZ	?AH30		End of string
170E  9B 01               1058  	LEAI	1,I		Skip to next
1710  0C 03               1059  	LDB	2+?AH5,S		Get count
1712  E4                  1060  	INC			Advance
1713  AC 03               1061  	STB	2+?AH5,S		Resave count
1715  D3 F4               1062  	SJMP	?AH29		And proceed
1717  94 04               1063  ?AH30	LDI	2+?AH4,S		Get pointer back
1719  D3 B2               1064  	SJMP	?AH22		And output
171B                      1065  * Perform pre-output justify
171B  0C 04               1066  ?AH31	LDB	4+?AH6,S		Get flag
171D  58 3F               1067  	ANDB	#%00111111	Save length only
171F  D4 23               1068  	SJZ	?AH35		No justify
1721  AC 06               1069  	STB	4+?AH4,S		Save for later
1723  DD                  1070  	PUSHI			Save index
1724  0C 07               1071  ?AH32	LDB	6+?AH5,S		Get count
1726  8C 08               1072  	CMPB	6+?AH4,S		Are we over
1728  CF                  1073  	UGE			Complete test
1729  D5 18               1074  	SJNZ	?AH34		Yes, exit
172B  0C 06               1075  	LDB	6+?AH6,S		Get flag
172D  58 40               1076  	ANDB	#%01000000	Zero fill?
172F  D4 02               1077  	SJZ	?AH33		No, use ' '
1731  08 10               1078  	LDB	#'0'-' '	Get value
1733  18 20               1079  ?AH33	ADDB	#' '		Convert to char
1735  DC                  1080  	PUSHA			Pass character
1736  04 14               1081  	LD	8+?AH1,S		Get output function
1738  D8 17 16            1082  	CALL	?AH9		Output character
173B  05                  1083  	LD	S+		Clean stack
173C  0C 08               1084  	LDB	6+?AH4,S		Get remaining width
173E  E5                  1085  	DEC			Reduce
173F  AC 08               1086  	STB	6+?AH4,S		Resave
1741  D3 E1               1087  	SJMP	?AH32		Do next
1743  95                  1088  ?AH34	LDI	S+		Restore index
1744  D9                  1089  ?AH35	RET
1745                      1090  *50000 22/5/2026
1745                      1091  *
1745                      1092  * DDS MICRO-C C-FLEA Runtime Library - Middle file
1745                      1093  *
1745                      1094  * Copyright 1991-2005 Dave Dunfield
1745                      1095  * All rights reserved.
1745                      1096  *
0000                      1097  	ORG	$0000		Start RAM based variables here
0000                      1098  ?temp	RMB	2		Temporary location used by compiler
0002                      1099  *50000 22/5/2026
0002                      1100  *
0002                      1101  * DDS MICRO-C C-FLEA Runtime Library - Suffix file
0002                      1102  *
DUNFIELD CFLEA ASSEMBLER: game                                         PAGE: 20

0002                      1103  * Copyright 1991-2005 Dave Dunfield
0002                      1104  * All rights reserved.
0002                      1105  *
0002                      1106  ?heap	EQU	*		Beginning of unused RAM
0002                      1107  *50000 22/5/2026
DUNFIELD CFLEA ASSEMBLER: game                                         PAGE: 21

SYMBOL TABLE:

?AB0    -1464   ?AB1    -1092   ?AB10   -115F   ?AB11   -116E   ?AB12   -116B
?AB13   -1172   ?AB14   -1177   ?AB15   -11BA   ?AB16   -1375   ?AB17   -11BA
?AB18   -11C2   ?AB19   -11C2   ?AB2    -10AA   ?AB20   -1201   ?AB21   -1209
?AB22   -1201   ?AB23   -11E9   ?AB24   -11CB   ?AB25   -11D1   ?AB26   -11D8
?AB27   -11DF   ?AB28   -11E6   ?AB29   -139A   ?AB3    -10B9   ?AB30   -1213
?AB31   -125B   ?AB32   -128D   ?AB33   -126C   ?AB34   -1265   ?AB35   -12C7
?AB36   -12B3   ?AB37   -1293   ?AB38   -129B   ?AB39   -12A3   ?AB4    -10D3
?AB40   -12AB   ?AB41   -12CB   ?AB42   -1312   ?AB43   -12DC   ?AB44   -12D5
?AB45   -130F   ?AB46   -1308   ?AB47   -1351   ?AB48   -134A   ?AB49   -134A
?AB5    -1104   ?AB50   -134A   ?AB51   -136D   ?AB52   -135D   ?AB53   -136D
?AB54   -1372   ?AB55   -1375   ?AB56   -138B   ?AB57   -1394   ?AB58   -13BE
?AB59   -13EC   ?AB6    -1149   ?AB60   -13CF   ?AB61   -13C8   ?AB62   -13EC
?AB63   -13EF   ?AB64   -142E   ?AB65   -1431   ?AB66   -1431   ?AB67   -1462
?AB68   -145F   ?AB69   -1453   ?AB7    -1119   ?AB70   -143A   ?AB71   -1440
?AB8    -1112   ?AB9    -115A   ?AC1    -150A   ?AC2    -150C   ?AD1    -1518
?AD2    -153D   ?AE1    -1540   ?AE2    -1548   ?AF1    -155D   ?AF2    -1565
?AG1    -15A4   ?AG2    -15A5   ?AG3    -15AB   ?AG4    -15B2   ?AG5    -15C2
?AG6    -15DB   ?AG7    -15EA   ?AG8    -15F4   ?AH1    -000C   ?AH10   -1618
?AH11   -162C   ?AH12   -1639   ?AH13   -164D   ?AH14   -1664   ?AH15   -1680
?AH16   -1684   ?AH17   -16A4   ?AH18   -16A8   ?AH19   -16AA   ?AH2    -000A
?AH20   -16AE   ?AH21   -16C8   ?AH22   -16CD   ?AH23   -16DA   ?AH24   -16EF
?AH25   -16F8   ?AH26   -16FE   ?AH27   -1700   ?AH28   -1709   ?AH29   -170B
?AH3    -0004   ?AH30   -1717   ?AH31   -171B   ?AH32   -1724   ?AH33   -1733
?AH34   -1743   ?AH35   -1744   ?AH4    -0002   ?AH5    -0001   ?AH6    -0000
?AH7    -15FF   ?AH8    -1614   ?AH9    -1617   ?heap   -0002   ?putch  -1579
?putchr -1585   ?putstr -156B   ?temp   -0000   chkch   -1595   chkchr  -15A6
clrscr  -103F   exit    -100B   format  -15F8   getch   -1588   getchr  -158E
getstr  -15A9   hline   -1085   main    -139D   memcpy  -1526   memset  -1516
menu    -10E9   menutxt -10E3   plotxy  -10D5   putch   -1577   putchr  -1583
putscentered            -1066   putstr  -1569   putsxy  -104F
read_video_stat         -101C   snake   -1175   sprintf -14F4   strcat  -153E
strcpy  -154A   strlen  -155B   vid_mode-1017   vline   -10AC
wait_active_top         -1037   wait_active_vid         -1037   wait_hsync              -102F
wait_hsync_top          -102F   wait_ms -100D   wait_ms_top             -100F
wait_nvsync             -1027   wait_nvsync_top         -1027   wait_vsync              -101F
wait_vsync_top          -101F
