DUNFIELD CFLEA ASSEMBLER: GPIO                                         PAGE: 1

0000                         1  *#cpu CFLEA
0000                         2  *
0000                         3  * DDS MICRO-C C-FLEA Runtime Library - Prefix file
0000                         4  *
0000                         5  * Copyright 1991-2005 Dave Dunfield
0000                         6  * All rights reserved.
0000                         7  *
1000                         8  	ORG	$1000		Place code in memory here
1000                         9  * Begin execution here... Setup stack, zero heap & call main()
1000  00 00 10              10  	LD	#*		Stack below here
1003  DE                    11  	TAS			Set up stack
1004  E0                    12  	CLR			Get zero
1005  A9 02 00              13  	STB	?heap		Zero heap
1008  D8 95 11              14  	CALL	main		Run main program
100B                        15  * Most embedded programs will never return or exit, however if they
100B                        16  * do, this section of code should do something appropriate, either
100B                        17  * restart the program, or stop the machine. For this system, we will
100B                        18  * simply freeze by entering an infinite loop.
100B  D3 FE                 19  exit	SJMP	*		Loop forever
100D                        20  *50000 22/5/2026
100D                        21  c_clrscr EQU *
100D  00 00 F8              22   LD #-2048
1010  DC                    23   PUSHA
1011  E0                    24   CLR
1012  DC                    25   PUSHA
1013  00 00 08              26   LD #2048
1016  DC                    27   PUSHA
1017  D8 C7 12              28   CALL memset
101A  DB 06                 29   FREE 6
101C  D9                    30   RET
101D                        31  c_scroll EQU *
101D  00 00 F8              32   LD #-2048
1020  DC                    33   PUSHA
1021  00 50 F8              34   LD #-1968
1024  DC                    35   PUSHA
1025  00 80 07              36   LD #1920
1028  DC                    37   PUSHA
1029  D8 D7 12              38   CALL memcpy
102C  DB 06                 39   FREE 6
102E  00 80 FF              40   LD #-128
1031  DC                    41   PUSHA
1032  08 20                 42   LDB #32
1034  DC                    43   PUSHA
1035  08 50                 44   LDB #80
1037  DC                    45   PUSHA
1038  D8 C7 12              46   CALL memset
103B  DB 06                 47   FREE 6
103D  D9                    48   RET
103E                        49  c_rewind EQU *
103E  90 FE FF              50   LDI #-2
1041  02                    51   LD I
1042  88 00                 52   CMPB #0
1044  D1 5F 10              53   JZ ?AB1
1047  90 FC FF              54   LDI #-4
104A  02                    55   LD I
104B  88 00                 56   CMPB #0
104D  D2 5C 10              57   JNZ ?AB2
1050  90 FC FF              58   LDI #-4
DUNFIELD CFLEA ASSEMBLER: GPIO                                         PAGE: 2

1053  02                    59   LD I
1054  E5                    60   DEC
1055  A2                    61   ST I
1056  90 FE FF              62   LDI #-2
1059  08 4F                 63   LDB #79
105B  A2                    64   ST I
105C                        65  ?AB2 EQU *
105C  D0 65 10              66   JMP ?AB3
105F                        67  ?AB1 EQU *
105F  90 FE FF              68   LDI #-2
1062  02                    69   LD I
1063  E5                    70   DEC
1064  A2                    71   ST I
1065                        72  ?AB3 EQU *
1065  D9                    73   RET
1066                        74  c_gotoxy EQU *
1066  90 FE FF              75   LDI #-2
1069  04 04                 76   LD 4,S
106B  A2                    77   ST I
106C  90 FC FF              78   LDI #-4
106F  04 02                 79   LD 2,S
1071  A2                    80   ST I
1072  D9                    81   RET
1073                        82  c_putc EQU *
1073  0C 02                 83   LDB 2,S
1075  88 0A                 84   CMPB #10
1077  D1 82 10              85   JZ ?AB4
107A  90 FE FF              86   LDI #-2
107D  E0                    87   CLR
107E  A2                    88   ST I
107F  D0 A7 10              89   JMP ?AB5
1082                        90  ?AB4 EQU *
1082  90 FC FF              91   LDI #-4
1085  02                    92   LD I
1086  38 50                 93   MULB #80
1088  90 FE FF              94   LDI #-2
108B  12                    95   ADD I
108C  90 00 F8              96   LDI #-2048
108F  E8                    97   ADAI
1090  0C 02                 98   LDB 2,S
1092  AA                    99   STB I
1093  90 FE FF             100   LDI #-2
1096  02                   101   LD I
1097  E4                   102   INC
1098  A2                   103   ST I
1099  90 FE FF             104   LDI #-2
109C  02                   105   LD I
109D  88 50                106   CMPB #80
109F  D1 BF 10             107   JZ ?AB6
10A2  90 FE FF             108   LDI #-2
10A5  E0                   109   CLR
10A6  A2                   110   ST I
10A7                       111  ?AB5 EQU *
10A7  90 FC FF             112   LDI #-4
10AA  02                   113   LD I
10AB  E4                   114   INC
10AC  A2                   115   ST I
10AD  90 FC FF             116   LDI #-4
DUNFIELD CFLEA ASSEMBLER: GPIO                                         PAGE: 3

10B0  02                   117   LD I
10B1  88 19                118   CMPB #25
10B3  D1 BF 10             119   JZ ?AB7
10B6  D8 1D 10             120   CALL c_scroll
10B9  90 FC FF             121   LDI #-4
10BC  08 18                122   LDB #24
10BE  A2                   123   ST I
10BF                       124  ?AB7 EQU *
10BF                       125  ?AB6 EQU *
10BF  D9                   126   RET
10C0                       127  c_puts EQU *
10C0                       128  ?AB8 EQU *
10C0  94 02                129   LDI 2,S
10C2  0A                   130   LDB I
10C3  D1 D6 10             131   JZ ?AB9
10C6  04 02                132   LD 2,S
10C8  E6                   133   TAI ;
10C9  E4                   134   INC
10CA  A4 02                135   ST 2,S
10CC  0A                   136   LDB I
10CD  DC                   137   PUSHA
10CE  D8 73 10             138   CALL c_putc
10D1  DB 02                139   FREE 2
10D3  D0 C0 10             140   JMP ?AB8
10D6                       141  ?AB9 EQU *
10D6  D9                   142   RET
10D7                       143  c_serin EQU *
10D7  EB 00                144  		IN $00
10D9  D9                   145   RET
10DA  DA 02                146  c_getc ALLOC 2
10DC                       147  ?AB10 EQU *
10DC  D8 D7 10             148   CALL c_serin
10DF  A4 00                149   ST 0,S
10E1                       150  ?AB11 EQU *
10E1  04 00                151   LD 0,S
10E3  80 FF FF             152   CMP #-1
10E6  D2 DC 10             153   JNZ ?AB10
10E9                       154  ?AB12 EQU *
10E9  04 00                155   LD 0,S
10EB                       156  ?AB13 EQU *
10EB  95                   157   LDI S+
10EC  D9                   158   RET
10ED  DA 06                159  c_gets ALLOC 6
10EF  04 0A                160   LD 10,S
10F1  A4 00                161   ST 0,S
10F3  04 0A                162   LD 10,S
10F5  14 08                163   ADD 8,S
10F7  28 01                164   SUBB #1
10F9  A4 02                165   ST 2,S
10FB                       166  ?AB14 EQU *
10FB  D8 DA 10             167   CALL c_getc
10FE  A4 04                168   ST 4,S
1100  88 08                169   CMPB #8
1102  D1 22 11             170   JZ ?AB16
1105  04 0A                171   LD 10,S
1107  84 00                172   CMP 0,S
1109  D2 1F 11             173   JNZ ?AB17
110C  04 0A                174   LD 10,S
DUNFIELD CFLEA ASSEMBLER: GPIO                                         PAGE: 4

110E  E5                   175   DEC
110F  A4 0A                176   ST 10,S
1111  D8 3E 10             177   CALL c_rewind
1114  08 20                178   LDB #32
1116  DC                   179   PUSHA
1117  D8 73 10             180   CALL c_putc
111A  DB 02                181   FREE 2
111C  D8 3E 10             182   CALL c_rewind
111F                       183  ?AB17 EQU *
111F  D0 4E 11             184   JMP ?AB18
1122                       185  ?AB16 EQU *
1122  04 04                186   LD 4,S
1124  88 0A                187   CMPB #10
1126  D5 04                188   SJNZ ?AB20
1128  04 04                189   LD 4,S
112A  88 0D                190   CMPB #13
112C                       191  ?AB20 EQU *
112C  D1 36 11             192   JZ ?AB19
112F  94 0A                193   LDI 10,S
1131  E0                   194   CLR
1132  AA                   195   STB I
1133  D0 51 11             196   JMP ?AB21
1136                       197  ?AB19 EQU *
1136  04 0A                198   LD 10,S
1138  84 02                199   CMP 2,S
113A  D2 4E 11             200   JNZ ?AB23
113D  04 0A                201   LD 10,S
113F  E6                   202   TAI ;
1140  E4                   203   INC
1141  A4 0A                204   ST 10,S
1143  04 04                205   LD 4,S
1145  AA                   206   STB I
1146  04 04                207   LD 4,S
1148  DC                   208   PUSHA
1149  D8 73 10             209   CALL c_putc
114C  DB 02                210   FREE 2
114E                       211  ?AB23 EQU *
114E                       212  ?AB22 EQU *
114E                       213  ?AB18 EQU *
114E  D0 FB 10             214   JMP ?AB14
1151                       215  ?AB15 EQU *
1151                       216  ?AB21 EQU *
1151  DB 06                217   FREE 6
1153  D9                   218   RET
1154                       219  wait_ms EQU *
1154  EA 11                220  		OUT $11			* clear timer
1156                       221  wait_ms_top
1156  EB 11                222  		IN $11			* read timer
1158  84 02                223  		CMP 2,S			* compare to ms 
115A  D1 56 11             224  		JZ wait_ms_top  * wait till ms passes
115D  D9                   225   RET
115E                       226  outport EQU *
115E  04 04                227   LD 4,S
1160  90 80 11             228   LDI #?AB25
1163  D7                   229   SWITCH
1164                       230  ?AB26 EQU *
1164  04 02                231  				LD 2,S
1166  EA 01                232  				OUT $01
DUNFIELD CFLEA ASSEMBLER: GPIO                                         PAGE: 5

1168  D0 94 11             233   JMP ?AB24
116B                       234  ?AB27 EQU *
116B  04 02                235  				LD 2,S
116D  EA 02                236  				OUT $02
116F  D0 94 11             237   JMP ?AB24
1172                       238  ?AB28 EQU *
1172  04 02                239  				LD 2,S
1174  EA 03                240  				OUT $03
1176  D0 94 11             241   JMP ?AB24
1179                       242  ?AB29 EQU *
1179  04 02                243  				LD 2,S
117B  EA 04                244  				OUT $04
117D  D0 94 11             245   JMP ?AB24
1180                       246  ?AB25 EQU *
1180  79 11 03 00 72 11 +  247   FDB ?AB29,3,?AB28,2,?AB27,1,?AB26,0,0,?AB24
1194                       248  ?AB24 EQU *
1194  D9                   249   RET
1195  DA 65                250  main ALLOC 101
1197  E0                   251   CLR
1198  A4 08                252   ST 8,S
119A                       253  ?AB30 EQU *
119A  04 08                254   LD 8,S
119C  88 04                255   CMPB #4
119E  CC                   256   ULT
119F  D5 0A                257   SJNZ ?AB32
11A1  D0 BC 11             258   JMP ?AB31
11A4                       259  ?AB33 EQU *
11A4  04 08                260   LD 8,S
11A6  E4                   261   INC
11A7  A4 08                262   ST 8,S
11A9  D3 EF                263   SJMP ?AB30
11AB                       264  ?AB32 EQU *
11AB  04 08                265   LD 8,S
11AD  38 02                266   MULB #2
11AF  9C 00                267   LEAI 0,S
11B1  E8                   268   ADAI
11B2  04 08                269   LD 8,S
11B4  38 02                270   MULB #2
11B6  18 01                271   ADDB #1
11B8  A2                   272   ST I
11B9  D0 A4 11             273   JMP ?AB33
11BC                       274  ?AB31 EQU *
11BC  D8 0D 10             275   CALL c_clrscr
11BF  00 69 12             276   LD #?AB0+0
11C2  DC                   277   PUSHA
11C3  D8 C0 10             278   CALL c_puts
11C6  DB 02                279   FREE 2
11C8  9C 0A                280   LEAI 10,S
11CA  DD                   281   PUSHI
11CB  08 0A                282   LDB #10
11CD  DC                   283   PUSHA
11CE  D8 ED 10             284   CALL c_gets
11D1  DB 04                285   FREE 4
11D3  9C 15                286   LEAI 21,S
11D5  DD                   287   PUSHI
11D6  00 82 12             288   LD #?AB0+25
11D9  DC                   289   PUSHA
11DA  9C 0E                290   LEAI 14,S
DUNFIELD CFLEA ASSEMBLER: GPIO                                         PAGE: 6

11DC  DD                   291   PUSHI
11DD  08 03                292   LDB #3
11DF  D8 A5 12             293   CALL sprintf
11E2  DB 06                294   FREE 6
11E4  9C 15                295   LEAI 21,S
11E6  DD                   296   PUSHI
11E7  D8 C0 10             297   CALL c_puts
11EA  DB 02                298   FREE 2
11EC                       299  ?AB34 EQU *
11EC  9C 15                300   LEAI 21,S
11EE  DD                   301   PUSHI
11EF  00 8F 12             302   LD #?AB0+38
11F2  DC                   303   PUSHA
11F3  9C 04                304   LEAI 4+0,S
11F5  02                   305   LD I
11F6  DC                   306   PUSHA
11F7  9C 08                307   LEAI 6+2,S
11F9  02                   308   LD I
11FA  DC                   309   PUSHA
11FB  9C 0C                310   LEAI 8+4,S
11FD  02                   311   LD I
11FE  DC                   312   PUSHA
11FF  9C 10                313   LEAI 10+6,S
1201  02                   314   LD I
1202  DC                   315   PUSHA
1203  08 06                316   LDB #6
1205  D8 A5 12             317   CALL sprintf
1208  DB 0C                318   FREE 12
120A  9C 15                319   LEAI 21,S
120C  DD                   320   PUSHI
120D  D8 C0 10             321   CALL c_puts
1210  DB 02                322   FREE 2
1212  08 FA                323   LDB #250
1214  DC                   324   PUSHA
1215  D8 54 11             325   CALL wait_ms
1218  DB 02                326   FREE 2
121A  E0                   327   CLR
121B  A4 08                328   ST 8,S
121D                       329  ?AB36 EQU *
121D  04 08                330   LD 8,S
121F  88 04                331   CMPB #4
1221  CC                   332   ULT
1222  D5 0A                333   SJNZ ?AB38
1224  D0 63 12             334   JMP ?AB37
1227                       335  ?AB39 EQU *
1227  04 08                336   LD 8,S
1229  E4                   337   INC
122A  A4 08                338   ST 8,S
122C  D3 EF                339   SJMP ?AB36
122E                       340  ?AB38 EQU *
122E  04 08                341   LD 8,S
1230  38 02                342   MULB #2
1232  9C 00                343   LEAI 0,S
1234  E8                   344   ADAI
1235  DD                   345   PUSHI
1236  04 0A                346   LD 10,S
1238  38 02                347   MULB #2
123A  9C 02                348   LEAI 2,S
DUNFIELD CFLEA ASSEMBLER: GPIO                                         PAGE: 7

123C  E8                   349   ADAI
123D  02                   350   LD I
123E  C0 01                351   SHL #1
1240  DC                   352   PUSHA
1241  04 0C                353   LD 12,S
1243  38 02                354   MULB #2
1245  9C 04                355   LEAI 4,S
1247  E8                   356   ADAI
1248  02                   357   LD I
1249  B8 07                358   SHR #7
124B  65                   359   OR S+
124C  58 FF                360   ANDB #255
124E  A6                   361   ST [S+]
124F  04 08                362   LD 8,S
1251  DC                   363   PUSHA
1252  04 0A                364   LD 10,S
1254  38 02                365   MULB #2
1256  9C 02                366   LEAI 2,S
1258  E8                   367   ADAI
1259  02                   368   LD I
125A  DC                   369   PUSHA
125B  D8 5E 11             370   CALL outport
125E  DB 04                371   FREE 4
1260  D0 27 12             372   JMP ?AB39
1263                       373  ?AB37 EQU *
1263  D0 EC 11             374   JMP ?AB34
1266                       375  ?AB35 EQU *
1266  DB 65                376   FREE 101
1268  D9                   377   RET
1269  48 65 6C 6C 6F 20 +  378  ?AB0 FCB 72,101,108,108,111,32,119,104,97,116,39,115,32,121,111,117
1279  72 20 6E 61 6D 65 +  379   FCB 114,32,110,97,109,101,63,10,0,10,72,101,108,108,111,32
1289  27 25 73 27 0A 00 +  380   FCB 39,37,115,39,10,0,118,97,108,115,58,32,37,120,44,32
1299  25 78 2C 20 25 78 +  381   FCB 37,120,44,32,37,120,44,32,37,120,10,0
12A5                       382  *
12A5                       383  * Formatted print to a string: sprintf(string, format, args ...)
12A5                       384  *
12A5  38 02                385  sprintf	MULB	#2		Word entries
12A7  9C 00                386  	LEAI	,S		Point to stack
12A9  E8                   387  	ADAI			Point to argument
12AA  02                   388  	LD	I		Get output pointer
12AB  A1 00 00             389  	ST	?temp		Save for later
12AE  E7                   390  	TIA			Point to it
12AF  E5                   391  	DEC			Backup
12B0  E5                   392  	DEC			Backup
12B1  E6                   393  	TAI			Back to index
12B2  00 BB 12             394  	LD	#?AC1		Output functino
12B5  D8 EF 12             395  	CALL	format		Format it
12B8  E0                   396  	CLR			Get zero
12B9  D3 02                397  	SJMP	?AC2		And write it
12BB  04 02                398  ?AC1	LD	2,S		Get character
12BD  91 00 00             399  ?AC2	LDI	?temp		Get output pointer
12C0  AA                   400  	STB	I		Write to memory
12C1  9B 01                401  	LEAI	1,I		Advance
12C3  B1 00 00             402  	STI	?temp		Resave
12C6  D9                   403  	RET
12C7                       404  *50000 22/5/2026
12C7                       405  *
12C7                       406  * Set memory to a specified value: memset(block, value, size)
DUNFIELD CFLEA ASSEMBLER: GPIO                                         PAGE: 8

12C7                       407  *
12C7  94 06                408  memset	LDI	6,S		Get pointer
12C9  04 02                409  ?AD1	LD	2,S		Get size
12CB  D4 21                410  	SJZ	?AD2		Zero, exit
12CD  E5                   411  	DEC			Backup
12CE  A4 02                412  	ST	2,S		Resave
12D0  04 04                413  	LD	4,S		Get value
12D2  AA                   414  	STB	I		Write to memory
12D3  9B 01                415  	LEAI	1,I		Advance
12D5  D3 F2                416  	SJMP	?AD1		And proceed
12D7                       417  *
12D7                       418  * Copy memory: memcpy(dest, source, size)
12D7                       419  *
12D7  04 02                420  memcpy	LD	2,S		Get size
12D9  D4 13                421  	SJZ	?AD2		Zero, exit
12DB  E5                   422  	DEC			Reduce count
12DC  A4 02                423  	ST	2,S		Resave
12DE  94 04                424  	LDI	4,S		Get source
12E0  0A                   425  	LDB	I		Get byte
12E1  9B 01                426  	LEAI	1,I		Advance
12E3  B4 04                427  	STI	4,S		Resave
12E5  94 06                428  	LDI	6,S		Get dest
12E7  AA                   429  	STB	I		Write byte
12E8  9B 01                430  	LEAI	1,I		Advance
12EA  B4 06                431  	STI	6,S		Resave
12EC  D3 E9                432  	SJMP	memcpy		And proceed
12EE  D9                   433  ?AD2	RET
12EF                       434  *50000 22/5/2026
12EF                       435  *
12EF                       436  * Format to "printf" output: A=Output Function, I = Argument List
12EF                       437  *
12EF  DC                   438  format	PUSHA			Save output function pointer
12F0  DD                   439  	PUSHI			Save argument pointer
12F1  DA 0A                440  	ALLOC	10		Save  flag variable
12F3                       441  * Local variable & argument offsets
000C                       442  ?AE1	EQU	12		Pointer to output function
000A                       443  ?AE2	EQU	10		Pointer to argument list
0004                       444  ?AE3	EQU	4		Buffer for number conversions (6 bytes)
0002                       445  ?AE4	EQU	2		Temporary locations
0001                       446  ?AE5	EQU	1		Character count
0000                       447  ?AE6	EQU	0		Formatting controls
12F3                       448  *
12F3  94 0A                449  	LDI	?AE2,S		Get arg pointer
12F5  92                   450  	LDI	I		Get format string
12F6  0A                   451  ?AE7	LDB	I		Get character from string
12F7  D4 12                452  	SJZ	?AE8		Exit if end
12F9  88 25                453  	CMPB	#'%'		Format character
12FB  D5 12                454  	SJNZ	?AE10		Yes, handle it
12FD  0A                   455  	LDB	I		Get char back
12FE  9B 01                456  	LEAI	1,I		Advance pointer
1300  DD                   457  	PUSHI			Save Index
1301  DC                   458  	PUSHA			Pass character
1302  04 10                459  	LD	4+?AE1,S		Get output function
1304  D8 0E 13             460  	CALL	?AE9		Output the character
1307  05                   461  	LD	S+		Clean stack
1308  95                   462  	LDI	S+		Get Index back
1309  D3 EB                463  	SJMP	?AE7		And proceed
130B  DB 0E                464  ?AE8	FREE	14		Release stack
DUNFIELD CFLEA ASSEMBLER: GPIO                                         PAGE: 9

130D  D9                   465  	RET
130E                       466  * Call output function in A
130E  D6                   467  ?AE9	IJMP			Call function
130F                       468  * Format character located
130F  9B 01                469  ?AE10	LEAI	1,I		Skip to next
1311  E0                   470  	CLR			Begin with zero
1312  A4 02                471  	ST	?AE4,S		Save for later
1314                       472  * Check for leading '-' = Left justify
1314  AC 00                473  	STB	?AE6,S		Init. flag
1316  AC 01                474  	STB	?AE5,S		Init. count
1318  0A                   475  	LDB	I		Get char
1319  88 2D                476  	CMPB	#'-'		Minus?
131B  D4 06                477  	SJZ	?AE11		No, try next
131D  9B 01                478  	LEAI	1,I		Advance pointer
131F  08 80                479  	LDB	#%10000000	Set justify flag
1321  AC 00                480  	STB	?AE6,S		Resave
1323                       481  * Check for leading '0' = Zero fill
1323  0A                   482  ?AE11	LDB	I		Get char back
1324  88 30                483  	CMPB	#'0'		Zero fill?
1326  D4 08                484  	SJZ	?AE12		No, try next
1328  9B 01                485  	LEAI	1,I		Advance
132A  0C 00                486  	LDB	?AE6,S		Get value
132C  68 40                487  	ORB	#%01000000	Set zero fill flag
132E  AC 00                488  	STB	?AE6,S		Resave
1330                       489  * Get field width
1330  0A                   490  ?AE12	LDB	I		Get character
1331  28 30                491  	SUBB	#'0'		Convert to binary
1333  DC                   492  	PUSHA			Save
1334  88 0A                493  	CMPB	#10		In range?
1336  CC                   494  	ULT			Must be less than
1337  D4 0B                495  	SJZ	?AE13		Nope
1339  9B 01                496  	LEAI	1,I		Skip digit
133B  04 04                497  	LD	2+?AE4,S		Get old value
133D  38 0A                498  	MULB	#10		x10
133F  15                   499  	ADD	S+		Include new
1340  A4 02                500  	ST	?AE4,S		Resave
1342  D3 EC                501  	SJMP	?AE12		Do them all
1344  05                   502  ?AE13	LD	S+		Clear stack
1345  04 02                503  	LD	?AE4,S		Get value
1347  6C 00                504  	ORB	?AE6,S		Include previous flags
1349  AC 00                505  	STB	?AE6,S		Resave
134B                       506  * Lookup character & dispatch handler
134B  DD                   507  	PUSHI			Save format pointer
134C  04 0C                508  	LD	2+?AE2,S		Get argptr
134E  E5                   509  	DEC			Backup
134F  E5                   510  	DEC			Backup
1350  A4 0C                511  	ST	2+?AE2,S		Resave
1352  E6                   512  	TAI			Address
1353  02                   513  	LD	I		Get value
1354  A4 04                514  	ST	2+?AE4,S		Resave
1356  0F                   515  	LDB	[S]		Get next character
1357  99 5B 13             516  	LEAI	?AE14		Point to table
135A  D7                   517  	SWITCH			Lookup & execute
135B  77 13 6F 00          518  ?AE14	FDB	?AE15,'o'		Octal number
135F  7B 13 64 00          519  	FDB	?AE16,'d'		Decimal number
1363  9B 13 75 00          520  	FDB	?AE17,'u'		Unsigned number
1367  9F 13 78 00          521  	FDB	?AE18,'x'		Hexidecimal number
136B  F5 13 63 00          522  	FDB	?AE26,'c'		Character output
DUNFIELD CFLEA ASSEMBLER: GPIO                                         PAGE: 10

136F  00 14 73 00          523  	FDB	?AE28,'s'		String output
1373  00 00 F7 13          524  	FDB	0,?AE27		Ignore it
1377                       525  * '%o' - Octal number
1377  08 08                526  ?AE15	LDB	#8		Base 8
1379  D3 26                527  	SJMP	?AE19		Do number
137B                       528  * '%d' - signed Decimal number
137B  04 04                529  ?AE16	LD	2+?AE4,S		Get value
137D  50 00 80             530  	AND	#$8000		Negatve?
1380  D4 19                531  	SJZ	?AE17		Nothing special
1382  08 2D                532  	LDB	#'-'		Minus size
1384  DC                   533  	PUSHA			Pass to function
1385  04 10                534  	LD	4+?AE1,S		Get output function
1387  D8 0E 13             535  	CALL	?AE9		Call function
138A  05                   536  	LD	S+		Clean stack
138B  04 04                537  	LD	2+?AE4,S		Get value
138D  E2                   538  	NEG			Negate
138E  A4 04                539  	ST	2+?AE4,S		And prcoeed
1390  0C 02                540  	LDB	2+?AE6,S		Get length
1392  58 7F                541  	ANDB	#%001111111	Free format?
1394  D4 05                542  	SJZ	?AE17		Yes, ignore
1396  0C 02                543  	LDB	2+?AE6,S		Get value back
1398  E5                   544  	DEC			Adjust for '-'
1399  AC 02                545  	STB	2+?AE6,S		Resave
139B                       546  * '%u' - Unsigned decimal number
139B  08 0A                547  ?AE17	LDB	#10		Base 10 output
139D  D3 02                548  	SJMP	?AE19		Do number
139F                       549  * '%x' - heXidecimal number
139F  08 10                550  ?AE18	LDB	#16		Base 16 output
13A1                       551  * Output a number in the specified number base
13A1  AC 06                552  ?AE19	STB	2+?AE3,S		Save number base
13A3  9C 0C                553  	LEAI	6+2+?AE3,S	Point to END of buffer
13A5  E7                   554  ?AE20	TIA			Get index
13A6  E5                   555  	DEC			Backup
13A7  E6                   556  	TAI			Set index
13A8  0C 03                557  	LDB	2+?AE5,S		Get count
13AA  E4                   558  	INC			Advance
13AB  AC 03                559  	STB	2+?AE5,S		Resave
13AD  04 04                560  	LD	2+?AE4,S		Get value
13AF  4C 06                561  	DIVB	2+?AE3,S		Divide by 10
13B1  DC                   562  	PUSHA			Save quotient
13B2  E9                   563  	ALT			Get remainder
13B3  18 30                564  	ADDB	#'0'		Convert to ASCII
13B5  AA                   565  	STB	I		Write to stack
13B6  88 39                566  	CMPB	#'9'		Is it HEX?
13B8  CE                   567  	UGT			Complete test
13B9  D4 04                568  	SJZ	?AE21		Yes it is
13BB  0A                   569  	LDB	I		Get char back
13BC  18 07                570  	ADDB	#7		Adjust
13BE  AA                   571  	STB	I		Resave char
13BF  05                   572  ?AE21	LD	S+		Get quotient
13C0  A4 04                573  	ST	2+?AE4,S		Save new value
13C2  D5 E1                574  	SJNZ	?AE20		Do them all
13C4                       575  * At this point, I = pointer, ?5=Length
13C4  0C 03                576  ?AE22	LDB	2+?AE5,S		Get count
13C6  AC 05                577  	STB	3+?AE4,S		Set extra count
13C8  0C 02                578  	LDB	2+?AE6,S		Get flag
13CA  58 80                579  	ANDB	#%10000000	Left justify?
13CC  D5 03                580  	SJNZ	?AE23		Yes, don't fill
DUNFIELD CFLEA ASSEMBLER: GPIO                                         PAGE: 11

13CE  D8 12 14             581  	CALL	?AE31		Do any pre-output
13D1  0C 05                582  ?AE23	LDB	3+?AE4,S		Get count
13D3  D4 11                583  	SJZ	?AE24		All done, exit
13D5  E5                   584  	DEC			Reduce count
13D6  AC 05                585  	STB	3+?AE4,S		Resave
13D8  0A                   586  	LDB	I		Get character from string
13D9  9B 01                587  	LEAI	1,I		Advance
13DB  DD                   588  	PUSHI			Save it
13DC  DC                   589  	PUSHA			Pass character
13DD  04 12                590  	LD	6+?AE1,S		Get output function
13DF  D8 0E 13             591  	CALL	?AE9		Output character
13E2  05                   592  	LD	S+		Clean stack
13E3  95                   593  	LDI	S+		Restore I
13E4  D3 EB                594  	SJMP	?AE23		Go again
13E6  0C 02                595  ?AE24	LDB	2+?AE6,S		Get flag
13E8  58 80                596  	ANDB	#%10000000	Left justify
13EA  D4 03                597  	SJZ	?AE25		No, skip it
13EC  D8 12 14             598  	CALL	?AE31		Post justify
13EF  95                   599  ?AE25	LDI	S+		Restore format string
13F0  9B 01                600  	LEAI	1,I		Advance pointer
13F2  D0 F6 12             601  	JMP	?AE7		And proceed
13F5                       602  * '%c' - output character
13F5  0C 04                603  ?AE26	LDB	2+?AE4,S		Get character
13F7  9C 06                604  ?AE27	LEAI	2+?AE3,S		Point to buffer
13F9  AA                   605  	STB	I		Save it
13FA  08 01                606  	LDB	#1		Get 1
13FC  AC 03                607  	STB	2+?AE5,S
13FE  D3 C4                608  	SJMP	?AE22
1400                       609  * '%s' - output string
1400  94 04                610  ?AE28	LDI	2+?AE4,S		Get string pointer
1402  0A                   611  ?AE29	LDB	I		Get character
1403  D4 09                612  	SJZ	?AE30		End of string
1405  9B 01                613  	LEAI	1,I		Skip to next
1407  0C 03                614  	LDB	2+?AE5,S		Get count
1409  E4                   615  	INC			Advance
140A  AC 03                616  	STB	2+?AE5,S		Resave count
140C  D3 F4                617  	SJMP	?AE29		And proceed
140E  94 04                618  ?AE30	LDI	2+?AE4,S		Get pointer back
1410  D3 B2                619  	SJMP	?AE22		And output
1412                       620  * Perform pre-output justify
1412  0C 04                621  ?AE31	LDB	4+?AE6,S		Get flag
1414  58 3F                622  	ANDB	#%00111111	Save length only
1416  D4 23                623  	SJZ	?AE35		No justify
1418  AC 06                624  	STB	4+?AE4,S		Save for later
141A  DD                   625  	PUSHI			Save index
141B  0C 07                626  ?AE32	LDB	6+?AE5,S		Get count
141D  8C 08                627  	CMPB	6+?AE4,S		Are we over
141F  CF                   628  	UGE			Complete test
1420  D5 18                629  	SJNZ	?AE34		Yes, exit
1422  0C 06                630  	LDB	6+?AE6,S		Get flag
1424  58 40                631  	ANDB	#%01000000	Zero fill?
1426  D4 02                632  	SJZ	?AE33		No, use ' '
1428  08 10                633  	LDB	#'0'-' '	Get value
142A  18 20                634  ?AE33	ADDB	#' '		Convert to char
142C  DC                   635  	PUSHA			Pass character
142D  04 14                636  	LD	8+?AE1,S		Get output function
142F  D8 0E 13             637  	CALL	?AE9		Output character
1432  05                   638  	LD	S+		Clean stack
DUNFIELD CFLEA ASSEMBLER: GPIO                                         PAGE: 12

1433  0C 08                639  	LDB	6+?AE4,S		Get remaining width
1435  E5                   640  	DEC			Reduce
1436  AC 08                641  	STB	6+?AE4,S		Resave
1438  D3 E1                642  	SJMP	?AE32		Do next
143A  95                   643  ?AE34	LDI	S+		Restore index
143B  D9                   644  ?AE35	RET
143C                       645  *50000 22/5/2026
143C                       646  *
143C                       647  * DDS MICRO-C C-FLEA Runtime Library - Middle file
143C                       648  *
143C                       649  * Copyright 1991-2005 Dave Dunfield
143C                       650  * All rights reserved.
143C                       651  *
0000                       652  	ORG	$0000		Start RAM based variables here
0000                       653  ?temp	RMB	2		Temporary location used by compiler
0002                       654  *50000 22/5/2026
0002                       655  *
0002                       656  * DDS MICRO-C C-FLEA Runtime Library - Suffix file
0002                       657  *
0002                       658  * Copyright 1991-2005 Dave Dunfield
0002                       659  * All rights reserved.
0002                       660  *
0002                       661  ?heap	EQU	*		Beginning of unused RAM
0002                       662  *50000 22/5/2026
DUNFIELD CFLEA ASSEMBLER: GPIO                                         PAGE: 13

SYMBOL TABLE:

?AB0    -1269   ?AB1    -105F   ?AB10   -10DC   ?AB11   -10E1   ?AB12   -10E9
?AB13   -10EB   ?AB14   -10FB   ?AB15   -1151   ?AB16   -1122   ?AB17   -111F
?AB18   -114E   ?AB19   -1136   ?AB2    -105C   ?AB20   -112C   ?AB21   -1151
?AB22   -114E   ?AB23   -114E   ?AB24   -1194   ?AB25   -1180   ?AB26   -1164
?AB27   -116B   ?AB28   -1172   ?AB29   -1179   ?AB3    -1065   ?AB30   -119A
?AB31   -11BC   ?AB32   -11AB   ?AB33   -11A4   ?AB34   -11EC   ?AB35   -1266
?AB36   -121D   ?AB37   -1263   ?AB38   -122E   ?AB39   -1227   ?AB4    -1082
?AB5    -10A7   ?AB6    -10BF   ?AB7    -10BF   ?AB8    -10C0   ?AB9    -10D6
?AC1    -12BB   ?AC2    -12BD   ?AD1    -12C9   ?AD2    -12EE   ?AE1    -000C
?AE10   -130F   ?AE11   -1323   ?AE12   -1330   ?AE13   -1344   ?AE14   -135B
?AE15   -1377   ?AE16   -137B   ?AE17   -139B   ?AE18   -139F   ?AE19   -13A1
?AE2    -000A   ?AE20   -13A5   ?AE21   -13BF   ?AE22   -13C4   ?AE23   -13D1
?AE24   -13E6   ?AE25   -13EF   ?AE26   -13F5   ?AE27   -13F7   ?AE28   -1400
?AE29   -1402   ?AE3    -0004   ?AE30   -140E   ?AE31   -1412   ?AE32   -141B
?AE33   -142A   ?AE34   -143A   ?AE35   -143B   ?AE4    -0002   ?AE5    -0001
?AE6    -0000   ?AE7    -12F6   ?AE8    -130B   ?AE9    -130E   ?heap   -0002
?temp   -0000   c_clrscr-100D   c_getc  -10DA   c_gets  -10ED   c_gotoxy-1066
c_putc  -1073   c_puts  -10C0   c_rewind-103E   c_scroll-101D   c_serin -10D7
exit    -100B   format  -12EF   main    -1195   memcpy  -12D7   memset  -12C7
outport -115E   sprintf -12A5   wait_ms -1154   wait_ms_top             -1156
