DUNFIELD CFLEA ASSEMBLER: GPIO                                         PAGE: 1

0000                         1  *#cpu CFLEA
0000                         2  *
0000                         3  * DDS MICRO-C C-FLEA Runtime Library - Prefix file
0000                         4  *
0000                         5  * Copyright 1991-2005 Dave Dunfield
0000                         6  * All rights reserved.
0000                         7  *
1000                         8  	ORG	$1000		Place code in memory here
1000                         9  * Begin execution here... Setup stack, zero heap & call main()
1000  00 00 10              10  	LD	#*		Stack below here
1003  DE                    11  	TAS			Set up stack
1004  E0                    12  	CLR			Get zero
1005  A9 02 00              13  	STB	?heap		Zero heap
1008  D8 01 14              14  	CALL	main		Run main program
100B                        15  * Most embedded programs will never return or exit, however if they
100B                        16  * do, this section of code should do something appropriate, either
100B                        17  * restart the program, or stop the machine. For this system, we will
100B                        18  * simply freeze by entering an infinite loop.
100B  D3 FE                 19  exit	SJMP	*		Loop forever
100D                        20  *50000 22/5/2026
100D                        21  c_clrscr EQU *
100D  00 00 F8              22   LD #-2048
1010  DC                    23   PUSHA
1011  E0                    24   CLR
1012  DC                    25   PUSHA
1013  00 00 08              26   LD #2048
1016  DC                    27   PUSHA
1017  D8 E9 15              28   CALL memset
101A  DB 06                 29   FREE 6
101C  D9                    30   RET
101D                        31  c_scroll EQU *
101D  00 00 F8              32   LD #-2048
1020  DC                    33   PUSHA
1021  00 50 F8              34   LD #-1968
1024  DC                    35   PUSHA
1025  00 80 07              36   LD #1920
1028  DC                    37   PUSHA
1029  D8 F9 15              38   CALL memcpy
102C  DB 06                 39   FREE 6
102E  00 80 FF              40   LD #-128
1031  DC                    41   PUSHA
1032  08 20                 42   LDB #32
1034  DC                    43   PUSHA
1035  08 50                 44   LDB #80
1037  DC                    45   PUSHA
1038  D8 E9 15              46   CALL memset
103B  DB 06                 47   FREE 6
103D  D9                    48   RET
103E                        49  c_rewind EQU *
103E  90 FE FF              50   LDI #-2
1041  02                    51   LD I
1042  88 00                 52   CMPB #0
1044  D1 5F 10              53   JZ ?AB1
1047  90 FC FF              54   LDI #-4
104A  02                    55   LD I
104B  88 00                 56   CMPB #0
104D  D2 5C 10              57   JNZ ?AB2
1050  90 FC FF              58   LDI #-4
DUNFIELD CFLEA ASSEMBLER: GPIO                                         PAGE: 2

1053  02                    59   LD I
1054  E5                    60   DEC
1055  A2                    61   ST I
1056  90 FE FF              62   LDI #-2
1059  08 4F                 63   LDB #79
105B  A2                    64   ST I
105C                        65  ?AB2 EQU *
105C  D0 65 10              66   JMP ?AB3
105F                        67  ?AB1 EQU *
105F  90 FE FF              68   LDI #-2
1062  02                    69   LD I
1063  E5                    70   DEC
1064  A2                    71   ST I
1065                        72  ?AB3 EQU *
1065  D9                    73   RET
1066                        74  c_gotoxy EQU *
1066  90 FE FF              75   LDI #-2
1069  04 04                 76   LD 4,S
106B  A2                    77   ST I
106C  90 FC FF              78   LDI #-4
106F  04 02                 79   LD 2,S
1071  A2                    80   ST I
1072  D9                    81   RET
1073                        82  c_putc EQU *
1073  0C 02                 83   LDB 2,S
1075  88 0A                 84   CMPB #10
1077  D1 82 10              85   JZ ?AB4
107A  90 FE FF              86   LDI #-2
107D  E0                    87   CLR
107E  A2                    88   ST I
107F  D0 A7 10              89   JMP ?AB5
1082                        90  ?AB4 EQU *
1082  90 FC FF              91   LDI #-4
1085  02                    92   LD I
1086  38 50                 93   MULB #80
1088  90 FE FF              94   LDI #-2
108B  12                    95   ADD I
108C  90 00 F8              96   LDI #-2048
108F  E8                    97   ADAI
1090  0C 02                 98   LDB 2,S
1092  AA                    99   STB I
1093  90 FE FF             100   LDI #-2
1096  02                   101   LD I
1097  E4                   102   INC
1098  A2                   103   ST I
1099  90 FE FF             104   LDI #-2
109C  02                   105   LD I
109D  88 50                106   CMPB #80
109F  D1 BF 10             107   JZ ?AB6
10A2  90 FE FF             108   LDI #-2
10A5  E0                   109   CLR
10A6  A2                   110   ST I
10A7                       111  ?AB5 EQU *
10A7  90 FC FF             112   LDI #-4
10AA  02                   113   LD I
10AB  E4                   114   INC
10AC  A2                   115   ST I
10AD  90 FC FF             116   LDI #-4
DUNFIELD CFLEA ASSEMBLER: GPIO                                         PAGE: 3

10B0  02                   117   LD I
10B1  88 19                118   CMPB #25
10B3  D1 BF 10             119   JZ ?AB7
10B6  D8 1D 10             120   CALL c_scroll
10B9  90 FC FF             121   LDI #-4
10BC  08 18                122   LDB #24
10BE  A2                   123   ST I
10BF                       124  ?AB7 EQU *
10BF                       125  ?AB6 EQU *
10BF  D9                   126   RET
10C0                       127  c_puts EQU *
10C0                       128  ?AB8 EQU *
10C0  94 02                129   LDI 2,S
10C2  0A                   130   LDB I
10C3  D1 D6 10             131   JZ ?AB9
10C6  04 02                132   LD 2,S
10C8  E6                   133   TAI ;
10C9  E4                   134   INC
10CA  A4 02                135   ST 2,S
10CC  0A                   136   LDB I
10CD  DC                   137   PUSHA
10CE  D8 73 10             138   CALL c_putc
10D1  DB 02                139   FREE 2
10D3  D0 C0 10             140   JMP ?AB8
10D6                       141  ?AB9 EQU *
10D6  D9                   142   RET
10D7                       143  c_serin EQU *
10D7  EB 00                144  		IN $00
10D9  D9                   145   RET
10DA  DA 02                146  c_getc ALLOC 2
10DC                       147  ?AB10 EQU *
10DC  D8 D7 10             148   CALL c_serin
10DF  A4 00                149   ST 0,S
10E1                       150  ?AB11 EQU *
10E1  04 00                151   LD 0,S
10E3  80 FF FF             152   CMP #-1
10E6  D2 DC 10             153   JNZ ?AB10
10E9                       154  ?AB12 EQU *
10E9  04 00                155   LD 0,S
10EB                       156  ?AB13 EQU *
10EB  95                   157   LDI S+
10EC  D9                   158   RET
10ED  DA 06                159  c_gets ALLOC 6
10EF  04 0A                160   LD 10,S
10F1  A4 00                161   ST 0,S
10F3  04 0A                162   LD 10,S
10F5  14 08                163   ADD 8,S
10F7  28 01                164   SUBB #1
10F9  A4 02                165   ST 2,S
10FB                       166  ?AB14 EQU *
10FB  D8 DA 10             167   CALL c_getc
10FE  A4 04                168   ST 4,S
1100  88 08                169   CMPB #8
1102  D1 22 11             170   JZ ?AB16
1105  04 0A                171   LD 10,S
1107  84 00                172   CMP 0,S
1109  D2 1F 11             173   JNZ ?AB17
110C  04 0A                174   LD 10,S
DUNFIELD CFLEA ASSEMBLER: GPIO                                         PAGE: 4

110E  E5                   175   DEC
110F  A4 0A                176   ST 10,S
1111  D8 3E 10             177   CALL c_rewind
1114  08 20                178   LDB #32
1116  DC                   179   PUSHA
1117  D8 73 10             180   CALL c_putc
111A  DB 02                181   FREE 2
111C  D8 3E 10             182   CALL c_rewind
111F                       183  ?AB17 EQU *
111F  D0 4E 11             184   JMP ?AB18
1122                       185  ?AB16 EQU *
1122  04 04                186   LD 4,S
1124  88 0A                187   CMPB #10
1126  D5 04                188   SJNZ ?AB20
1128  04 04                189   LD 4,S
112A  88 0D                190   CMPB #13
112C                       191  ?AB20 EQU *
112C  D1 36 11             192   JZ ?AB19
112F  94 0A                193   LDI 10,S
1131  E0                   194   CLR
1132  AA                   195   STB I
1133  D0 51 11             196   JMP ?AB21
1136                       197  ?AB19 EQU *
1136  04 0A                198   LD 10,S
1138  84 02                199   CMP 2,S
113A  D2 4E 11             200   JNZ ?AB23
113D  04 0A                201   LD 10,S
113F  E6                   202   TAI ;
1140  E4                   203   INC
1141  A4 0A                204   ST 10,S
1143  04 04                205   LD 4,S
1145  AA                   206   STB I
1146  04 04                207   LD 4,S
1148  DC                   208   PUSHA
1149  D8 73 10             209   CALL c_putc
114C  DB 02                210   FREE 2
114E                       211  ?AB23 EQU *
114E                       212  ?AB22 EQU *
114E                       213  ?AB18 EQU *
114E  D0 FB 10             214   JMP ?AB14
1151                       215  ?AB15 EQU *
1151                       216  ?AB21 EQU *
1151  DB 06                217   FREE 6
1153  D9                   218   RET
1154  DA 04                219  c_box ALLOC 4
1156  90 FA FF             220   LDI #-6
1159  DD                   221   PUSHI
115A  90 FE FF             222   LDI #-2
115D  02                   223   LD I
115E  A6                   224   ST [S+]
115F  90 F8 FF             225   LDI #-8
1162  DD                   226   PUSHI
1163  90 FC FF             227   LDI #-4
1166  02                   228   LD I
1167  A6                   229   ST [S+]
1168  04 0C                230   LD 12,S
116A  A4 00                231   ST 0,S
116C                       232  ?AB24 EQU *
DUNFIELD CFLEA ASSEMBLER: GPIO                                         PAGE: 5

116C  04 00                233   LD 0,S
116E  84 08                234   CMP 8,S
1170  CC                   235   ULT
1171  D5 0A                236   SJNZ ?AB26
1173  D0 AB 11             237   JMP ?AB25
1176                       238  ?AB27 EQU *
1176  04 00                239   LD 0,S
1178  E4                   240   INC
1179  A4 00                241   ST 0,S
117B  D3 EF                242   SJMP ?AB24
117D                       243  ?AB26 EQU *
117D  04 0A                244   LD 10,S
117F  A4 02                245   ST 2,S
1181                       246  ?AB28 EQU *
1181  04 02                247   LD 2,S
1183  84 06                248   CMP 6,S
1185  CC                   249   ULT
1186  D5 0A                250   SJNZ ?AB30
1188  D0 A8 11             251   JMP ?AB29
118B                       252  ?AB31 EQU *
118B  04 02                253   LD 2,S
118D  E4                   254   INC
118E  A4 02                255   ST 2,S
1190  D3 EF                256   SJMP ?AB28
1192                       257  ?AB30 EQU *
1192  04 00                258   LD 0,S
1194  DC                   259   PUSHA
1195  04 04                260   LD 4,S
1197  DC                   261   PUSHA
1198  D8 66 10             262   CALL c_gotoxy
119B  DB 04                263   FREE 4
119D  08 20                264   LDB #32
119F  DC                   265   PUSHA
11A0  D8 73 10             266   CALL c_putc
11A3  DB 02                267   FREE 2
11A5  D0 8B 11             268   JMP ?AB31
11A8                       269  ?AB29 EQU *
11A8  D0 76 11             270   JMP ?AB27
11AB                       271  ?AB25 EQU *
11AB  04 0C                272   LD 12,S
11AD  DC                   273   PUSHA ;
11AE  04 0C                274   LD 12,S
11B0  DC                   275   PUSHA
11B1  D8 66 10             276   CALL c_gotoxy
11B4  DB 04                277   FREE 4
11B6  08 C9                278   LDB #201
11B8  DC                   279   PUSHA
11B9  D8 73 10             280   CALL c_putc
11BC  DB 02                281   FREE 2
11BE  04 0C                282   LD 12,S
11C0  DC                   283   PUSHA
11C1  04 08                284   LD 8,S
11C3  DC                   285   PUSHA
11C4  D8 66 10             286   CALL c_gotoxy
11C7  DB 04                287   FREE 4
11C9  08 C8                288   LDB #200
11CB  DC                   289   PUSHA
11CC  D8 73 10             290   CALL c_putc
DUNFIELD CFLEA ASSEMBLER: GPIO                                         PAGE: 6

11CF  DB 02                291   FREE 2
11D1  04 08                292   LD 8,S
11D3  DC                   293   PUSHA
11D4  04 0C                294   LD 12,S
11D6  DC                   295   PUSHA
11D7  D8 66 10             296   CALL c_gotoxy
11DA  DB 04                297   FREE 4
11DC  08 BB                298   LDB #187
11DE  DC                   299   PUSHA
11DF  D8 73 10             300   CALL c_putc
11E2  DB 02                301   FREE 2
11E4  04 08                302   LD 8,S
11E6  DC                   303   PUSHA ;
11E7  04 08                304   LD 8,S
11E9  DC                   305   PUSHA
11EA  D8 66 10             306   CALL c_gotoxy
11ED  DB 04                307   FREE 4
11EF  08 BC                308   LDB #188
11F1  DC                   309   PUSHA
11F2  D8 73 10             310   CALL c_putc
11F5  DB 02                311   FREE 2
11F7  04 0C                312   LD 12,S
11F9  18 01                313   ADDB #1
11FB  A4 00                314   ST 0,S
11FD                       315  ?AB32 EQU *
11FD  04 00                316   LD 0,S
11FF  84 08                317   CMP 8,S
1201  CC                   318   ULT
1202  D5 0A                319   SJNZ ?AB34
1204  D0 37 12             320   JMP ?AB33
1207                       321  ?AB35 EQU *
1207  04 00                322   LD 0,S
1209  E4                   323   INC
120A  A4 00                324   ST 0,S
120C  D3 EF                325   SJMP ?AB32
120E                       326  ?AB34 EQU *
120E  04 00                327   LD 0,S
1210  DC                   328   PUSHA
1211  04 0C                329   LD 12,S
1213  DC                   330   PUSHA
1214  D8 66 10             331   CALL c_gotoxy
1217  DB 04                332   FREE 4
1219  08 CD                333   LDB #205
121B  DC                   334   PUSHA
121C  D8 73 10             335   CALL c_putc
121F  DB 02                336   FREE 2
1221  04 00                337   LD 0,S
1223  DC                   338   PUSHA
1224  04 08                339   LD 8,S
1226  DC                   340   PUSHA
1227  D8 66 10             341   CALL c_gotoxy
122A  DB 04                342   FREE 4
122C  08 CD                343   LDB #205
122E  DC                   344   PUSHA
122F  D8 73 10             345   CALL c_putc
1232  DB 02                346   FREE 2
1234  D0 07 12             347   JMP ?AB35
1237                       348  ?AB33 EQU *
DUNFIELD CFLEA ASSEMBLER: GPIO                                         PAGE: 7

1237  04 0A                349   LD 10,S
1239  18 01                350   ADDB #1
123B  A4 02                351   ST 2,S
123D                       352  ?AB36 EQU *
123D  04 02                353   LD 2,S
123F  84 06                354   CMP 6,S
1241  CC                   355   ULT
1242  D5 0A                356   SJNZ ?AB38
1244  D0 77 12             357   JMP ?AB37
1247                       358  ?AB39 EQU *
1247  04 02                359   LD 2,S
1249  E4                   360   INC
124A  A4 02                361   ST 2,S
124C  D3 EF                362   SJMP ?AB36
124E                       363  ?AB38 EQU *
124E  04 0C                364   LD 12,S
1250  DC                   365   PUSHA
1251  04 04                366   LD 4,S
1253  DC                   367   PUSHA
1254  D8 66 10             368   CALL c_gotoxy
1257  DB 04                369   FREE 4
1259  08 BA                370   LDB #186
125B  DC                   371   PUSHA
125C  D8 73 10             372   CALL c_putc
125F  DB 02                373   FREE 2
1261  04 08                374   LD 8,S
1263  DC                   375   PUSHA
1264  04 04                376   LD 4,S
1266  DC                   377   PUSHA
1267  D8 66 10             378   CALL c_gotoxy
126A  DB 04                379   FREE 4
126C  08 BA                380   LDB #186
126E  DC                   381   PUSHA
126F  D8 73 10             382   CALL c_putc
1272  DB 02                383   FREE 2
1274  D0 47 12             384   JMP ?AB39
1277                       385  ?AB37 EQU *
1277  90 FE FF             386   LDI #-2
127A  DD                   387   PUSHI
127B  90 FA FF             388   LDI #-6
127E  02                   389   LD I
127F  A6                   390   ST [S+]
1280  90 FC FF             391   LDI #-4
1283  DD                   392   PUSHI
1284  90 F8 FF             393   LDI #-8
1287  02                   394   LD I
1288  A6                   395   ST [S+]
1289  DB 04                396   FREE 4
128B  D9                   397   RET
128C  DA 02                398  c_boxmsg ALLOC 2
128E  04 04                399   LD 4,S
1290  DC                   400   PUSHA
1291  D8 11 16             401   CALL strlen
1294  DB 02                402   FREE 2
1296  18 03                403   ADDB #3
1298  A4 00                404   ST 0,S
129A  04 08                405   LD 8,S
129C  DC                   406   PUSHA ;
DUNFIELD CFLEA ASSEMBLER: GPIO                                         PAGE: 8

129D  04 08                407   LD 8,S
129F  DC                   408   PUSHA
12A0  04 0C                409   LD 12,S
12A2  14 04                410   ADD 4,S
12A4  DC                   411   PUSHA
12A5  04 0C                412   LD 12,S
12A7  18 02                413   ADDB #2
12A9  DC                   414   PUSHA
12AA  D8 54 11             415   CALL c_box
12AD  DB 08                416   FREE 8
12AF  04 08                417   LD 8,S
12B1  18 02                418   ADDB #2
12B3  DC                   419   PUSHA
12B4  04 08                420   LD 8,S
12B6  18 01                421   ADDB #1
12B8  DC                   422   PUSHA
12B9  D8 66 10             423   CALL c_gotoxy
12BC  DB 04                424   FREE 4
12BE  04 04                425   LD 4,S
12C0  DC                   426   PUSHA
12C1  D8 C0 10             427   CALL c_puts
12C4  DB 02                428   FREE 2
12C6  90 FE FF             429   LDI #-2
12C9  DD                   430   PUSHI
12CA  90 FA FF             431   LDI #-6
12CD  02                   432   LD I
12CE  A6                   433   ST [S+]
12CF  90 FC FF             434   LDI #-4
12D2  DD                   435   PUSHI
12D3  90 F8 FF             436   LDI #-8
12D6  02                   437   LD I
12D7  A6                   438   ST [S+]
12D8  95                   439   LDI S+
12D9  D9                   440   RET
12DA  DA 02                441  c_boxquery ALLOC 2
12DC  04 08                442   LD 8,S
12DE  DC                   443   PUSHA
12DF  D8 11 16             444   CALL strlen
12E2  DB 02                445   FREE 2
12E4  18 03                446   ADDB #3
12E6  14 04                447   ADD 4,S
12E8  A4 00                448   ST 0,S
12EA  04 0C                449   LD 12,S
12EC  DC                   450   PUSHA ;
12ED  04 0C                451   LD 12,S
12EF  DC                   452   PUSHA
12F0  04 10                453   LD 16,S
12F2  14 04                454   ADD 4,S
12F4  DC                   455   PUSHA
12F5  04 10                456   LD 16,S
12F7  18 02                457   ADDB #2
12F9  DC                   458   PUSHA
12FA  D8 54 11             459   CALL c_box
12FD  DB 08                460   FREE 8
12FF  04 0C                461   LD 12,S
1301  18 02                462   ADDB #2
1303  DC                   463   PUSHA
1304  04 0C                464   LD 12,S
DUNFIELD CFLEA ASSEMBLER: GPIO                                         PAGE: 9

1306  18 01                465   ADDB #1
1308  DC                   466   PUSHA
1309  D8 66 10             467   CALL c_gotoxy
130C  DB 04                468   FREE 4
130E  04 08                469   LD 8,S
1310  DC                   470   PUSHA
1311  D8 C0 10             471   CALL c_puts
1314  DB 02                472   FREE 2
1316  04 06                473   LD 6,S
1318  DC                   474   PUSHA ;
1319  04 06                475   LD 6,S
131B  DC                   476   PUSHA
131C  D8 ED 10             477   CALL c_gets
131F  DB 04                478   FREE 4
1321  90 FE FF             479   LDI #-2
1324  DD                   480   PUSHI
1325  90 FA FF             481   LDI #-6
1328  02                   482   LD I
1329  A6                   483   ST [S+]
132A  90 FC FF             484   LDI #-4
132D  DD                   485   PUSHI
132E  90 F8 FF             486   LDI #-8
1331  02                   487   LD I
1332  A6                   488   ST [S+]
1333  95                   489   LDI S+
1334  D9                   490   RET
1335                       491  wait_us EQU *
1335  EA 11                492  		OUT $11			 * clear timer
1337                       493  wait_us_top
1337  EB 11                494  		IN $11			 * read timer
1339  84 02                495  		CMP 2,S			 * compare to us
133B  CC                   496  		ULT				 * unsigned less than 
133C  D5 F9                497  		SJNZ wait_us_top * wait till us passes
133E  D9                   498   RET
133F                       499  wait_ms EQU *
133F                       500  ?AB40 EQU *
133F  04 02                501   LD 2,S
1341  E5                   502   DEC
1342  A4 02                503   ST 2,S
1344  E4                   504   INC
1345  D1 54 13             505   JZ ?AB41
1348  00 E8 03             506   LD #1000
134B  DC                   507   PUSHA
134C  D8 35 13             508   CALL wait_us
134F  DB 02                509   FREE 2
1351  D0 3F 13             510   JMP ?AB40
1354                       511  ?AB41 EQU *
1354  D9                   512   RET
1355                       513  delay_loops EQU *
1355  EA 11                514  		OUT $11					* clear 1us timer
1357  04 02                515  		LD 2,S					* load x
1359                       516  delay_loops_top EQU *
1359  E5                   517  		DEC
135A  D5 FD                518  		SJNZ delay_loops_top	* decrement and loop
135C  EB 11                519  		IN $11					* read 1us timer and return value
135E  D9                   520   RET
135F  DA 08                521  delay_calibrate ALLOC 8
1361  E0                   522   CLR
DUNFIELD CFLEA ASSEMBLER: GPIO                                         PAGE: 10

1362  A4 06                523   ST 6,S
1364  00 FF FF             524   LD #-1
1367  A4 04                525   ST 4,S
1369                       526  ?AB42 EQU *
1369  04 04                527   LD 4,S
136B  14 06                528   ADD 6,S
136D  B8 01                529   SHR #1
136F  A4 00                530   ST 0,S
1371  DC                   531   PUSHA
1372  D8 55 13             532   CALL delay_loops
1375  DB 02                533   FREE 2
1377  A4 02                534   ST 2,S
1379  80 E8 03             535   CMP #1000
137C  CE                   536   UGT
137D  D1 87 13             537   JZ ?AB45
1380  04 00                538   LD 0,S
1382  A4 04                539   ST 4,S
1384  D0 8B 13             540   JMP ?AB46
1387                       541  ?AB45 EQU *
1387  04 00                542   LD 0,S
1389  A4 06                543   ST 6,S
138B                       544  ?AB46 EQU *
138B                       545  ?AB43 EQU *
138B  04 04                546   LD 4,S
138D  84 06                547   CMP 6,S
138F  D1 69 13             548   JZ ?AB42
1392                       549  ?AB44 EQU *
1392  04 00                550   LD 0,S
1394                       551  ?AB47 EQU *
1394  DB 08                552   FREE 8
1396  D9                   553   RET
1397                       554  outport EQU *
1397  04 04                555   LD 4,S
1399  90 B9 13             556   LDI #?AB49
139C  D7                   557   SWITCH
139D                       558  ?AB50 EQU *
139D  04 02                559  				LD 2,S
139F  EA 01                560  				OUT $01
13A1  D0 CD 13             561   JMP ?AB48
13A4                       562  ?AB51 EQU *
13A4  04 02                563  				LD 2,S
13A6  EA 02                564  				OUT $02
13A8  D0 CD 13             565   JMP ?AB48
13AB                       566  ?AB52 EQU *
13AB  04 02                567  				LD 2,S
13AD  EA 03                568  				OUT $03
13AF  D0 CD 13             569   JMP ?AB48
13B2                       570  ?AB53 EQU *
13B2  04 02                571  				LD 2,S
13B4  EA 04                572  				OUT $04
13B6  D0 CD 13             573   JMP ?AB48
13B9                       574  ?AB49 EQU *
13B9  B2 13 03 00 AB 13 +  575   FDB ?AB53,3,?AB52,2,?AB51,1,?AB50,0,0,?AB48
13CD                       576  ?AB48 EQU *
13CD  D9                   577   RET
13CE                       578  inport EQU *
13CE  04 02                579   LD 2,S
13D0  90 EC 13             580   LDI #?AB55
DUNFIELD CFLEA ASSEMBLER: GPIO                                         PAGE: 11

13D3  D7                   581   SWITCH
13D4                       582  ?AB56 EQU *
13D4  EB 01                583  				IN $01
13D6  D9                   584  				RET
13D7  D0 00 14             585   JMP ?AB54
13DA                       586  ?AB57 EQU *
13DA  EB 02                587  				IN $02
13DC  D9                   588  				RET
13DD  D0 00 14             589   JMP ?AB54
13E0                       590  ?AB58 EQU *
13E0  EB 03                591  				IN $03
13E2  D9                   592  				RET
13E3  D0 00 14             593   JMP ?AB54
13E6                       594  ?AB59 EQU *
13E6  EB 04                595  				IN $04
13E8  D9                   596  				RET
13E9  D0 00 14             597   JMP ?AB54
13EC                       598  ?AB55 EQU *
13EC  E6 13 03 00 E0 13 +  599   FDB ?AB59,3,?AB58,2,?AB57,1,?AB56,0,0,?AB54
1400                       600  ?AB54 EQU *
1400  D9                   601   RET
1401  DA 67                602  main ALLOC 103
1403  E0                   603   CLR
1404  A4 08                604   ST 8,S
1406                       605  ?AB60 EQU *
1406  04 08                606   LD 8,S
1408  88 04                607   CMPB #4
140A  CC                   608   ULT
140B  D5 0A                609   SJNZ ?AB62
140D  D0 28 14             610   JMP ?AB61
1410                       611  ?AB63 EQU *
1410  04 08                612   LD 8,S
1412  E4                   613   INC
1413  A4 08                614   ST 8,S
1415  D3 EF                615   SJMP ?AB60
1417                       616  ?AB62 EQU *
1417  04 08                617   LD 8,S
1419  38 02                618   MULB #2
141B  9C 00                619   LEAI 0,S
141D  E8                   620   ADAI
141E  04 08                621   LD 8,S
1420  38 02                622   MULB #2
1422  18 01                623   ADDB #1
1424  A2                   624   ST I
1425  D0 10 14             625   JMP ?AB63
1428                       626  ?AB61 EQU *
1428  D8 0D 10             627   CALL c_clrscr
142B  D8 5F 13             628   CALL delay_calibrate
142E  A4 08                629   ST 8,S
1430  9C 17                630   LEAI 23,S
1432  DD                   631   PUSHI
1433  00 51 15             632   LD #?AB0+0
1436  DC                   633   PUSHA
1437  04 0C                634   LD 12,S
1439  DC                   635   PUSHA
143A  04 0E                636   LD 14,S
143C  DC                   637   PUSHA
143D  D8 55 13             638   CALL delay_loops
DUNFIELD CFLEA ASSEMBLER: GPIO                                         PAGE: 12

1440  DB 02                639   FREE 2
1442  DC                   640   PUSHA
1443  08 04                641   LDB #4
1445  D8 C7 15             642   CALL sprintf
1448  DB 08                643   FREE 8
144A  9C 17                644   LEAI 23,S
144C  DD                   645   PUSHI
144D  D8 C0 10             646   CALL c_puts
1450  DB 02                647   FREE 2
1452  08 0A                648   LDB #10
1454  DC                   649   PUSHA
1455  08 08                650   LDB #8
1457  DC                   651   PUSHA
1458  00 69 15             652   LD #?AB0+24
145B  DC                   653   PUSHA
145C  D8 8C 12             654   CALL c_boxmsg
145F  DB 06                655   FREE 6
1461  08 05                656   LDB #5
1463  DC                   657   PUSHA
1464  08 03                658   LDB #3
1466  DC                   659   PUSHA
1467  00 7F 15             660   LD #?AB0+46
146A  DC                   661   PUSHA
146B  9C 12                662   LEAI 18,S
146D  DD                   663   PUSHI
146E  08 0A                664   LDB #10
1470  DC                   665   PUSHA
1471  D8 DA 12             666   CALL c_boxquery
1474  DB 0A                667   FREE 10
1476  9C 17                668   LEAI 23,S
1478  DD                   669   PUSHI
1479  00 97 15             670   LD #?AB0+70
147C  DC                   671   PUSHA
147D  9C 10                672   LEAI 16,S
147F  DD                   673   PUSHI
1480  08 03                674   LDB #3
1482  D8 C7 15             675   CALL sprintf
1485  DB 06                676   FREE 6
1487  08 0F                677   LDB #15
1489  DC                   678   PUSHA
148A  08 0F                679   LDB #15
148C  DC                   680   PUSHA
148D  9C 1B                681   LEAI 27,S
148F  DD                   682   PUSHI
1490  D8 8C 12             683   CALL c_boxmsg
1493  DB 06                684   FREE 6
1495  00 88 13             685   LD #5000
1498  DC                   686   PUSHA
1499  D8 3F 13             687   CALL wait_ms
149C  DB 02                688   FREE 2
149E  E0                   689   CLR
149F  DC                   690   PUSHA
14A0  E0                   691   CLR
14A1  DC                   692   PUSHA
14A2  D8 66 10             693   CALL c_gotoxy
14A5  DB 04                694   FREE 4
14A7  E0                   695   CLR
14A8  A4 0A                696   ST 10,S
DUNFIELD CFLEA ASSEMBLER: GPIO                                         PAGE: 13

14AA  D8 0D 10             697   CALL c_clrscr
14AD                       698  ?AB64 EQU *
14AD  9C 17                699   LEAI 23,S
14AF  DD                   700   PUSHI
14B0  00 A2 15             701   LD #?AB0+81
14B3  DC                   702   PUSHA
14B4  9C 04                703   LEAI 4+0,S
14B6  02                   704   LD I
14B7  DC                   705   PUSHA
14B8  9C 08                706   LEAI 6+2,S
14BA  02                   707   LD I
14BB  DC                   708   PUSHA
14BC  9C 0C                709   LEAI 8+4,S
14BE  02                   710   LD I
14BF  DC                   711   PUSHA
14C0  9C 10                712   LEAI 10+6,S
14C2  02                   713   LD I
14C3  DC                   714   PUSHA
14C4  08 06                715   LDB #6
14C6  D8 C7 15             716   CALL sprintf
14C9  DB 0C                717   FREE 12
14CB  08 03                718   LDB #3
14CD  DC                   719   PUSHA
14CE  E0                   720   CLR
14CF  DC                   721   PUSHA
14D0  9C 1B                722   LEAI 27,S
14D2  DD                   723   PUSHI
14D3  D8 8C 12             724   CALL c_boxmsg
14D6  DB 06                725   FREE 6
14D8  9C 17                726   LEAI 23,S
14DA  DD                   727   PUSHI
14DB  00 BC 15             728   LD #?AB0+107
14DE  DC                   729   PUSHA
14DF  04 0E                730   LD 14,S
14E1  E4                   731   INC
14E2  A4 0E                732   ST 14,S
14E4  DC                   733   PUSHA
14E5  08 03                734   LDB #3
14E7  D8 C7 15             735   CALL sprintf
14EA  DB 06                736   FREE 6
14EC  08 28                737   LDB #40
14EE  DC                   738   PUSHA
14EF  08 05                739   LDB #5
14F1  DC                   740   PUSHA
14F2  9C 1B                741   LEAI 27,S
14F4  DD                   742   PUSHI
14F5  D8 8C 12             743   CALL c_boxmsg
14F8  DB 06                744   FREE 6
14FA  08 FA                745   LDB #250
14FC  DC                   746   PUSHA
14FD  D8 3F 13             747   CALL wait_ms
1500  DB 02                748   FREE 2
1502  E0                   749   CLR
1503  A4 08                750   ST 8,S
1505                       751  ?AB66 EQU *
1505  04 08                752   LD 8,S
1507  88 04                753   CMPB #4
1509  CC                   754   ULT
DUNFIELD CFLEA ASSEMBLER: GPIO                                         PAGE: 14

150A  D5 0A                755   SJNZ ?AB68
150C  D0 4B 15             756   JMP ?AB67
150F                       757  ?AB69 EQU *
150F  04 08                758   LD 8,S
1511  E4                   759   INC
1512  A4 08                760   ST 8,S
1514  D3 EF                761   SJMP ?AB66
1516                       762  ?AB68 EQU *
1516  04 08                763   LD 8,S
1518  38 02                764   MULB #2
151A  9C 00                765   LEAI 0,S
151C  E8                   766   ADAI
151D  DD                   767   PUSHI
151E  04 0A                768   LD 10,S
1520  38 02                769   MULB #2
1522  9C 02                770   LEAI 2,S
1524  E8                   771   ADAI
1525  02                   772   LD I
1526  C0 01                773   SHL #1
1528  DC                   774   PUSHA
1529  04 0C                775   LD 12,S
152B  38 02                776   MULB #2
152D  9C 04                777   LEAI 4,S
152F  E8                   778   ADAI
1530  02                   779   LD I
1531  B8 07                780   SHR #7
1533  65                   781   OR S+
1534  58 FF                782   ANDB #255
1536  A6                   783   ST [S+]
1537  04 08                784   LD 8,S
1539  DC                   785   PUSHA
153A  04 0A                786   LD 10,S
153C  38 02                787   MULB #2
153E  9C 02                788   LEAI 2,S
1540  E8                   789   ADAI
1541  02                   790   LD I
1542  DC                   791   PUSHA
1543  D8 97 13             792   CALL outport
1546  DB 04                793   FREE 4
1548  D0 0F 15             794   JMP ?AB69
154B                       795  ?AB67 EQU *
154B  D0 AD 14             796   JMP ?AB64
154E                       797  ?AB65 EQU *
154E  DB 67                798   FREE 103
1550  D9                   799   RET
1551  6C 6F 6F 70 73 20 +  800  ?AB0 FCB 108,111,111,112,115,32,112,101,114,32,109,115,32,61,61,32
1561  25 75 20 28 25 75 +  801   FCB 37,117,32,40,37,117,41,0,66,111,120,32,116,101,120,116
1571  20 67 6F 65 73 20 +  802   FCB 32,103,111,101,115,32,104,101,114,101,32,101,104,0,72,101
1581  6C 6C 6F 20 77 68 +  803   FCB 108,108,111,32,119,104,97,116,39,115,32,121,111,117,114,32
1591  6E 61 6D 65 3A 00 +  804   FCB 110,97,109,101,58,0,72,101,108,108,111,32,39,37,115,39
15A1  00 76 61 6C 73 3A +  805   FCB 0,118,97,108,115,58,32,37,50,120,44,32,37,50,120,44
15B1  20 25 32 78 2C 20 +  806   FCB 32,37,50,120,44,32,37,50,120,10,0,76,111,111,112,115
15C1  3A 20 25 35 75 00    807   FCB 58,32,37,53,117,0
15C7                       808  *
15C7                       809  * Formatted print to a string: sprintf(string, format, args ...)
15C7                       810  *
15C7  38 02                811  sprintf	MULB	#2		Word entries
15C9  9C 00                812  	LEAI	,S		Point to stack
DUNFIELD CFLEA ASSEMBLER: GPIO                                         PAGE: 15

15CB  E8                   813  	ADAI			Point to argument
15CC  02                   814  	LD	I		Get output pointer
15CD  A1 00 00             815  	ST	?temp		Save for later
15D0  E7                   816  	TIA			Point to it
15D1  E5                   817  	DEC			Backup
15D2  E5                   818  	DEC			Backup
15D3  E6                   819  	TAI			Back to index
15D4  00 DD 15             820  	LD	#?AC1		Output functino
15D7  D8 1F 16             821  	CALL	format		Format it
15DA  E0                   822  	CLR			Get zero
15DB  D3 02                823  	SJMP	?AC2		And write it
15DD  04 02                824  ?AC1	LD	2,S		Get character
15DF  91 00 00             825  ?AC2	LDI	?temp		Get output pointer
15E2  AA                   826  	STB	I		Write to memory
15E3  9B 01                827  	LEAI	1,I		Advance
15E5  B1 00 00             828  	STI	?temp		Resave
15E8  D9                   829  	RET
15E9                       830  *50000 22/5/2026
15E9                       831  *
15E9                       832  * Set memory to a specified value: memset(block, value, size)
15E9                       833  *
15E9  94 06                834  memset	LDI	6,S		Get pointer
15EB  04 02                835  ?AD1	LD	2,S		Get size
15ED  D4 21                836  	SJZ	?AD2		Zero, exit
15EF  E5                   837  	DEC			Backup
15F0  A4 02                838  	ST	2,S		Resave
15F2  04 04                839  	LD	4,S		Get value
15F4  AA                   840  	STB	I		Write to memory
15F5  9B 01                841  	LEAI	1,I		Advance
15F7  D3 F2                842  	SJMP	?AD1		And proceed
15F9                       843  *
15F9                       844  * Copy memory: memcpy(dest, source, size)
15F9                       845  *
15F9  04 02                846  memcpy	LD	2,S		Get size
15FB  D4 13                847  	SJZ	?AD2		Zero, exit
15FD  E5                   848  	DEC			Reduce count
15FE  A4 02                849  	ST	2,S		Resave
1600  94 04                850  	LDI	4,S		Get source
1602  0A                   851  	LDB	I		Get byte
1603  9B 01                852  	LEAI	1,I		Advance
1605  B4 04                853  	STI	4,S		Resave
1607  94 06                854  	LDI	6,S		Get dest
1609  AA                   855  	STB	I		Write byte
160A  9B 01                856  	LEAI	1,I		Advance
160C  B4 06                857  	STI	6,S		Resave
160E  D3 E9                858  	SJMP	memcpy		And proceed
1610  D9                   859  ?AD2	RET
1611                       860  *50000 22/5/2026
1611                       861  *
1611                       862  * Determine length of string: strlen(string)
1611                       863  *
1611  94 02                864  strlen	LDI	2,S		; Get string ptr
1613  0A                   865  ?AE1	LDB	I		; Get byte from string
1614  D1 1B 16             866  	JZ	?AE2		; We are at end
1617  9B 01                867  	LEAI	1,I		; Skip to next
1619  D3 F8                868  	SJMP	?AE1		; And proceed
161B  E7                   869  ?AE2	TIA			; Get pointer
161C  24 02                870  	SUB	2,S		; Compute actual length
DUNFIELD CFLEA ASSEMBLER: GPIO                                         PAGE: 16

161E  D9                   871  	RET
161F                       872  *50000 22/5/2026
161F                       873  *
161F                       874  * Format to "printf" output: A=Output Function, I = Argument List
161F                       875  *
161F  DC                   876  format	PUSHA			Save output function pointer
1620  DD                   877  	PUSHI			Save argument pointer
1621  DA 0A                878  	ALLOC	10		Save  flag variable
1623                       879  * Local variable & argument offsets
000C                       880  ?AF1	EQU	12		Pointer to output function
000A                       881  ?AF2	EQU	10		Pointer to argument list
0004                       882  ?AF3	EQU	4		Buffer for number conversions (6 bytes)
0002                       883  ?AF4	EQU	2		Temporary locations
0001                       884  ?AF5	EQU	1		Character count
0000                       885  ?AF6	EQU	0		Formatting controls
1623                       886  *
1623  94 0A                887  	LDI	?AF2,S		Get arg pointer
1625  92                   888  	LDI	I		Get format string
1626  0A                   889  ?AF7	LDB	I		Get character from string
1627  D4 12                890  	SJZ	?AF8		Exit if end
1629  88 25                891  	CMPB	#'%'		Format character
162B  D5 12                892  	SJNZ	?AF10		Yes, handle it
162D  0A                   893  	LDB	I		Get char back
162E  9B 01                894  	LEAI	1,I		Advance pointer
1630  DD                   895  	PUSHI			Save Index
1631  DC                   896  	PUSHA			Pass character
1632  04 10                897  	LD	4+?AF1,S		Get output function
1634  D8 3E 16             898  	CALL	?AF9		Output the character
1637  05                   899  	LD	S+		Clean stack
1638  95                   900  	LDI	S+		Get Index back
1639  D3 EB                901  	SJMP	?AF7		And proceed
163B  DB 0E                902  ?AF8	FREE	14		Release stack
163D  D9                   903  	RET
163E                       904  * Call output function in A
163E  D6                   905  ?AF9	IJMP			Call function
163F                       906  * Format character located
163F  9B 01                907  ?AF10	LEAI	1,I		Skip to next
1641  E0                   908  	CLR			Begin with zero
1642  A4 02                909  	ST	?AF4,S		Save for later
1644                       910  * Check for leading '-' = Left justify
1644  AC 00                911  	STB	?AF6,S		Init. flag
1646  AC 01                912  	STB	?AF5,S		Init. count
1648  0A                   913  	LDB	I		Get char
1649  88 2D                914  	CMPB	#'-'		Minus?
164B  D4 06                915  	SJZ	?AF11		No, try next
164D  9B 01                916  	LEAI	1,I		Advance pointer
164F  08 80                917  	LDB	#%10000000	Set justify flag
1651  AC 00                918  	STB	?AF6,S		Resave
1653                       919  * Check for leading '0' = Zero fill
1653  0A                   920  ?AF11	LDB	I		Get char back
1654  88 30                921  	CMPB	#'0'		Zero fill?
1656  D4 08                922  	SJZ	?AF12		No, try next
1658  9B 01                923  	LEAI	1,I		Advance
165A  0C 00                924  	LDB	?AF6,S		Get value
165C  68 40                925  	ORB	#%01000000	Set zero fill flag
165E  AC 00                926  	STB	?AF6,S		Resave
1660                       927  * Get field width
1660  0A                   928  ?AF12	LDB	I		Get character
DUNFIELD CFLEA ASSEMBLER: GPIO                                         PAGE: 17

1661  28 30                929  	SUBB	#'0'		Convert to binary
1663  DC                   930  	PUSHA			Save
1664  88 0A                931  	CMPB	#10		In range?
1666  CC                   932  	ULT			Must be less than
1667  D4 0B                933  	SJZ	?AF13		Nope
1669  9B 01                934  	LEAI	1,I		Skip digit
166B  04 04                935  	LD	2+?AF4,S		Get old value
166D  38 0A                936  	MULB	#10		x10
166F  15                   937  	ADD	S+		Include new
1670  A4 02                938  	ST	?AF4,S		Resave
1672  D3 EC                939  	SJMP	?AF12		Do them all
1674  05                   940  ?AF13	LD	S+		Clear stack
1675  04 02                941  	LD	?AF4,S		Get value
1677  6C 00                942  	ORB	?AF6,S		Include previous flags
1679  AC 00                943  	STB	?AF6,S		Resave
167B                       944  * Lookup character & dispatch handler
167B  DD                   945  	PUSHI			Save format pointer
167C  04 0C                946  	LD	2+?AF2,S		Get argptr
167E  E5                   947  	DEC			Backup
167F  E5                   948  	DEC			Backup
1680  A4 0C                949  	ST	2+?AF2,S		Resave
1682  E6                   950  	TAI			Address
1683  02                   951  	LD	I		Get value
1684  A4 04                952  	ST	2+?AF4,S		Resave
1686  0F                   953  	LDB	[S]		Get next character
1687  99 8B 16             954  	LEAI	?AF14		Point to table
168A  D7                   955  	SWITCH			Lookup & execute
168B  A7 16 6F 00          956  ?AF14	FDB	?AF15,'o'		Octal number
168F  AB 16 64 00          957  	FDB	?AF16,'d'		Decimal number
1693  CB 16 75 00          958  	FDB	?AF17,'u'		Unsigned number
1697  CF 16 78 00          959  	FDB	?AF18,'x'		Hexidecimal number
169B  25 17 63 00          960  	FDB	?AF26,'c'		Character output
169F  30 17 73 00          961  	FDB	?AF28,'s'		String output
16A3  00 00 27 17          962  	FDB	0,?AF27		Ignore it
16A7                       963  * '%o' - Octal number
16A7  08 08                964  ?AF15	LDB	#8		Base 8
16A9  D3 26                965  	SJMP	?AF19		Do number
16AB                       966  * '%d' - signed Decimal number
16AB  04 04                967  ?AF16	LD	2+?AF4,S		Get value
16AD  50 00 80             968  	AND	#$8000		Negatve?
16B0  D4 19                969  	SJZ	?AF17		Nothing special
16B2  08 2D                970  	LDB	#'-'		Minus size
16B4  DC                   971  	PUSHA			Pass to function
16B5  04 10                972  	LD	4+?AF1,S		Get output function
16B7  D8 3E 16             973  	CALL	?AF9		Call function
16BA  05                   974  	LD	S+		Clean stack
16BB  04 04                975  	LD	2+?AF4,S		Get value
16BD  E2                   976  	NEG			Negate
16BE  A4 04                977  	ST	2+?AF4,S		And prcoeed
16C0  0C 02                978  	LDB	2+?AF6,S		Get length
16C2  58 7F                979  	ANDB	#%001111111	Free format?
16C4  D4 05                980  	SJZ	?AF17		Yes, ignore
16C6  0C 02                981  	LDB	2+?AF6,S		Get value back
16C8  E5                   982  	DEC			Adjust for '-'
16C9  AC 02                983  	STB	2+?AF6,S		Resave
16CB                       984  * '%u' - Unsigned decimal number
16CB  08 0A                985  ?AF17	LDB	#10		Base 10 output
16CD  D3 02                986  	SJMP	?AF19		Do number
DUNFIELD CFLEA ASSEMBLER: GPIO                                         PAGE: 18

16CF                       987  * '%x' - heXidecimal number
16CF  08 10                988  ?AF18	LDB	#16		Base 16 output
16D1                       989  * Output a number in the specified number base
16D1  AC 06                990  ?AF19	STB	2+?AF3,S		Save number base
16D3  9C 0C                991  	LEAI	6+2+?AF3,S	Point to END of buffer
16D5  E7                   992  ?AF20	TIA			Get index
16D6  E5                   993  	DEC			Backup
16D7  E6                   994  	TAI			Set index
16D8  0C 03                995  	LDB	2+?AF5,S		Get count
16DA  E4                   996  	INC			Advance
16DB  AC 03                997  	STB	2+?AF5,S		Resave
16DD  04 04                998  	LD	2+?AF4,S		Get value
16DF  4C 06                999  	DIVB	2+?AF3,S		Divide by 10
16E1  DC                  1000  	PUSHA			Save quotient
16E2  E9                  1001  	ALT			Get remainder
16E3  18 30               1002  	ADDB	#'0'		Convert to ASCII
16E5  AA                  1003  	STB	I		Write to stack
16E6  88 39               1004  	CMPB	#'9'		Is it HEX?
16E8  CE                  1005  	UGT			Complete test
16E9  D4 04               1006  	SJZ	?AF21		Yes it is
16EB  0A                  1007  	LDB	I		Get char back
16EC  18 07               1008  	ADDB	#7		Adjust
16EE  AA                  1009  	STB	I		Resave char
16EF  05                  1010  ?AF21	LD	S+		Get quotient
16F0  A4 04               1011  	ST	2+?AF4,S		Save new value
16F2  D5 E1               1012  	SJNZ	?AF20		Do them all
16F4                      1013  * At this point, I = pointer, ?5=Length
16F4  0C 03               1014  ?AF22	LDB	2+?AF5,S		Get count
16F6  AC 05               1015  	STB	3+?AF4,S		Set extra count
16F8  0C 02               1016  	LDB	2+?AF6,S		Get flag
16FA  58 80               1017  	ANDB	#%10000000	Left justify?
16FC  D5 03               1018  	SJNZ	?AF23		Yes, don't fill
16FE  D8 42 17            1019  	CALL	?AF31		Do any pre-output
1701  0C 05               1020  ?AF23	LDB	3+?AF4,S		Get count
1703  D4 11               1021  	SJZ	?AF24		All done, exit
1705  E5                  1022  	DEC			Reduce count
1706  AC 05               1023  	STB	3+?AF4,S		Resave
1708  0A                  1024  	LDB	I		Get character from string
1709  9B 01               1025  	LEAI	1,I		Advance
170B  DD                  1026  	PUSHI			Save it
170C  DC                  1027  	PUSHA			Pass character
170D  04 12               1028  	LD	6+?AF1,S		Get output function
170F  D8 3E 16            1029  	CALL	?AF9		Output character
1712  05                  1030  	LD	S+		Clean stack
1713  95                  1031  	LDI	S+		Restore I
1714  D3 EB               1032  	SJMP	?AF23		Go again
1716  0C 02               1033  ?AF24	LDB	2+?AF6,S		Get flag
1718  58 80               1034  	ANDB	#%10000000	Left justify
171A  D4 03               1035  	SJZ	?AF25		No, skip it
171C  D8 42 17            1036  	CALL	?AF31		Post justify
171F  95                  1037  ?AF25	LDI	S+		Restore format string
1720  9B 01               1038  	LEAI	1,I		Advance pointer
1722  D0 26 16            1039  	JMP	?AF7		And proceed
1725                      1040  * '%c' - output character
1725  0C 04               1041  ?AF26	LDB	2+?AF4,S		Get character
1727  9C 06               1042  ?AF27	LEAI	2+?AF3,S		Point to buffer
1729  AA                  1043  	STB	I		Save it
172A  08 01               1044  	LDB	#1		Get 1
DUNFIELD CFLEA ASSEMBLER: GPIO                                         PAGE: 19

172C  AC 03               1045  	STB	2+?AF5,S
172E  D3 C4               1046  	SJMP	?AF22
1730                      1047  * '%s' - output string
1730  94 04               1048  ?AF28	LDI	2+?AF4,S		Get string pointer
1732  0A                  1049  ?AF29	LDB	I		Get character
1733  D4 09               1050  	SJZ	?AF30		End of string
1735  9B 01               1051  	LEAI	1,I		Skip to next
1737  0C 03               1052  	LDB	2+?AF5,S		Get count
1739  E4                  1053  	INC			Advance
173A  AC 03               1054  	STB	2+?AF5,S		Resave count
173C  D3 F4               1055  	SJMP	?AF29		And proceed
173E  94 04               1056  ?AF30	LDI	2+?AF4,S		Get pointer back
1740  D3 B2               1057  	SJMP	?AF22		And output
1742                      1058  * Perform pre-output justify
1742  0C 04               1059  ?AF31	LDB	4+?AF6,S		Get flag
1744  58 3F               1060  	ANDB	#%00111111	Save length only
1746  D4 23               1061  	SJZ	?AF35		No justify
1748  AC 06               1062  	STB	4+?AF4,S		Save for later
174A  DD                  1063  	PUSHI			Save index
174B  0C 07               1064  ?AF32	LDB	6+?AF5,S		Get count
174D  8C 08               1065  	CMPB	6+?AF4,S		Are we over
174F  CF                  1066  	UGE			Complete test
1750  D5 18               1067  	SJNZ	?AF34		Yes, exit
1752  0C 06               1068  	LDB	6+?AF6,S		Get flag
1754  58 40               1069  	ANDB	#%01000000	Zero fill?
1756  D4 02               1070  	SJZ	?AF33		No, use ' '
1758  08 10               1071  	LDB	#'0'-' '	Get value
175A  18 20               1072  ?AF33	ADDB	#' '		Convert to char
175C  DC                  1073  	PUSHA			Pass character
175D  04 14               1074  	LD	8+?AF1,S		Get output function
175F  D8 3E 16            1075  	CALL	?AF9		Output character
1762  05                  1076  	LD	S+		Clean stack
1763  0C 08               1077  	LDB	6+?AF4,S		Get remaining width
1765  E5                  1078  	DEC			Reduce
1766  AC 08               1079  	STB	6+?AF4,S		Resave
1768  D3 E1               1080  	SJMP	?AF32		Do next
176A  95                  1081  ?AF34	LDI	S+		Restore index
176B  D9                  1082  ?AF35	RET
176C                      1083  *50000 22/5/2026
176C                      1084  *
176C                      1085  * DDS MICRO-C C-FLEA Runtime Library - Middle file
176C                      1086  *
176C                      1087  * Copyright 1991-2005 Dave Dunfield
176C                      1088  * All rights reserved.
176C                      1089  *
0000                      1090  	ORG	$0000		Start RAM based variables here
0000                      1091  ?temp	RMB	2		Temporary location used by compiler
0002                      1092  *50000 22/5/2026
0002                      1093  *
0002                      1094  * DDS MICRO-C C-FLEA Runtime Library - Suffix file
0002                      1095  *
0002                      1096  * Copyright 1991-2005 Dave Dunfield
0002                      1097  * All rights reserved.
0002                      1098  *
0002                      1099  ?heap	EQU	*		Beginning of unused RAM
0002                      1100  *50000 22/5/2026
DUNFIELD CFLEA ASSEMBLER: GPIO                                         PAGE: 20

SYMBOL TABLE:

?AB0    -1551   ?AB1    -105F   ?AB10   -10DC   ?AB11   -10E1   ?AB12   -10E9
?AB13   -10EB   ?AB14   -10FB   ?AB15   -1151   ?AB16   -1122   ?AB17   -111F
?AB18   -114E   ?AB19   -1136   ?AB2    -105C   ?AB20   -112C   ?AB21   -1151
?AB22   -114E   ?AB23   -114E   ?AB24   -116C   ?AB25   -11AB   ?AB26   -117D
?AB27   -1176   ?AB28   -1181   ?AB29   -11A8   ?AB3    -1065   ?AB30   -1192
?AB31   -118B   ?AB32   -11FD   ?AB33   -1237   ?AB34   -120E   ?AB35   -1207
?AB36   -123D   ?AB37   -1277   ?AB38   -124E   ?AB39   -1247   ?AB4    -1082
?AB40   -133F   ?AB41   -1354   ?AB42   -1369   ?AB43   -138B   ?AB44   -1392
?AB45   -1387   ?AB46   -138B   ?AB47   -1394   ?AB48   -13CD   ?AB49   -13B9
?AB5    -10A7   ?AB50   -139D   ?AB51   -13A4   ?AB52   -13AB   ?AB53   -13B2
?AB54   -1400   ?AB55   -13EC   ?AB56   -13D4   ?AB57   -13DA   ?AB58   -13E0
?AB59   -13E6   ?AB6    -10BF   ?AB60   -1406   ?AB61   -1428   ?AB62   -1417
?AB63   -1410   ?AB64   -14AD   ?AB65   -154E   ?AB66   -1505   ?AB67   -154B
?AB68   -1516   ?AB69   -150F   ?AB7    -10BF   ?AB8    -10C0   ?AB9    -10D6
?AC1    -15DD   ?AC2    -15DF   ?AD1    -15EB   ?AD2    -1610   ?AE1    -1613
?AE2    -161B   ?AF1    -000C   ?AF10   -163F   ?AF11   -1653   ?AF12   -1660
?AF13   -1674   ?AF14   -168B   ?AF15   -16A7   ?AF16   -16AB   ?AF17   -16CB
?AF18   -16CF   ?AF19   -16D1   ?AF2    -000A   ?AF20   -16D5   ?AF21   -16EF
?AF22   -16F4   ?AF23   -1701   ?AF24   -1716   ?AF25   -171F   ?AF26   -1725
?AF27   -1727   ?AF28   -1730   ?AF29   -1732   ?AF3    -0004   ?AF30   -173E
?AF31   -1742   ?AF32   -174B   ?AF33   -175A   ?AF34   -176A   ?AF35   -176B
?AF4    -0002   ?AF5    -0001   ?AF6    -0000   ?AF7    -1626   ?AF8    -163B
?AF9    -163E   ?heap   -0002   ?temp   -0000   c_box   -1154   c_boxmsg-128C
c_boxquery              -12DA   c_clrscr-100D   c_getc  -10DA   c_gets  -10ED
c_gotoxy-1066   c_putc  -1073   c_puts  -10C0   c_rewind-103E   c_scroll-101D
c_serin -10D7   delay_calibrate         -135F   delay_loops             -1355
delay_loops_top         -1359   exit    -100B   format  -161F   inport  -13CE
main    -1401   memcpy  -15F9   memset  -15E9   outport -1397   sprintf -15C7
strlen  -1611   wait_ms -133F   wait_us -1335   wait_us_top             -1337
