DUNFIELD CFLEA ASSEMBLER: HELLO                                        PAGE: 1

0000                         1  *#cpu CFLEA
0000                         2  *
0000                         3  * DDS MICRO-C C-FLEA Runtime Library - Prefix file
0000                         4  *
0000                         5  * Copyright 1991-2005 Dave Dunfield
0000                         6  * All rights reserved.
0000                         7  *
1000                         8  	ORG	$1000		Place code in memory here
1000                         9  * Begin execution here... Setup stack, zero heap & call main()
1000  00 00 10              10  	LD	#*		Stack below here
1003  DE                    11  	TAS			Set up stack
1004  E0                    12  	CLR			Get zero
1005  A9 82 00              13  	STB	?heap		Zero heap
1008  D8 F2 10              14  	CALL	main		Run main program
100B                        15  * Most embedded programs will never return or exit, however if they
100B                        16  * do, this section of code should do something appropriate, either
100B                        17  * restart the program, or stop the machine. For this system, we will
100B                        18  * simply freeze by entering an infinite loop.
100B  D3 FE                 19  exit	SJMP	*		Loop forever
100D                        20  *50000 22/5/2026
100D                        21  wait_ms EQU *
100D  EA 11                 22  		OUT $11			* clear timer
100F                        23  wait_ms_top
100F  EB 11                 24  		IN $11			* read timer
1011  84 02                 25  		CMP 2,S			* compare to ms 
1013  D1 0F 10              26  		JZ wait_ms_top  * wait till ms passes
1016  D9                    27   RET
1017                        28  cpu_cycles EQU *
1017  04 02                 29   LD 2,S
1019  90 6C 10              30   LDI #?AB2
101C  D7                    31   SWITCH
101D                        32  ?AB3 EQU *
101D  EE                    33  				FCB $EE
101E  EE                    34  				FCB $EE
101F  D9                    35  				RET
1020                        36  ?AB4 EQU *
1020  EE                    37  				FCB $EE
1021  D8 24 10              38  				CALL cpu_cycles_1
1024                        39  cpu_cycles_1
1024  EE                    40  				FCB $EE
1025  DB 02                 41  				FREE 2		
1027  D9                    42  				RET
1028                        43  ?AB5 EQU *
1028  D8 2D 10              44  				CALL cpu_cycles_2
102B  EE                    45  				FCB $EE
102C  D9                    46  				RET
102D                        47  cpu_cycles_2
102D  EE                    48  				FCB $EE
102E  D9                    49  				RET
102F                        50  ?AB6 EQU *
102F  EE                    51  				FCB $EE
1030  10 FF FF              52  				ADD #$FFFF
1033  EE                    53  				FCB $EE
1034  D9                    54  				RET
1035                        55  ?AB7 EQU *
1035  EE                    56  				FCB $EE
1036  01 00 00              57  				LD 0000
1039  EE                    58  				FCB $EE
DUNFIELD CFLEA ASSEMBLER: HELLO                                        PAGE: 2

103A  D9                    59  				RET
103B                        60  ?AB8 EQU *
103B  EE                    61  				FCB $EE
103C  A1 00 80              62  				ST $8000
103F  EE                    63  				FCB $EE
1040  D9                    64  				RET
1041                        65  ?AB9 EQU *
1041  EE                    66  				FCB $EE
1042  04 02                 67  				LD 2,S
1044  EE                    68  				FCB $EE
1045  D9                    69  				RET
1046                        70  ?AB10 EQU *
1046  EE                    71  				FCB $EE
1047  C8                    72  				LT
1048  EE                    73  				FCB $EE
1049  D9                    74  				RET
104A                        75  ?AB11 EQU *
104A  EE                    76  				FCB $EE
104B  E0                    77  				CLR
104C  EE                    78  				FCB $EE
104D  D9                    79  				RET
104E                        80  ?AB12 EQU *
104E  EE                    81  				FCB $EE
104F  A1 00 F8              82  				ST $F800
1052  EE                    83  				FCB $EE
1053  D9                    84  				RET
1054                        85  ?AB13 EQU *
1054  EE                    86  				FCB $EE
1055  01 00 F8              87  				LD $F800
1058  EE                    88  				FCB $EE
1059  D9                    89  				RET
105A                        90  ?AB14 EQU *
105A  EE                    91  				FCB $EE
105B  01 00 F0              92  				LD $F000
105E  EE                    93  				FCB $EE
105F  D9                    94  				RET
1060                        95  ?AB15 EQU *
1060  EE                    96  				FCB $EE
1061  DF                    97  				TSA
1062  EE                    98  				FCB $EE
1063  D9                    99  				RET
1064                       100  ?AB16 EQU *
1064  EE                   101  				FCB $EE
1065  EA 01                102  				OUT $01
1067  EE                   103  				FCB $EE
1068  D9                   104  				RET
1069  D0 A8 10             105   JMP ?AB1
106C                       106  ?AB2 EQU *
106C  64 10 0D 00 60 10 +  107   FDB ?AB16,13,?AB15,12,?AB14,11,?AB13,10,?AB12,9,?AB11,8,?AB10
1086  07 00 41 10 06 00 +  108   FDB 7,?AB9,6,?AB8,5,?AB7,4,?AB6,3,?AB5,2,?AB4,1
10A0  1D 10 00 00 00 00 +  109   FDB ?AB3,0,0,?AB1
10A8                       110  ?AB1 EQU *
10A8  E0                   111   CLR
10A9                       112  ?AB17 EQU *
10A9  D9                   113   RET
10AA                       114  rtl_version EQU *
10AA  ED                   115  		FCB $ED
10AB  D9                   116   RET
DUNFIELD CFLEA ASSEMBLER: HELLO                                        PAGE: 3

10AC                       117  vid_mode EQU *
10AC  04 02                118  		LD 2,S
10AE  EA 12                119  		OUT $12
10B0  D9                   120   RET
10B1                       121  read_video_stat EQU *
10B1  EB 12                122  		IN $12
10B3  D9                   123   RET
10B4                       124  wait_vsync EQU *
10B4                       125  wait_vsync_top
10B4  EB 12                126  		IN $12
10B6  58 02                127  		ANDB #2
10B8  D2 B4 10             128  		JNZ wait_vsync_top
10BB  D9                   129   RET
10BC                       130  wait_nvsync EQU *
10BC                       131  wait_nvsync_top
10BC  EB 12                132  		IN $12
10BE  58 02                133  		ANDB #2
10C0  D1 B4 10             134  		JZ wait_vsync_top
10C3  D9                   135   RET
10C4                       136  wait_hsync EQU *
10C4                       137  wait_hsync_top
10C4  EB 12                138  		IN $12
10C6  58 04                139  		ANDB #4
10C8  D2 B4 10             140  		JNZ wait_vsync_top
10CB  D9                   141   RET
10CC                       142  wait_active_vid EQU *
10CC                       143  wait_active_top
10CC  EB 12                144  		IN $12
10CE  58 08                145  		ANDB #8
10D0  D1 CC 10             146  		JZ wait_active_top
10D3  D9                   147   RET
10D4  5D 12 63 12 68 12 +  148  tests FDB ?AB0+0,?AB0+6,?AB0+11,?AB0+15,?AB0+25,?AB0+33,?AB0+41
10E2  8D 12 90 12 94 12 +  149   FDB ?AB0+48,?AB0+51,?AB0+55,?AB0+64,?AB0+73,?AB0+82,?AB0+86
10F0  00 00                150   FDB 0
10F2  DA 0A                151  main ALLOC 10
10F4  00 BB 12             152   LD #?AB0+94
10F7  DC                   153   PUSHA
10F8  08 01                154   LDB #1
10FA  D8 37 13             155   CALL printf
10FD  DB 02                156   FREE 2
10FF  E0                   157   CLR
1100  A4 02                158   ST 2,S
1102  A4 04                159   ST 4,S
1104                       160  ?AB18 EQU *
1104  04 02                161   LD 2,S
1106  38 02                162   MULB #2
1108  90 D4 10             163   LDI #tests
110B  E8                   164   ADAI
110C  02                   165   LD I
110D  D5 0A                166   SJNZ ?AB20
110F  D0 4B 11             167   JMP ?AB19
1112                       168  ?AB21 EQU *
1112  04 02                169   LD 2,S
1114  E4                   170   INC
1115  A4 02                171   ST 2,S
1117  D3 EB                172   SJMP ?AB18
1119                       173  ?AB20 EQU *
1119  04 02                174   LD 2,S
DUNFIELD CFLEA ASSEMBLER: HELLO                                        PAGE: 4

111B  DC                   175   PUSHA
111C  D8 17 10             176   CALL cpu_cycles
111F  DB 02                177   FREE 2
1121  24 04                178   SUB 4,S
1123  A4 00                179   ST 0,S
1125  04 02                180   LD 2,S
1127  88 00                181   CMPB #0
1129  D1 30 11             182   JZ ?AB22
112C  04 00                183   LD 0,S
112E  A4 04                184   ST 4,S
1130                       185  ?AB22 EQU *
1130  00 CB 12             186   LD #?AB0+110
1133  DC                   187   PUSHA
1134  04 04                188   LD 4,S
1136  38 02                189   MULB #2
1138  90 D4 10             190   LDI #tests
113B  E8                   191   ADAI
113C  02                   192   LD I
113D  DC                   193   PUSHA
113E  04 04                194   LD 4,S
1140  DC                   195   PUSHA
1141  08 03                196   LDB #3
1143  D8 37 13             197   CALL printf
1146  DB 06                198   FREE 6
1148  D0 12 11             199   JMP ?AB21
114B                       200  ?AB19 EQU *
114B  E0                   201   CLR
114C  A4 00                202   ST 0,S
114E  00 00 04             203   LD #1024
1151  DC                   204   PUSHA
1152  D8 64 13             205   CALL malloc
1155  DB 02                206   FREE 2
1157  A4 06                207   ST 6,S
1159  00 00 04             208   LD #1024
115C  DC                   209   PUSHA
115D  D8 64 13             210   CALL malloc
1160  DB 02                211   FREE 2
1162  A4 08                212   ST 8,S
1164  00 D4 12             213   LD #?AB0+119
1167  DC                   214   PUSHA
1168  04 08                215   LD 8,S
116A  DC                   216   PUSHA
116B  04 0C                217   LD 12,S
116D  DC                   218   PUSHA
116E  00 02 00             219   LD #buf+0
1171  DC                   220   PUSHA
1172  08 04                221   LDB #4
1174  D8 37 13             222   CALL printf
1177  DB 08                223   FREE 8
1179  04 06                224   LD 6,S
117B  DC                   225   PUSHA
117C  D8 B8 13             226   CALL free
117F  DB 02                227   FREE 2
1181  04 08                228   LD 8,S
1183  DC                   229   PUSHA
1184  D8 B8 13             230   CALL free
1187  DB 02                231   FREE 2
1189  00 00 F8             232   LD #-2048
DUNFIELD CFLEA ASSEMBLER: HELLO                                        PAGE: 5

118C  DC                   233   PUSHA
118D  E0                   234   CLR
118E  DC                   235   PUSHA
118F  00 00 08             236   LD #2048
1192  DC                   237   PUSHA
1193  D8 05 14             238   CALL memset
1196  DB 06                239   FREE 6
1198  08 01                240   LDB #1
119A  DC                   241   PUSHA
119B  D8 AC 10             242   CALL vid_mode
119E  DB 02                243   FREE 2
11A0  E0                   244   CLR
11A1  A4 00                245   ST 0,S
11A3                       246  ?AB23 EQU *
11A3  04 00                247   LD 0,S
11A5  88 08                248   CMPB #8
11A7  CC                   249   ULT
11A8  D5 0A                250   SJNZ ?AB25
11AA  D0 E4 11             251   JMP ?AB24
11AD                       252  ?AB26 EQU *
11AD  04 00                253   LD 0,S
11AF  E4                   254   INC
11B0  A4 00                255   ST 0,S
11B2  D3 EF                256   SJMP ?AB23
11B4                       257  ?AB25 EQU *
11B4  08 FA                258   LDB #250
11B6  DC                   259   PUSHA
11B7  D8 0D 10             260   CALL wait_ms
11BA  DB 02                261   FREE 2
11BC  E0                   262   CLR
11BD  A4 02                263   ST 2,S
11BF                       264  ?AB27 EQU *
11BF  04 02                265   LD 2,S
11C1  80 00 08             266   CMP #2048
11C4  CC                   267   ULT
11C5  D5 0A                268   SJNZ ?AB29
11C7  D0 E1 11             269   JMP ?AB28
11CA                       270  ?AB30 EQU *
11CA  04 02                271   LD 2,S
11CC  E4                   272   INC
11CD  A4 02                273   ST 2,S
11CF  D3 EE                274   SJMP ?AB27
11D1                       275  ?AB29 EQU *
11D1  04 02                276   LD 2,S
11D3  90 00 F8             277   LDI #-2048
11D6  E8                   278   ADAI
11D7  04 00                279   LD 0,S
11D9  38 0D                280   MULB #13
11DB  14 02                281   ADD 2,S
11DD  AA                   282   STB I
11DE  D0 CA 11             283   JMP ?AB30
11E1                       284  ?AB28 EQU *
11E1  D0 AD 11             285   JMP ?AB26
11E4                       286  ?AB24 EQU *
11E4  E0                   287   CLR
11E5  DC                   288   PUSHA
11E6  D8 AC 10             289   CALL vid_mode
11E9  DB 02                290   FREE 2
DUNFIELD CFLEA ASSEMBLER: HELLO                                        PAGE: 6

11EB  00 00 F8             291   LD #-2048
11EE  DC                   292   PUSHA
11EF  E0                   293   CLR
11F0  DC                   294   PUSHA
11F1  00 00 08             295   LD #2048
11F4  DC                   296   PUSHA
11F5  D8 05 14             297   CALL memset
11F8  DB 06                298   FREE 6
11FA                       299  ?AB31 EQU *
11FA  D8 B4 10             300   CALL wait_vsync
11FD  E0                   301   CLR
11FE  DC                   302   PUSHA
11FF  D8 17 10             303   CALL cpu_cycles
1202  DB 02                304   FREE 2
1204  A4 02                305   ST 2,S
1206  D8 AA 10             306   CALL rtl_version
1209  A4 04                307   ST 4,S
120B  04 00                308   LD 0,S
120D  B8 04                309   SHR #4
120F  E1                   310   COM
1210  EA 01                311   OUT 1
1212  00 00 F8             312   LD #-2048
1215  DC                   313   PUSHA
1216  00 F3 12             314   LD #?AB0+150
1219  DC                   315   PUSHA
121A  04 04                316   LD 4,S
121C  E4                   317   INC
121D  A4 04                318   ST 4,S
121F  DC                   319   PUSHA
1220  04 08                320   LD 8,S
1222  DC                   321   PUSHA
1223  04 0C                322   LD 12,S
1225  B8 08                323   SHR #8
1227  DC                   324   PUSHA
1228  04 0E                325   LD 14,S
122A  58 FF                326   ANDB #255
122C  DC                   327   PUSHA
122D  08 06                328   LDB #6
122F  D8 42 13             329   CALL sprintf
1232  DB 0C                330   FREE 12
1234  00 50 F8             331   LD #-1968
1237  DC                   332   PUSHA
1238  00 00 F8             333   LD #-2048
123B  DC                   334   PUSHA
123C  08 50                335   LDB #80
123E  DC                   336   PUSHA
123F  D8 15 14             337   CALL memcpy
1242  DB 06                338   FREE 6
1244  00 A0 F8             339   LD #-1888
1247  DC                   340   PUSHA
1248  00 50 F8             341   LD #-1968
124B  DC                   342   PUSHA
124C  08 50                343   LDB #80
124E  DC                   344   PUSHA
124F  D8 15 14             345   CALL memcpy
1252  DB 06                346   FREE 6
1254  D8 BC 10             347   CALL wait_nvsync
1257  D0 FA 11             348   JMP ?AB31
DUNFIELD CFLEA ASSEMBLER: HELLO                                        PAGE: 7

125A                       349  ?AB32 EQU *
125A  DB 0A                350   FREE 10
125C  D9                   351   RET
125D  52 44 54 53 43 00 +  352  ?AB0 FCB 82,68,84,83,67,0,67,65,76,76,0,82,69,84,0,65
126D  44 44 20 23 46 46 +  353   FCB 68,68,32,35,70,70,70,70,0,76,68,32,48,48,48,48
127D  00 53 54 20 38 30 +  354   FCB 0,83,84,32,56,48,48,48,0,76,68,32,50,44,83,0
128D  4C 54 00 43 4C 52 +  355   FCB 76,84,0,67,76,82,0,83,84,32,36,70,56,48,48,0
129D  4C 44 20 24 46 38 +  356   FCB 76,68,32,36,70,56,48,48,0,76,68,32,36,70,48,48
12AD  30 00 54 53 41 00 +  357   FCB 48,0,84,83,65,0,79,85,84,32,36,48,49,0,10,67
12BD  79 63 6C 65 20 63 +  358   FCB 121,99,108,101,32,99,111,117,110,116,115,58,10,0,9,37
12CD  73 3A 20 25 75 0A +  359   FCB 115,58,32,37,117,10,0,112,32,61,61,32,37,120,44,32
12DD  70 32 20 3D 3D 20 +  360   FCB 112,50,32,61,61,32,37,120,44,32,38,98,117,102,32,61
12ED  3D 20 25 78 0A 00 +  361   FCB 61,32,37,120,10,0,84,111,109,32,119,97,115,32,104,101
12FD  72 65 21 20 25 35 +  362   FCB 114,101,33,32,37,53,117,32,116,105,109,101,115,44,32,37
130D  35 75 20 63 79 63 +  363   FCB 53,117,32,99,121,99,108,101,115,32,112,101,114,32,99,97
131D  6C 6C 2C 20 74 6F +  364   FCB 108,108,44,32,116,111,112,58,32,37,48,50,120,44,32,99
132D  6F 72 65 3A 20 25 +  365   FCB 111,114,101,58,32,37,48,50,120,0
1337                       366  
1337                       367  *
1337                       368  * Formatted print to the console device: printf(format, args ...)
1337                       369  *
1337  38 02                370  printf	MULB	#2		Word entries
1339  9C 00                371  	LEAI	,S		Point to stack
133B  E8                   372  	ADAI			Point to argument
133C  00 88 15             373  	LD	#putch		Point to output func
133F  D0 2D 14             374  	JMP	format		Format it
1342                       375  *50000 22/5/2026
1342                       376  *
1342                       377  * Formatted print to a string: sprintf(string, format, args ...)
1342                       378  *
1342  38 02                379  sprintf	MULB	#2		Word entries
1344  9C 00                380  	LEAI	,S		Point to stack
1346  E8                   381  	ADAI			Point to argument
1347  02                   382  	LD	I		Get output pointer
1348  A1 00 00             383  	ST	?temp		Save for later
134B  E7                   384  	TIA			Point to it
134C  E5                   385  	DEC			Backup
134D  E5                   386  	DEC			Backup
134E  E6                   387  	TAI			Back to index
134F  00 58 13             388  	LD	#?AD1		Output functino
1352  D8 2D 14             389  	CALL	format		Format it
1355  E0                   390  	CLR			Get zero
1356  D3 02                391  	SJMP	?AD2		And write it
1358  04 02                392  ?AD1	LD	2,S		Get character
135A  91 00 00             393  ?AD2	LDI	?temp		Get output pointer
135D  AA                   394  	STB	I		Write to memory
135E  9B 01                395  	LEAI	1,I		Advance
1360  B1 00 00             396  	STI	?temp		Resave
1363  D9                   397  	RET
1364                       398  *50000 22/5/2026
1364                       399  *
1364                       400  * Allocate a block of memory: char *malloc(size)
1364                       401  *
1364  90 82 00             402  malloc	LDI	#?heap		Point to beginning of heap
1367                       403  * Search for free block of memory
1367  0A                   404  ?AE1	LDB	I		Get flag
1368  D4 30                405  	SJZ	?AE4		End of list, allocate here
136A  E5                   406  	DEC			Un-allocated?
DUNFIELD CFLEA ASSEMBLER: HELLO                                        PAGE: 8

136B  D2 75 13             407  	JNZ	?AE2		No, try next
136E  03 01                408  	LD	1,I		Get size
1370                       409  * Found free block, see if its large enough
1370  84 02                410  	CMP	2,S		Large enough?
1372  CF                   411  	UGE			Complete compare
1373  D5 07                412  	SJNZ	?AE3		Yes, its ok
1375                       413  * This block not suitable, advance to next
1375  03 01                414  ?AE2	LD	1,I		Get size
1377  18 03                415  	ADDB	#3		Adjust for overhead
1379  E8                   416  	ADAI			Advance to next
137A  D3 EB                417  	SJMP	?AE1		And keep looking
137C                       418  * This block is OK to re-allocate
137C  03 01                419  ?AE3	LD	1,I		Get size back
137E  24 02                420  	SUB	2,S		Calculate remaining
1380  A1 00 00             421  	ST	?temp		Save new size
1383  88 03                422  	CMPB	#3		Is it worth splitting?
1385  CD                   423  	ULE			Complete compare
1386  D5 29                424  	SJNZ	?AE6		No, skip it
1388                       425  * Split this block into two blocks
1388  04 02                426  	LD	2,S		Get size of block
138A  DD                   427  	PUSHI			Save index
138B  E8                   428  	ADAI			Offset to next
138C  08 01                429  	LDB	#1		Get released flag
138E  AB 03                430  	STB	3,I		Set it free
1390  01 00 00             431  	LD	?temp		Get size back
1393  28 03                432  	SUBB	#3		Convert
1395  A3 04                433  	ST	4,I		Save size of block
1397  95                   434  	LDI	S+		Restore INDEX
1398  D3 13                435  	SJMP	?AE5		And proceed
139A                       436  * Allocate on end of memory
139A  DF                   437  ?AE4	TSA			Get stack pointer
139B  24 02                438  	SUB	2,S		Adjust for buffer size
139D  20 00 01             439  	SUB	#256		Adjust for margin
13A0  DD                   440  	PUSHI			Save pointer
13A1  85                   441  	CMP	S+		Test it
13A2  CE                   442  	UGT			Complete compare
13A3  D4 12                443  	SJZ	?AE7		No, fail
13A5                       444  * Ok to proceed, allocate memory
13A5  04 02                445  	LD	2,S		Get size
13A7  DD                   446  	PUSHI			Save index
13A8  E8                   447  	ADAI			Offset to new area
13A9  E0                   448  	CLR			Get zero
13AA  AB 03                449  	STB	3,I		Indicate end of list
13AC  95                   450  	LDI	S+		Restore index
13AD  04 02                451  ?AE5	LD	2,S		Get block size
13AF  A3 01                452  	ST	1,I		Save block size
13B1  08 02                453  ?AE6	LDB	#2		Get 'Allocated' flag
13B3  AA                   454  	STB	I		Set it
13B4  9B 03                455  	LEAI	3,I		Point to address
13B6  E7                   456  	TIA			In ACC for return
13B7  D9                   457  ?AE7	RET
13B8                       458  *
13B8                       459  * Release a block of memory: free(ptr)
13B8                       460  *
13B8  04 02                461  free	LD	2,S		Get address
13BA  28 03                462  	SUBB	#3		Backup to "real" beginning
13BC  DC                   463  	PUSHA			Save for later
13BD                       464  * Search the allocation list for this block
DUNFIELD CFLEA ASSEMBLER: HELLO                                        PAGE: 9

13BD  90 82 00             465  	LDI	#?heap		Point to beginning of heap
13C0  0A                   466  ?AE10	LDB	I		Get address
13C1  D4 0F                467  	SJZ	?AE12		End of list
13C3  E7                   468  	TIA			Get address
13C4  84 00                469  	CMP	,S		Is this it?
13C6  D5 07                470  	SJNZ	?AE11		Yes, handle it
13C8  03 01                471  	LD	1,I		Get size
13CA  E8                   472  	ADAI			Advance for size
13CB  9B 03                473  	LEAI	3,I		Include overhead
13CD  D3 F1                474  	SJMP	?AE10		And keep looking
13CF                       475  * Mark this block as un-allocated
13CF  08 01                476  ?AE11	LDB	#1		Get 'deallocated' flag
13D1  AA                   477  	STB	I
13D2  05                   478  ?AE12	LD	S+		Clean up stack
13D3                       479  * Garbage collection, scan allocation list and join any
13D3                       480  * contiguous de-allocated blocks into single areas.
13D3                       481  * Also, truncate list at last allocated block.
13D3  90 82 00             482  	LDI	#?heap		Point to beginning of heap
13D6  0A                   483  ?AE20	LDB	I		Get allocation flag
13D7  D4 2B                484  	SJZ	?AE25		End, quit
13D9  E5                   485  	DEC			Test for de-allocated
13DA  D5 1C                486  	SJNZ	?AE23		No, its not
13DC  03 01                487  	LD	1,I		Get size of block
13DE  B1 00 00             488  	STI	?temp		Save for later
13E1                       489  * This block is free, check following blocks
13E1  E8                   490  ?AE21	ADAI			Point to next block
13E2  0B 03                491  	LDB	3,I		Get next flag
13E4  D4 19                492  	SJZ	?AE24		End of list, its ok
13E6  E5                   493  	DEC			Test for allocated?
13E7  D5 06                494  	SJNZ	?AE22		Yes, stop looking
13E9                       495  * Next block is also free
13E9  03 04                496  	LD	4,I		Get size of next block
13EB  18 03                497  	ADDB	#3		Adjust for three
13ED  D3 F2                498  	SJMP	?AE21		And keep looking
13EF                       499  * Resave this block size
13EF  E7                   500  ?AE22	TIA			Get end address
13F0  21 00 00             501  	SUB	?temp		Convert to actual size
13F3  91 00 00             502  	LDI	?temp		Get original pointer
13F6  A3 01                503  	ST	1,I		Save new size
13F8                       504  * Advance to next block in list
13F8  03 01                505  ?AE23	LD	1,I		Get length
13FA  E8                   506  	ADAI			Offset to next
13FB  9B 03                507  	LEAI	3,I		Include overhead
13FD  D3 D7                508  	SJMP	?AE20		And keep looking
13FF                       509  * Mark this block as end of list
13FF  01 00 00             510  ?AE24	LD	?temp		Get pointer
1402  E0                   511  	CLR			Get zero
1403  AA                   512  	STB	I		Indicate end of list
1404  D9                   513  ?AE25	RET
1405                       514  *50000 22/5/2026
1405                       515  *
1405                       516  * Set memory to a specified value: memset(block, value, size)
1405                       517  *
1405  94 06                518  memset	LDI	6,S		Get pointer
1407  04 02                519  ?AF1	LD	2,S		Get size
1409  D4 21                520  	SJZ	?AF2		Zero, exit
140B  E5                   521  	DEC			Backup
140C  A4 02                522  	ST	2,S		Resave
DUNFIELD CFLEA ASSEMBLER: HELLO                                        PAGE: 10

140E  04 04                523  	LD	4,S		Get value
1410  AA                   524  	STB	I		Write to memory
1411  9B 01                525  	LEAI	1,I		Advance
1413  D3 F2                526  	SJMP	?AF1		And proceed
1415                       527  *
1415                       528  * Copy memory: memcpy(dest, source, size)
1415                       529  *
1415  04 02                530  memcpy	LD	2,S		Get size
1417  D4 13                531  	SJZ	?AF2		Zero, exit
1419  E5                   532  	DEC			Reduce count
141A  A4 02                533  	ST	2,S		Resave
141C  94 04                534  	LDI	4,S		Get source
141E  0A                   535  	LDB	I		Get byte
141F  9B 01                536  	LEAI	1,I		Advance
1421  B4 04                537  	STI	4,S		Resave
1423  94 06                538  	LDI	6,S		Get dest
1425  AA                   539  	STB	I		Write byte
1426  9B 01                540  	LEAI	1,I		Advance
1428  B4 06                541  	STI	6,S		Resave
142A  D3 E9                542  	SJMP	memcpy		And proceed
142C  D9                   543  ?AF2	RET
142D                       544  *50000 22/5/2026
142D                       545  *
142D                       546  * Format to "printf" output: A=Output Function, I = Argument List
142D                       547  *
142D  DC                   548  format	PUSHA			Save output function pointer
142E  DD                   549  	PUSHI			Save argument pointer
142F  DA 0A                550  	ALLOC	10		Save  flag variable
1431                       551  * Local variable & argument offsets
000C                       552  ?AG1	EQU	12		Pointer to output function
000A                       553  ?AG2	EQU	10		Pointer to argument list
0004                       554  ?AG3	EQU	4		Buffer for number conversions (6 bytes)
0002                       555  ?AG4	EQU	2		Temporary locations
0001                       556  ?AG5	EQU	1		Character count
0000                       557  ?AG6	EQU	0		Formatting controls
1431                       558  *
1431  94 0A                559  	LDI	?AG2,S		Get arg pointer
1433  92                   560  	LDI	I		Get format string
1434  0A                   561  ?AG7	LDB	I		Get character from string
1435  D4 12                562  	SJZ	?AG8		Exit if end
1437  88 25                563  	CMPB	#'%'		Format character
1439  D5 12                564  	SJNZ	?AG10		Yes, handle it
143B  0A                   565  	LDB	I		Get char back
143C  9B 01                566  	LEAI	1,I		Advance pointer
143E  DD                   567  	PUSHI			Save Index
143F  DC                   568  	PUSHA			Pass character
1440  04 10                569  	LD	4+?AG1,S		Get output function
1442  D8 4C 14             570  	CALL	?AG9		Output the character
1445  05                   571  	LD	S+		Clean stack
1446  95                   572  	LDI	S+		Get Index back
1447  D3 EB                573  	SJMP	?AG7		And proceed
1449  DB 0E                574  ?AG8	FREE	14		Release stack
144B  D9                   575  	RET
144C                       576  * Call output function in A
144C  D6                   577  ?AG9	IJMP			Call function
144D                       578  * Format character located
144D  9B 01                579  ?AG10	LEAI	1,I		Skip to next
144F  E0                   580  	CLR			Begin with zero
DUNFIELD CFLEA ASSEMBLER: HELLO                                        PAGE: 11

1450  A4 02                581  	ST	?AG4,S		Save for later
1452                       582  * Check for leading '-' = Left justify
1452  AC 00                583  	STB	?AG6,S		Init. flag
1454  AC 01                584  	STB	?AG5,S		Init. count
1456  0A                   585  	LDB	I		Get char
1457  88 2D                586  	CMPB	#'-'		Minus?
1459  D4 06                587  	SJZ	?AG11		No, try next
145B  9B 01                588  	LEAI	1,I		Advance pointer
145D  08 80                589  	LDB	#%10000000	Set justify flag
145F  AC 00                590  	STB	?AG6,S		Resave
1461                       591  * Check for leading '0' = Zero fill
1461  0A                   592  ?AG11	LDB	I		Get char back
1462  88 30                593  	CMPB	#'0'		Zero fill?
1464  D4 08                594  	SJZ	?AG12		No, try next
1466  9B 01                595  	LEAI	1,I		Advance
1468  0C 00                596  	LDB	?AG6,S		Get value
146A  68 40                597  	ORB	#%01000000	Set zero fill flag
146C  AC 00                598  	STB	?AG6,S		Resave
146E                       599  * Get field width
146E  0A                   600  ?AG12	LDB	I		Get character
146F  28 30                601  	SUBB	#'0'		Convert to binary
1471  DC                   602  	PUSHA			Save
1472  88 0A                603  	CMPB	#10		In range?
1474  CC                   604  	ULT			Must be less than
1475  D4 0B                605  	SJZ	?AG13		Nope
1477  9B 01                606  	LEAI	1,I		Skip digit
1479  04 04                607  	LD	2+?AG4,S		Get old value
147B  38 0A                608  	MULB	#10		x10
147D  15                   609  	ADD	S+		Include new
147E  A4 02                610  	ST	?AG4,S		Resave
1480  D3 EC                611  	SJMP	?AG12		Do them all
1482  05                   612  ?AG13	LD	S+		Clear stack
1483  04 02                613  	LD	?AG4,S		Get value
1485  6C 00                614  	ORB	?AG6,S		Include previous flags
1487  AC 00                615  	STB	?AG6,S		Resave
1489                       616  * Lookup character & dispatch handler
1489  DD                   617  	PUSHI			Save format pointer
148A  04 0C                618  	LD	2+?AG2,S		Get argptr
148C  E5                   619  	DEC			Backup
148D  E5                   620  	DEC			Backup
148E  A4 0C                621  	ST	2+?AG2,S		Resave
1490  E6                   622  	TAI			Address
1491  02                   623  	LD	I		Get value
1492  A4 04                624  	ST	2+?AG4,S		Resave
1494  0F                   625  	LDB	[S]		Get next character
1495  99 99 14             626  	LEAI	?AG14		Point to table
1498  D7                   627  	SWITCH			Lookup & execute
1499  B5 14 6F 00          628  ?AG14	FDB	?AG15,'o'		Octal number
149D  B9 14 64 00          629  	FDB	?AG16,'d'		Decimal number
14A1  D9 14 75 00          630  	FDB	?AG17,'u'		Unsigned number
14A5  DD 14 78 00          631  	FDB	?AG18,'x'		Hexidecimal number
14A9  33 15 63 00          632  	FDB	?AG26,'c'		Character output
14AD  3E 15 73 00          633  	FDB	?AG28,'s'		String output
14B1  00 00 35 15          634  	FDB	0,?AG27		Ignore it
14B5                       635  * '%o' - Octal number
14B5  08 08                636  ?AG15	LDB	#8		Base 8
14B7  D3 26                637  	SJMP	?AG19		Do number
14B9                       638  * '%d' - signed Decimal number
DUNFIELD CFLEA ASSEMBLER: HELLO                                        PAGE: 12

14B9  04 04                639  ?AG16	LD	2+?AG4,S		Get value
14BB  50 00 80             640  	AND	#$8000		Negatve?
14BE  D4 19                641  	SJZ	?AG17		Nothing special
14C0  08 2D                642  	LDB	#'-'		Minus size
14C2  DC                   643  	PUSHA			Pass to function
14C3  04 10                644  	LD	4+?AG1,S		Get output function
14C5  D8 4C 14             645  	CALL	?AG9		Call function
14C8  05                   646  	LD	S+		Clean stack
14C9  04 04                647  	LD	2+?AG4,S		Get value
14CB  E2                   648  	NEG			Negate
14CC  A4 04                649  	ST	2+?AG4,S		And prcoeed
14CE  0C 02                650  	LDB	2+?AG6,S		Get length
14D0  58 7F                651  	ANDB	#%001111111	Free format?
14D2  D4 05                652  	SJZ	?AG17		Yes, ignore
14D4  0C 02                653  	LDB	2+?AG6,S		Get value back
14D6  E5                   654  	DEC			Adjust for '-'
14D7  AC 02                655  	STB	2+?AG6,S		Resave
14D9                       656  * '%u' - Unsigned decimal number
14D9  08 0A                657  ?AG17	LDB	#10		Base 10 output
14DB  D3 02                658  	SJMP	?AG19		Do number
14DD                       659  * '%x' - heXidecimal number
14DD  08 10                660  ?AG18	LDB	#16		Base 16 output
14DF                       661  * Output a number in the specified number base
14DF  AC 06                662  ?AG19	STB	2+?AG3,S		Save number base
14E1  9C 0C                663  	LEAI	6+2+?AG3,S	Point to END of buffer
14E3  E7                   664  ?AG20	TIA			Get index
14E4  E5                   665  	DEC			Backup
14E5  E6                   666  	TAI			Set index
14E6  0C 03                667  	LDB	2+?AG5,S		Get count
14E8  E4                   668  	INC			Advance
14E9  AC 03                669  	STB	2+?AG5,S		Resave
14EB  04 04                670  	LD	2+?AG4,S		Get value
14ED  4C 06                671  	DIVB	2+?AG3,S		Divide by 10
14EF  DC                   672  	PUSHA			Save quotient
14F0  E9                   673  	ALT			Get remainder
14F1  18 30                674  	ADDB	#'0'		Convert to ASCII
14F3  AA                   675  	STB	I		Write to stack
14F4  88 39                676  	CMPB	#'9'		Is it HEX?
14F6  CE                   677  	UGT			Complete test
14F7  D4 04                678  	SJZ	?AG21		Yes it is
14F9  0A                   679  	LDB	I		Get char back
14FA  18 07                680  	ADDB	#7		Adjust
14FC  AA                   681  	STB	I		Resave char
14FD  05                   682  ?AG21	LD	S+		Get quotient
14FE  A4 04                683  	ST	2+?AG4,S		Save new value
1500  D5 E1                684  	SJNZ	?AG20		Do them all
1502                       685  * At this point, I = pointer, ?5=Length
1502  0C 03                686  ?AG22	LDB	2+?AG5,S		Get count
1504  AC 05                687  	STB	3+?AG4,S		Set extra count
1506  0C 02                688  	LDB	2+?AG6,S		Get flag
1508  58 80                689  	ANDB	#%10000000	Left justify?
150A  D5 03                690  	SJNZ	?AG23		Yes, don't fill
150C  D8 50 15             691  	CALL	?AG31		Do any pre-output
150F  0C 05                692  ?AG23	LDB	3+?AG4,S		Get count
1511  D4 11                693  	SJZ	?AG24		All done, exit
1513  E5                   694  	DEC			Reduce count
1514  AC 05                695  	STB	3+?AG4,S		Resave
1516  0A                   696  	LDB	I		Get character from string
DUNFIELD CFLEA ASSEMBLER: HELLO                                        PAGE: 13

1517  9B 01                697  	LEAI	1,I		Advance
1519  DD                   698  	PUSHI			Save it
151A  DC                   699  	PUSHA			Pass character
151B  04 12                700  	LD	6+?AG1,S		Get output function
151D  D8 4C 14             701  	CALL	?AG9		Output character
1520  05                   702  	LD	S+		Clean stack
1521  95                   703  	LDI	S+		Restore I
1522  D3 EB                704  	SJMP	?AG23		Go again
1524  0C 02                705  ?AG24	LDB	2+?AG6,S		Get flag
1526  58 80                706  	ANDB	#%10000000	Left justify
1528  D4 03                707  	SJZ	?AG25		No, skip it
152A  D8 50 15             708  	CALL	?AG31		Post justify
152D  95                   709  ?AG25	LDI	S+		Restore format string
152E  9B 01                710  	LEAI	1,I		Advance pointer
1530  D0 34 14             711  	JMP	?AG7		And proceed
1533                       712  * '%c' - output character
1533  0C 04                713  ?AG26	LDB	2+?AG4,S		Get character
1535  9C 06                714  ?AG27	LEAI	2+?AG3,S		Point to buffer
1537  AA                   715  	STB	I		Save it
1538  08 01                716  	LDB	#1		Get 1
153A  AC 03                717  	STB	2+?AG5,S
153C  D3 C4                718  	SJMP	?AG22
153E                       719  * '%s' - output string
153E  94 04                720  ?AG28	LDI	2+?AG4,S		Get string pointer
1540  0A                   721  ?AG29	LDB	I		Get character
1541  D4 09                722  	SJZ	?AG30		End of string
1543  9B 01                723  	LEAI	1,I		Skip to next
1545  0C 03                724  	LDB	2+?AG5,S		Get count
1547  E4                   725  	INC			Advance
1548  AC 03                726  	STB	2+?AG5,S		Resave count
154A  D3 F4                727  	SJMP	?AG29		And proceed
154C  94 04                728  ?AG30	LDI	2+?AG4,S		Get pointer back
154E  D3 B2                729  	SJMP	?AG22		And output
1550                       730  * Perform pre-output justify
1550  0C 04                731  ?AG31	LDB	4+?AG6,S		Get flag
1552  58 3F                732  	ANDB	#%00111111	Save length only
1554  D4 23                733  	SJZ	?AG35		No justify
1556  AC 06                734  	STB	4+?AG4,S		Save for later
1558  DD                   735  	PUSHI			Save index
1559  0C 07                736  ?AG32	LDB	6+?AG5,S		Get count
155B  8C 08                737  	CMPB	6+?AG4,S		Are we over
155D  CF                   738  	UGE			Complete test
155E  D5 18                739  	SJNZ	?AG34		Yes, exit
1560  0C 06                740  	LDB	6+?AG6,S		Get flag
1562  58 40                741  	ANDB	#%01000000	Zero fill?
1564  D4 02                742  	SJZ	?AG33		No, use ' '
1566  08 10                743  	LDB	#'0'-' '	Get value
1568  18 20                744  ?AG33	ADDB	#' '		Convert to char
156A  DC                   745  	PUSHA			Pass character
156B  04 14                746  	LD	8+?AG1,S		Get output function
156D  D8 4C 14             747  	CALL	?AG9		Output character
1570  05                   748  	LD	S+		Clean stack
1571  0C 08                749  	LDB	6+?AG4,S		Get remaining width
1573  E5                   750  	DEC			Reduce
1574  AC 08                751  	STB	6+?AG4,S		Resave
1576  D3 E1                752  	SJMP	?AG32		Do next
1578  95                   753  ?AG34	LDI	S+		Restore index
1579  D9                   754  ?AG35	RET
DUNFIELD CFLEA ASSEMBLER: HELLO                                        PAGE: 14

157A                       755  *50000 22/5/2026
157A                       756  *
157A                       757  * Write a string to the console: putstr(string)
157A                       758  *
157A  94 02                759  putstr	LDI	2,S		Get argument
157C  0A                   760  ?putstr	LDB	I		Get char
157D  D4 37                761  	SJZ	?AH2		Exit
157F  9B 01                762  	LEAI	1,I		Advance
1581  DC                   763  	PUSHA			Pass parm
1582  D8 8A 15             764  	CALL	?putch		Output it
1585  05                   765  	LD	S+		Clean stack
1586  D3 F4                766  	SJMP	?putstr		And proceed
1588                       767  *
1588                       768  * Output character to console with newline translation: putch(c)
1588                       769  *
1588  04 02                770  putch	LD	2,S		Get character
158A  80 0A 00             771  ?putch	CMP	#$0A		Newline?
158D  D4 05                772  	SJZ	putchr		No, don't process
158F  08 0D                773  	LDB	#$0D		Get RETURN
1591  D8 96 15             774  	CALL	?putchr		Output it
1594                       775  *
1594                       776  * Output 'raw' character to console: putchr(c)
1594                       777  *
1594  04 02                778  putchr	LD	2,S		Get character
1596  EA 00                779  ?putchr	OUT	0		Write to console
1598  D9                   780  	RET
1599                       781  *
1599                       782  * Read a character from console with newline translation: getch()
1599                       783  *
1599  D8 A6 15             784  getch	CALL	chkch		Test for character ready
159C  D4 FB                785  	SJZ	getch		Wait for it
159E  D9                   786  	RET
159F                       787  *
159F                       788  * Read 'raw' character from console: getchr()
159F                       789  *
159F  EB 00                790  getchr	IN	0		Read console port
15A1  E4                   791  	INC			Test for character
15A2  D4 FB                792  	SJZ	getchr		Wait for character
15A4  E5                   793  	DEC			Restore proper character
15A5  D9                   794  	RET
15A6                       795  *
15A6                       796  * Check for character from the console with translation: chkch()
15A6                       797  *
15A6  EB 00                798  chkch	IN	0		Read port 0
15A8  E4                   799  	INC			Test for char
15A9  D4 0B                800  	SJZ	?AH2		None, exit
15AB  E5                   801  	DEC			Restore proper char
15AC  DC                   802  	PUSHA			Save for later
15AD  88 0D                803  	CMPB	#$0D		RETURN?
15AF  D4 04                804  	SJZ	?AH1		No, its OK
15B1  05                   805  	LD	S+		Clean stack
15B2  08 0A                806  	LDB	#$0A		Get NEWLINE
15B4  D9                   807  	RET
15B5  05                   808  ?AH1	LD	S+		Get char back
15B6  D9                   809  ?AH2	RET
15B7                       810  *
15B7                       811  * Check for 'raw' character from the console: chkchr()
15B7                       812  *
DUNFIELD CFLEA ASSEMBLER: HELLO                                        PAGE: 15

15B7  EB 00                813  chkchr	IN	0		Read port 0
15B9  D9                   814  	RET
15BA                       815  *
15BA                       816  * Get string from console (with editing): getstr(string, size)
15BA                       817  *
15BA  E0                   818  getstr	CLR			Zero length
15BB  DC                   819  	PUSHA			Save on stack
15BC  D8 9F 15             820  ?AH3	CALL	getchr		Get a character
15BF  90 C3 15             821  	LDI	#?AH4		Point to table
15C2  D7                   822  	SWITCH			Dispatch
15C3  EC 15 08 00          823  ?AH4	FDB	?AH6,$08		Backspace
15C7  EC 15 7F 00          824  	FDB	?AH6,$7F		Delete
15CB  FB 15 0D 00          825  	FDB	?AH7,$0D		Return
15CF  00 00 D3 15          826  	FDB	0,?AH5		Default
15D3                       827  * Normal character
15D3  A9 00 00             828  ?AH5	STB	?temp		Save for later
15D6  04 00                829  	LD	,S		Get current position
15D8  84 04                830  	CMP	4,S		Are we OK
15DA  CF                   831  	UGE			Test for over
15DB  D5 DF                832  	SJNZ	?AH3		Ignore
15DD  94 06                833  	LDI	6,S		Get pointer
15DF  05                   834  	LD	S+		Get size
15E0  E8                   835  	ADAI			Adjust pointer
15E1  E4                   836  	INC			Advance count
15E2  DC                   837  	PUSHA			Resave
15E3  09 00 00             838  	LDB	?temp		Get char back
15E6  AA                   839  	STB	I		Save in buffer
15E7  D8 96 15             840  	CALL	?putchr		Echo it
15EA  D3 D0                841  	SJMP	?AH3		And proceed
15EC                       842  * Backspace & delete
15EC  04 00                843  ?AH6	LD	,S		Get count
15EE  D4 CC                844  	SJZ	?AH3		At zero, ignore
15F0  E5                   845  	DEC			Backup
15F1  A4 00                846  	ST	,S		Resave
15F3  90 05 16             847  	LDI	#?AH8		Point to message
15F6  D8 7C 15             848  	CALL	?putstr		Output
15F9  D3 C1                849  	SJMP	?AH3		And proceed
15FB                       850  * RETURN, terminate entry
15FB  94 06                851  ?AH7	LDI	6,S		Get buffer pointer
15FD  05                   852  	LD	S+		Get count
15FE  E8                   853  	ADAI			Adjust pointer
15FF  E0                   854  	CLR			Get zero
1600  AA                   855  	STB	I		Terminate buffer
1601  08 0A                856  	LDB	#$0A		Newline
1603  D3 91                857  	SJMP	?putchr		Output
1605  08 20 08 00          858  ?AH8	FCB	$08,' ',$08,0
1609                       859  *50000 22/5/2026
1609                       860  *
1609                       861  * DDS MICRO-C C-FLEA Runtime Library - Middle file
1609                       862  *
1609                       863  * Copyright 1991-2005 Dave Dunfield
1609                       864  * All rights reserved.
1609                       865  *
0000                       866  	ORG	$0000		Start RAM based variables here
0000                       867  ?temp	RMB	2		Temporary location used by compiler
0002                       868  *50000 22/5/2026
0002                       869  buf RMB 128
0082                       870  *
DUNFIELD CFLEA ASSEMBLER: HELLO                                        PAGE: 16

0082                       871  * DDS MICRO-C C-FLEA Runtime Library - Suffix file
0082                       872  *
0082                       873  * Copyright 1991-2005 Dave Dunfield
0082                       874  * All rights reserved.
0082                       875  *
0082                       876  ?heap	EQU	*		Beginning of unused RAM
0082                       877  *50000 22/5/2026
DUNFIELD CFLEA ASSEMBLER: HELLO                                        PAGE: 17

SYMBOL TABLE:

?AB0    -125D   ?AB1    -10A8   ?AB10   -1046   ?AB11   -104A   ?AB12   -104E
?AB13   -1054   ?AB14   -105A   ?AB15   -1060   ?AB16   -1064   ?AB17   -10A9
?AB18   -1104   ?AB19   -114B   ?AB2    -106C   ?AB20   -1119   ?AB21   -1112
?AB22   -1130   ?AB23   -11A3   ?AB24   -11E4   ?AB25   -11B4   ?AB26   -11AD
?AB27   -11BF   ?AB28   -11E1   ?AB29   -11D1   ?AB3    -101D   ?AB30   -11CA
?AB31   -11FA   ?AB32   -125A   ?AB4    -1020   ?AB5    -1028   ?AB6    -102F
?AB7    -1035   ?AB8    -103B   ?AB9    -1041   ?AD1    -1358   ?AD2    -135A
?AE1    -1367   ?AE10   -13C0   ?AE11   -13CF   ?AE12   -13D2   ?AE2    -1375
?AE20   -13D6   ?AE21   -13E1   ?AE22   -13EF   ?AE23   -13F8   ?AE24   -13FF
?AE25   -1404   ?AE3    -137C   ?AE4    -139A   ?AE5    -13AD   ?AE6    -13B1
?AE7    -13B7   ?AF1    -1407   ?AF2    -142C   ?AG1    -000C   ?AG10   -144D
?AG11   -1461   ?AG12   -146E   ?AG13   -1482   ?AG14   -1499   ?AG15   -14B5
?AG16   -14B9   ?AG17   -14D9   ?AG18   -14DD   ?AG19   -14DF   ?AG2    -000A
?AG20   -14E3   ?AG21   -14FD   ?AG22   -1502   ?AG23   -150F   ?AG24   -1524
?AG25   -152D   ?AG26   -1533   ?AG27   -1535   ?AG28   -153E   ?AG29   -1540
?AG3    -0004   ?AG30   -154C   ?AG31   -1550   ?AG32   -1559   ?AG33   -1568
?AG34   -1578   ?AG35   -1579   ?AG4    -0002   ?AG5    -0001   ?AG6    -0000
?AG7    -1434   ?AG8    -1449   ?AG9    -144C   ?AH1    -15B5   ?AH2    -15B6
?AH3    -15BC   ?AH4    -15C3   ?AH5    -15D3   ?AH6    -15EC   ?AH7    -15FB
?AH8    -1605   ?heap   -0082   ?putch  -158A   ?putchr -1596   ?putstr -157C
?temp   -0000   buf     -0002   chkch   -15A6   chkchr  -15B7   cpu_cycles              -1017
cpu_cycles_1            -1024   cpu_cycles_2            -102D   exit    -100B
format  -142D   free    -13B8   getch   -1599   getchr  -159F   getstr  -15BA
main    -10F2   malloc  -1364   memcpy  -1415   memset  -1405   printf  -1337
putch   -1588   putchr  -1594   putstr  -157A   read_video_stat         -10B1
rtl_version             -10AA   sprintf -1342   tests   -10D4   vid_mode-10AC
wait_active_top         -10CC   wait_active_vid         -10CC   wait_hsync              -10C4
wait_hsync_top          -10C4   wait_ms -100D   wait_ms_top             -100F
wait_nvsync             -10BC   wait_nvsync_top         -10BC   wait_vsync              -10B4
wait_vsync_top          -10B4
