DUNFIELD CFLEA ASSEMBLER: TEXT                                         PAGE: 1

0000                         1  *#cpu CFLEA
0000                         2  *
0000                         3  * DDS MICRO-C C-FLEA Runtime Library - Prefix file
0000                         4  *
0000                         5  * Copyright 1991-2005 Dave Dunfield
0000                         6  * All rights reserved.
0000                         7  *
1000                         8  	ORG	$1000		Place code in memory here
1000                         9  * Begin execution here... Setup stack, zero heap & call main()
1000  00 00 10              10  	LD	#*		Stack below here
1003  DE                    11  	TAS			Set up stack
1004  E0                    12  	CLR			Get zero
1005  A9 02 00              13  	STB	?heap		Zero heap
1008  D8 AD 10              14  	CALL	main		Run main program
100B                        15  * Most embedded programs will never return or exit, however if they
100B                        16  * do, this section of code should do something appropriate, either
100B                        17  * restart the program, or stop the machine. For this system, we will
100B                        18  * simply freeze by entering an infinite loop.
100B  D3 FE                 19  exit	SJMP	*		Loop forever
100D                        20  *50000 22/5/2026
100D                        21  wait_ms EQU *
100D  EA 11                 22  		OUT $11			* clear timer
100F                        23  wait_ms_top
100F  EB 11                 24  		IN $11			* read timer
1011  84 02                 25  		CMP 2,S			* compare to ms 
1013  D4 FA                 26  		SJZ wait_ms_top  * wait till ms passes
1015  D9                    27   RET
1016                        28  wait_xms EQU *
1016                        29  ?AB1 EQU *
1016  04 02                 30   LD 2,S
1018  D1 42 10              31   JZ ?AB2
101B  04 02                 32   LD 2,S
101D  88 FF                 33   CMPB #255
101F  CE                    34   UGT
1020  D1 34 10              35   JZ ?AB3
1023  08 FF                 36   LDB #255
1025  DC                    37   PUSHA
1026  D8 0D 10              38   CALL wait_ms
1029  DB 02                 39   FREE 2
102B  04 02                 40   LD 2,S
102D  28 FF                 41   SUBB #255
102F  A4 02                 42   ST 2,S
1031  D0 3F 10              43   JMP ?AB4
1034                        44  ?AB3 EQU *
1034  04 02                 45   LD 2,S
1036  DC                    46   PUSHA
1037  D8 0D 10              47   CALL wait_ms
103A  DB 02                 48   FREE 2
103C  D0 42 10              49   JMP ?AB5
103F                        50  ?AB4 EQU *
103F  D0 16 10              51   JMP ?AB1
1042                        52  ?AB2 EQU *
1042                        53  ?AB5 EQU *
1042  D9                    54   RET
1043                        55  vid_mode EQU *
1043  04 02                 56  		LD 2,S
1045  EA 12                 57  		OUT $12
1047  D9                    58   RET
DUNFIELD CFLEA ASSEMBLER: TEXT                                         PAGE: 2

1048                        59  read_video_stat EQU *
1048  EB 12                 60  		IN $12
104A  D9                    61   RET
104B                        62  wait_vsync EQU *
104B                        63  wait_vsync_top
104B  EB 12                 64  		IN $12
104D  58 02                 65  		ANDB #2
104F  D5 FA                 66  		SJNZ wait_vsync_top
1051  D9                    67   RET
1052                        68  wait_nvsync EQU *
1052                        69  wait_nvsync_top
1052  EB 12                 70  		IN $12
1054  58 02                 71  		ANDB #2
1056  D4 F3                 72  		SJZ wait_vsync_top
1058  D9                    73   RET
1059                        74  wait_hsync EQU *
1059                        75  wait_hsync_top
1059  EB 12                 76  		IN $12
105B  58 04                 77  		ANDB #4
105D  D5 EC                 78  		SJNZ wait_vsync_top
105F  D9                    79   RET
1060                        80  wait_active_vid EQU *
1060                        81  wait_active_top
1060  EB 12                 82  		IN $12
1062  58 08                 83  		ANDB #8
1064  D1 60 10              84  		JZ wait_active_top
1067  D9                    85   RET
1068                        86  clrscr EQU *
1068  00 00 F8              87   LD #-2048
106B  DC                    88   PUSHA
106C  E0                    89   CLR
106D  DC                    90   PUSHA
106E  00 00 08              91   LD #2048
1071  DC                    92   PUSHA
1072  D8 80 11              93   CALL memset
1075  DB 06                 94   FREE 6
1077  D9                    95   RET
1078  DA 02                 96  putsxy ALLOC 2
107A  04 04                 97   LD 4,S
107C  38 50                 98   MULB #80
107E  10 00 F8              99   ADD #-2048
1081  14 06                100   ADD 6,S
1083  A4 00                101   ST 0,S
1085                       102  ?AB6 EQU *
1085  94 08                103   LDI 8,S
1087  0A                   104   LDB I
1088  D1 9D 10             105   JZ ?AB7
108B  04 00                106   LD 0,S
108D  E6                   107   TAI ;
108E  E4                   108   INC
108F  A4 00                109   ST 0,S
1091  04 08                110   LD 8,S
1093  DD                   111   PUSHI
1094  E6                   112   TAI
1095  E4                   113   INC
1096  A4 0A                114   ST 8+2,S
1098  0A                   115   LDB I
1099  AE                   116   STB [S+]
DUNFIELD CFLEA ASSEMBLER: TEXT                                         PAGE: 3

109A  D0 85 10             117   JMP ?AB6
109D                       118  ?AB7 EQU *
109D  95                   119   LDI S+
109E  D9                   120   RET
109F                       121  plotxy EQU *
109F  04 02                122   LD 2,S
10A1  38 30                123   MULB #48
10A3  14 04                124   ADD 4,S
10A5  90 00 F8             125   LDI #-2048
10A8  E8                   126   ADAI
10A9  0C 06                127   LDB 6,S
10AB  AA                   128   STB I
10AC  D9                   129   RET
10AD  DA 04                130  main ALLOC 4
10AF                       131  ?AB8 EQU *
10AF  E0                   132   CLR
10B0  DC                   133   PUSHA
10B1  D8 43 10             134   CALL vid_mode
10B4  DB 02                135   FREE 2
10B6  D8 68 10             136   CALL clrscr
10B9  E0                   137   CLR
10BA  A4 00                138   ST 0,S
10BC                       139  ?AB10 EQU *
10BC  04 00                140   LD 0,S
10BE  88 50                141   CMPB #80
10C0  CC                   142   ULT
10C1  D5 0A                143   SJNZ ?AB12
10C3  D0 ED 10             144   JMP ?AB11
10C6                       145  ?AB13 EQU *
10C6  04 00                146   LD 0,S
10C8  E4                   147   INC
10C9  A4 00                148   ST 0,S
10CB  D3 EF                149   SJMP ?AB10
10CD                       150  ?AB12 EQU *
10CD  00 78 11             151   LD #?AB0+0
10D0  DC                   152   PUSHA
10D1  04 02                153   LD 2,S
10D3  DC                   154   PUSHA
10D4  E0                   155   CLR
10D5  DC                   156   PUSHA
10D6  D8 78 10             157   CALL putsxy
10D9  DB 06                158   FREE 6
10DB  00 7A 11             159   LD #?AB0+2
10DE  DC                   160   PUSHA
10DF  04 02                161   LD 2,S
10E1  DC                   162   PUSHA
10E2  08 18                163   LDB #24
10E4  DC                   164   PUSHA
10E5  D8 78 10             165   CALL putsxy
10E8  DB 06                166   FREE 6
10EA  D0 C6 10             167   JMP ?AB13
10ED                       168  ?AB11 EQU *
10ED  E0                   169   CLR
10EE  A4 02                170   ST 2,S
10F0                       171  ?AB14 EQU *
10F0  04 02                172   LD 2,S
10F2  88 19                173   CMPB #25
10F4  CC                   174   ULT
DUNFIELD CFLEA ASSEMBLER: TEXT                                         PAGE: 4

10F5  D5 0A                175   SJNZ ?AB16
10F7  D0 21 11             176   JMP ?AB15
10FA                       177  ?AB17 EQU *
10FA  04 02                178   LD 2,S
10FC  E4                   179   INC
10FD  A4 02                180   ST 2,S
10FF  D3 EF                181   SJMP ?AB14
1101                       182  ?AB16 EQU *
1101  00 7C 11             183   LD #?AB0+4
1104  DC                   184   PUSHA
1105  E0                   185   CLR
1106  DC                   186   PUSHA
1107  04 06                187   LD 6,S
1109  DC                   188   PUSHA
110A  D8 78 10             189   CALL putsxy
110D  DB 06                190   FREE 6
110F  00 7E 11             191   LD #?AB0+6
1112  DC                   192   PUSHA
1113  08 4F                193   LDB #79
1115  DC                   194   PUSHA
1116  04 06                195   LD 6,S
1118  DC                   196   PUSHA
1119  D8 78 10             197   CALL putsxy
111C  DB 06                198   FREE 6
111E  D0 FA 10             199   JMP ?AB17
1121                       200  ?AB15 EQU *
1121  00 88 13             201   LD #5000
1124  DC                   202   PUSHA
1125  D8 16 10             203   CALL wait_xms
1128  DB 02                204   FREE 2
112A  08 01                205   LDB #1
112C  DC                   206   PUSHA
112D  D8 43 10             207   CALL vid_mode
1130  DB 02                208   FREE 2
1132  D8 68 10             209   CALL clrscr
1135  08 07                210   LDB #7
1137  DC                   211   PUSHA
1138  E0                   212   CLR
1139  DC                   213   PUSHA
113A  E0                   214   CLR
113B  DC                   215   PUSHA
113C  D8 9F 10             216   CALL plotxy
113F  DB 06                217   FREE 6
1141  08 38                218   LDB #56
1143  DC                   219   PUSHA
1144  08 2F                220   LDB #47
1146  DC                   221   PUSHA
1147  E0                   222   CLR
1148  DC                   223   PUSHA
1149  D8 9F 10             224   CALL plotxy
114C  DB 06                225   FREE 6
114E  08 C0                226   LDB #192
1150  DC                   227   PUSHA
1151  E0                   228   CLR
1152  DC                   229   PUSHA
1153  08 27                230   LDB #39
1155  DC                   231   PUSHA
1156  D8 9F 10             232   CALL plotxy
DUNFIELD CFLEA ASSEMBLER: TEXT                                         PAGE: 5

1159  DB 06                233   FREE 6
115B  08 FF                234   LDB #255
115D  DC                   235   PUSHA
115E  08 2F                236   LDB #47
1160  DC                   237   PUSHA
1161  08 27                238   LDB #39
1163  DC                   239   PUSHA
1164  D8 9F 10             240   CALL plotxy
1167  DB 06                241   FREE 6
1169  00 88 13             242   LD #5000
116C  DC                   243   PUSHA
116D  D8 16 10             244   CALL wait_xms
1170  DB 02                245   FREE 2
1172  D0 AF 10             246   JMP ?AB8
1175                       247  ?AB9 EQU *
1175  DB 04                248   FREE 4
1177  D9                   249   RET
1178  41 00 42 00 43 00 +  250  ?AB0 FCB 65,0,66,0,67,0,68,0
1180                       251  *
1180                       252  * Set memory to a specified value: memset(block, value, size)
1180                       253  *
1180  94 06                254  memset	LDI	6,S		Get pointer
1182  04 02                255  ?AC1	LD	2,S		Get size
1184  D4 21                256  	SJZ	?AC2		Zero, exit
1186  E5                   257  	DEC			Backup
1187  A4 02                258  	ST	2,S		Resave
1189  04 04                259  	LD	4,S		Get value
118B  AA                   260  	STB	I		Write to memory
118C  9B 01                261  	LEAI	1,I		Advance
118E  D3 F2                262  	SJMP	?AC1		And proceed
1190                       263  *
1190                       264  * Copy memory: memcpy(dest, source, size)
1190                       265  *
1190  04 02                266  memcpy	LD	2,S		Get size
1192  D4 13                267  	SJZ	?AC2		Zero, exit
1194  E5                   268  	DEC			Reduce count
1195  A4 02                269  	ST	2,S		Resave
1197  94 04                270  	LDI	4,S		Get source
1199  0A                   271  	LDB	I		Get byte
119A  9B 01                272  	LEAI	1,I		Advance
119C  B4 04                273  	STI	4,S		Resave
119E  94 06                274  	LDI	6,S		Get dest
11A0  AA                   275  	STB	I		Write byte
11A1  9B 01                276  	LEAI	1,I		Advance
11A3  B4 06                277  	STI	6,S		Resave
11A5  D3 E9                278  	SJMP	memcpy		And proceed
11A7  D9                   279  ?AC2	RET
11A8                       280  *50000 22/5/2026
11A8                       281  *
11A8                       282  * DDS MICRO-C C-FLEA Runtime Library - Middle file
11A8                       283  *
11A8                       284  * Copyright 1991-2005 Dave Dunfield
11A8                       285  * All rights reserved.
11A8                       286  *
0000                       287  	ORG	$0000		Start RAM based variables here
0000                       288  ?temp	RMB	2		Temporary location used by compiler
0002                       289  *50000 22/5/2026
0002                       290  *
DUNFIELD CFLEA ASSEMBLER: TEXT                                         PAGE: 6

0002                       291  * DDS MICRO-C C-FLEA Runtime Library - Suffix file
0002                       292  *
0002                       293  * Copyright 1991-2005 Dave Dunfield
0002                       294  * All rights reserved.
0002                       295  *
0002                       296  ?heap	EQU	*		Beginning of unused RAM
0002                       297  *50000 22/5/2026
DUNFIELD CFLEA ASSEMBLER: TEXT                                         PAGE: 7

SYMBOL TABLE:

?AB0    -1178   ?AB1    -1016   ?AB10   -10BC   ?AB11   -10ED   ?AB12   -10CD
?AB13   -10C6   ?AB14   -10F0   ?AB15   -1121   ?AB16   -1101   ?AB17   -10FA
?AB2    -1042   ?AB3    -1034   ?AB4    -103F   ?AB5    -1042   ?AB6    -1085
?AB7    -109D   ?AB8    -10AF   ?AB9    -1175   ?AC1    -1182   ?AC2    -11A7
?heap   -0002   ?temp   -0000   clrscr  -1068   exit    -100B   main    -10AD
memcpy  -1190   memset  -1180   plotxy  -109F   putsxy  -1078
read_video_stat         -1048   vid_mode-1043   wait_active_top         -1060
wait_active_vid         -1060   wait_hsync              -1059
wait_hsync_top          -1059   wait_ms -100D   wait_ms_top             -100F
wait_nvsync             -1052   wait_nvsync_top         -1052   wait_vsync              -104B
wait_vsync_top          -104B   wait_xms-1016
