uart.s.hex created, used 76 (1%) out of 4096 bytes.
Symbols: 
Symbol BIT_COUNTER == e2
Symbol INNER_COUNTER == ca
Listing: 
[                0x00]: 0x86 ;  LDIR0 0    ; R0 = 0 (uart.s:7)
[                0x01]: 0x00 ;                      (uart.s:7)
[                0x02]: 0x80 ;  LDI 1               (uart.s:8)
[                0x03]: 0x01 ;                      (uart.s:8)
[                0x04]: 0xE1 ;  OUTBIT    ; set lin (uart.s:9)
[MAIN            0x05]: 0x8A ;  LDIR13 >HELLOTXT ;  (uart.s:11)
[                0x06]: 0x00 ;                      (uart.s:11)
[                0x07]: 0x8B ;  LDIR14 <HELLOTXT    (uart.s:12)
[                0x08]: 0x02 ;                      (uart.s:12)
[                0x09]: 0xB0 ;  CALL SENDSTR  ; CAL (uart.s:13)
[                0x0A]: 0x34 ;                      (uart.s:13)
[                0x0B]: 0x87 ;  LDIR1 FF   ; R1 = F (uart.s:16)
[                0x0C]: 0xFF ;                      (uart.s:16)
[MAINLOOP1       0x0D]: 0x80 ;  LDI FF    ; inner l (uart.s:18)
[                0x0E]: 0xFF ;                      (uart.s:18)
[MAINLOOP2       0x0F]: 0xEF ;  WAITA    ; Wait for (uart.s:20)
[                0x10]: 0x91 ;  DEC     ; Decrement (uart.s:21)
[                0x11]: 0xD0 ;  JNZ MAINLOOP2  ; En (uart.s:22)
[                0x12]: 0x0F ;                      (uart.s:22)
[                0x13]: 0x01 ;  LD 1    ; load oute (uart.s:23)
[                0x14]: 0x91 ;  DEC     ;           (uart.s:24)
[                0x15]: 0x11 ;  ST 1    ; store out (uart.s:25)
[                0x16]: 0xD0 ;  JNZ MAINLOOP1  ; Lo (uart.s:26)
[                0x17]: 0x0D ;                      (uart.s:26)
[                0x18]: 0xA0 ;  JMP MAIN    ; resta (uart.s:27)
[                0x19]: 0x05 ;                      (uart.s:27)
[TXCHAR          0x1A]: 0x80 ;  LDI 8               (uart.s:41)
[                0x1B]: 0x08 ;                      (uart.s:41)
[                0x1C]: 0x12 ;  ST 2      ; R[2] =  (uart.s:42)
[                0x1D]: 0x9B ;  CLR                 (uart.s:44)
[                0x1E]: 0xE1 ;  OUTBIT    ; Output  (uart.s:45)
[                0x1F]: 0x80 ;  LDI BIT_COUNTER ; / (uart.s:46)
[                0x20]: 0xE2 ;                      (uart.s:46)
[                0x21]: 0xEF ;  WAITA    ; Wait out (uart.s:47)
[BITS            0x22]: 0x01 ;  LD 1     ; reload c (uart.s:51)
[                0x23]: 0xE1 ;  OUTBIT    ; output  (uart.s:52)
[                0x24]: 0x93 ;  LSR      ; shift lo (uart.s:53)
[                0x25]: 0x11 ;  ST 1     ; R[1] = s (uart.s:54)
[                0x26]: 0x80 ;  LDI INNER_COUNTER ; (uart.s:55)
[                0x27]: 0xCA ;                      (uart.s:55)
[                0x28]: 0xEF ;  WAITA    ; wait     (uart.s:56)
[                0x29]: 0x02 ;  LD 2     ; bit coun (uart.s:57)
[                0x2A]: 0x91 ;  DEC      ; decremen (uart.s:58)
[                0x2B]: 0x12 ;  ST 2     ; R[2] = b (uart.s:59)
[                0x2C]: 0xD0 ;  JNZ BITS            (uart.s:60)
[                0x2D]: 0x22 ;                      (uart.s:60)
[                0x2E]: 0x80 ;  LDI 01              (uart.s:63)
[                0x2F]: 0x01 ;                      (uart.s:63)
[                0x30]: 0xE1 ;  OUTBIT              (uart.s:65)
[                0x31]: 0x80 ;  LDI BIT_COUNTER ; d (uart.s:66)
[                0x32]: 0xE2 ;                      (uart.s:66)
[                0x33]: 0xEF ;  WAITA               (uart.s:67)
[SENDSTR         0x34]: 0x8D ;  LDM    ; A = ROM[R[ (uart.s:78)
[                0x35]: 0x80 ;  LDI 45   ; HAX send (uart.s:79)
[                0x36]: 0x45 ;                      (uart.s:79)
[                0x37]: 0xC0 ;  JZ SENDSTRDONE ; If (uart.s:80)
[                0x38]: 0x3C ;                      (uart.s:80)
[                0x39]: 0x11 ;  ST 1   ; R[1] == ch (uart.s:81)
[                0x3A]: 0xA0 ;  JMP TXCHAR          (uart.s:82)
[                0x3B]: 0x1A ;                      (uart.s:82)
[SENDSTRDONE     0x3C]: 0xEA ;  RET                 (uart.s:84)
[HELLOTXT        0x200]: 0x48 ; .DB 48 ; H           (uart.s:91)
[                0x201]: 0x45 ; .DB 45 ; E           (uart.s:92)
[                0x202]: 0x4C ; .DB 4C ; L           (uart.s:93)
[                0x203]: 0x4C ; .DB 4C ; L           (uart.s:94)
[                0x204]: 0x4F ; .DB 4F ; O           (uart.s:95)
[                0x205]: 0x20 ; .DB 20 ; SP          (uart.s:96)
[                0x206]: 0x57 ; .DB 57 ; W           (uart.s:97)
[                0x207]: 0x4F ; .DB 4F ; O           (uart.s:98)
[                0x208]: 0x52 ; .DB 52 ; R           (uart.s:99)
[                0x209]: 0x4C ; .DB 4C ; L           (uart.s:100)
[                0x20A]: 0x44 ; .DB 44 ; D           (uart.s:101)
[                0x20B]: 0x21 ; .DB 21 ; !           (uart.s:102)
[                0x20C]: 0x0D ; .DB 0D ; CR          (uart.s:103)
[                0x20D]: 0x0A ; .DB 0A ; LF          (uart.s:104)
[                0x20E]: 0x00 ; .DB 00 ; NUL         (uart.s:105)
