
        +----------Count including submodules.
        | 
        - fmul

        +----------Count including submodules.
        | 
      464 wires
     1277 wire bits
      464 public wires
     1277 public wire bits
        7 ports
      100 port bits
        - memories
        - memory bits
        - processes
        - cells
      683 submodules
       86   CCU2C
      378   LUT4
       50   PFUMX
      169   TRELLIS_FF

4.52. Executing CHECK pass (checking for obvious problems).
Checking module fmul...
Found and reported 0 problems.

