        +----------Count including submodules.
        | 
        - faddsub

        +----------Count including submodules.
        | 
      811 wires
     1613 wire bits
      811 public wires
     1613 public wire bits
        8 ports
      101 port bits
        - memories
        - memory bits
        - processes
        - cells
      921 submodules
       69   CCU2C
       75   L6MUX21
      502   LUT4
      187   PFUMX
       88   TRELLIS_FF

5.52. Executing CHECK pass (checking for obvious problems).
Checking module faddsub...
Found and reported 0 problems.

