        +----------Count including submodules.
        | 
        - faddsub

        +----------Count including submodules.
        | 
     1004 wires
     1995 wire bits
     1004 public wires
     1995 public wire bits
        8 ports
      101 port bits
        - memories
        - memory bits
        - processes
        - cells
     1184 submodules
       64   CCU2C
      100   L6MUX21
      702   LUT4
      237   PFUMX
       81   TRELLIS_FF

5.52. Executing CHECK pass (checking for obvious problems).
Checking module faddsub...
Found and reported 0 problems.

