        +----------Count including submodules.
        | 
        - faddsub

        +----------Count including submodules.
        | 
      935 wires
     1861 wire bits
      935 public wires
     1861 public wire bits
        8 ports
      101 port bits
        - memories
        - memory bits
        - processes
        - cells
     1105 submodules
       61   CCU2C
       85   L6MUX21
      647   LUT4
      231   PFUMX
       81   TRELLIS_FF

4.52. Executing CHECK pass (checking for obvious problems).
Checking module faddsub...
Found and reported 0 problems.

