        | 
        1 fdiv

        +----------Count including submodules.
        | 
      471 wires
     1484 wire bits
      471 public wires
     1484 public wire bits
        7 ports
      100 port bits
        - memories
        - memory bits
        - processes
        1 cells
        1   $scopeinfo
      777 submodules
       81   CCU2C
        3   L6MUX21
      398   LUT4
       68   PFUMX
      227   TRELLIS_FF

8.52. Executing CHECK pass (checking for obvious problems).
Checking module fdiv...
Found and reported 0 problems.

