        | 
        1 fdiv

        +----------Count including submodules.
        | 
      470 wires
     1251 wire bits
      470 public wires
     1251 public wire bits
        7 ports
      100 port bits
        - memories
        - memory bits
        - processes
        1 cells
        1   $scopeinfo
      684 submodules
       53   CCU2C
       16   L6MUX21
      334   LUT4
      103   PFUMX
      178   TRELLIS_FF

6.52. Executing CHECK pass (checking for obvious problems).
Checking module fdiv...
Found and reported 0 problems.

