        +----------Count including submodules.
        | 
        - fsqrt

        +----------Count including submodules.
        | 
      333 wires
     1318 wire bits
      333 public wires
     1318 public wire bits
        6 ports
       68 port bits
        - memories
        - memory bits
        - processes
        - cells
      517 submodules
       83   CCU2C
        1   L6MUX21
      209   LUT4
       36   PFUMX
      188   TRELLIS_FF

3.52. Executing CHECK pass (checking for obvious problems).
Checking module fsqrt...
Found and reported 0 problems.

