        | 
        1 fdiv

        +----------Count including submodules.
        | 
      409 wires
     1247 wire bits
      409 public wires
     1247 public wire bits
        7 ports
      100 port bits
        - memories
        - memory bits
        - processes
        1 cells
        1   $scopeinfo
      659 submodules
       47   CCU2C
        7   L6MUX21
      354   LUT4
       72   PFUMX
      179   TRELLIS_FF

8.52. Executing CHECK pass (checking for obvious problems).
Checking module fdiv...
Found and reported 0 problems.

