        | 
        1 fdiv

        +----------Count including submodules.
        | 
      384 wires
     1174 wire bits
      384 public wires
     1174 public wire bits
        7 ports
      100 port bits
        - memories
        - memory bits
        - processes
        1 cells
        1   $scopeinfo
      609 submodules
       47   CCU2C
        6   L6MUX21
      320   LUT4
       59   PFUMX
      177   TRELLIS_FF

4.52. Executing CHECK pass (checking for obvious problems).
Checking module fdiv...
Found and reported 0 problems.

