        +----------Count including submodules.
        | 
        - fsqrt

        +----------Count including submodules.
        | 
      585 wires
     1550 wire bits
      585 public wires
     1550 public wire bits
        6 ports
       68 port bits
        - memories
        - memory bits
        - processes
        - cells
      740 submodules
       83   CCU2C
       43   L6MUX21
      364   LUT4
      114   PFUMX
      136   TRELLIS_FF

3.52. Executing CHECK pass (checking for obvious problems).
Checking module fsqrt...
Found and reported 0 problems.

