
        +----------Count including submodules.
        | 
        4 fpmul16

        +----------Count including submodules.
        | 
      139 wires
      670 wire bits
      139 public wires
      670 public wire bits
        7 ports
      100 port bits
        - memories
        - memory bits
        - processes
        4 cells
        4   MULT18X18D
      123 submodules
       30   CCU2C
       60   LUT4
       33   TRELLIS_FF

3.52. Executing CHECK pass (checking for obvious problems).
Checking module fpmul16...
Found and reported 0 problems.

