        +----------Count including submodules.
        | 
        - faddsub

        +----------Count including submodules.
        | 
      505 wires
     1319 wire bits
      505 public wires
     1319 public wire bits
        8 ports
      101 port bits
        - memories
        - memory bits
        - processes
        - cells
      714 submodules
       61   CCU2C
       19   L6MUX21
      474   LUT4
       71   PFUMX
       89   TRELLIS_FF

4.52. Executing CHECK pass (checking for obvious problems).
Checking module faddsub...
Found and reported 0 problems.

