        +----------Count including submodules.
        | 
        - fldi

        +----------Count including submodules.
        | 
      264 wires
      624 wire bits
      264 public wires
      624 public wire bits
        6 ports
       68 port bits
        - memories
        - memory bits
        - processes
        - cells
      300 submodules
       20   CCU2C
       20   L6MUX21
      149   LUT4
       67   PFUMX
       44   TRELLIS_FF

3.52. Executing CHECK pass (checking for obvious problems).
Checking module fldi...
Found and reported 0 problems.

