        +----------Count including submodules.
        | 
        4 fmul

        +----------Count including submodules.
        | 
      289 wires
     1054 wire bits
      289 public wires
     1054 public wire bits
        7 ports
      100 port bits
        - memories
        - memory bits
        - processes
        4 cells
        4   MULT18X18D
      421 submodules
       51   CCU2C
      148   LUT4
       36   PFUMX
      186   TRELLIS_FF

3.52. Executing CHECK pass (checking for obvious problems).
Checking module fmul...
Found and reported 0 problems.

