
        +----------Count including submodules.
        | 
        - fmul

        +----------Count including submodules.
        | 
      443 wires
     1206 wire bits
      443 public wires
     1206 public wire bits
        7 ports
      100 port bits
        - memories
        - memory bits
        - processes
        - cells
      654 submodules
       86   CCU2C
      351   LUT4
       53   PFUMX
      164   TRELLIS_FF

3.52. Executing CHECK pass (checking for obvious problems).
Checking module fmul...
Found and reported 0 problems.

