        +----------Count including submodules.
        | 
        - iaddsub

        +----------Count including submodules.
        | 
      454 wires
      952 wire bits
      454 public wires
      952 public wire bits
        8 ports
      103 port bits
        - memories
        - memory bits
        - processes
        - cells
      436 submodules
      102   CCU2C
       17   L6MUX21
      225   LUT4
       59   PFUMX
       33   TRELLIS_FF

2.52. Executing CHECK pass (checking for obvious problems).
Checking module iaddsub...
Found and reported 0 problems.

