        | 
        1 fdiv

        +----------Count including submodules.
        | 
      594 wires
     1598 wire bits
      594 public wires
     1598 public wire bits
        7 ports
      100 port bits
        - memories
        - memory bits
        - processes
        1 cells
        1   $scopeinfo
      815 submodules
       98   CCU2C
       29   L6MUX21
      371   LUT4
       90   PFUMX
      227   TRELLIS_FF

8.52. Executing CHECK pass (checking for obvious problems).
Checking module fdiv...
Found and reported 0 problems.

