        +----------Count including submodules.
        | 
        - faddsub

        +----------Count including submodules.
        | 
      427 wires
     1028 wire bits
      427 public wires
     1028 public wire bits
        8 ports
      101 port bits
        - memories
        - memory bits
        - processes
        - cells
      543 submodules
       69   CCU2C
       17   L6MUX21
      296   LUT4
       69   PFUMX
       92   TRELLIS_FF

4.52. Executing CHECK pass (checking for obvious problems).
Checking module faddsub...
Found and reported 0 problems.

End of script. Logfile hash: 94071b790a, time: 0.61s, user: 0.39s, system: 0.12s, MEM: 44.79 MB peak
Yosys 0.68+182 (git sha1 0bf55a858-dirty, Release, Clang /usr/bin/clang++ 21.1.8)
Time spent: 34% 21x read_verilog (0 sec), 17% 1x abc9_exe (0 sec), ...
