        +----------Count including submodules.
        | 
        4 fmul

        +----------Count including submodules.
        | 
      255 wires
     1033 wire bits
      255 public wires
     1033 public wire bits
        7 ports
      100 port bits
        - memories
        - memory bits
        - processes
        4 cells
        4   MULT18X18D
      395 submodules
       51   CCU2C
      143   LUT4
       10   PFUMX
      191   TRELLIS_FF

4.52. Executing CHECK pass (checking for obvious problems).
Checking module fmul...
Found and reported 0 problems.

