        | 
        1 fdiv

        +----------Count including submodules.
        | 
      410 wires
     1174 wire bits
      410 public wires
     1174 public wire bits
        7 ports
      100 port bits
        - memories
        - memory bits
        - processes
        1 cells
        1   $scopeinfo
      619 submodules
       53   CCU2C
        6   L6MUX21
      298   LUT4
       79   PFUMX
      183   TRELLIS_FF

6.52. Executing CHECK pass (checking for obvious problems).
Checking module fdiv...
Found and reported 0 problems.

