        +----------Count including submodules.
        | 
        - faddsub

        +----------Count including submodules.
        | 
      634 wires
     1436 wire bits
      634 public wires
     1436 public wire bits
        8 ports
      101 port bits
        - memories
        - memory bits
        - processes
        - cells
      764 submodules
       72   CCU2C
       40   L6MUX21
      444   LUT4
      112   PFUMX
       96   TRELLIS_FF

5.52. Executing CHECK pass (checking for obvious problems).
Checking module faddsub...
Found and reported 0 problems.

