        | 
        4 fmul

        +----------Count including submodules.
        | 
      629 wires
     1546 wire bits
      629 public wires
     1546 public wire bits
        7 ports
      100 port bits
        - memories
        - memory bits
        - processes
        4 cells
        4   MULT18X18D
      689 submodules
       48   CCU2C
       60   L6MUX21
      358   LUT4
      134   PFUMX
       89   TRELLIS_FF

4.52. Executing CHECK pass (checking for obvious problems).
Checking module fmul...
Found and reported 0 problems.

