        | 
        1 fdiv

        +----------Count including submodules.
        | 
      683 wires
     1735 wire bits
      683 public wires
     1735 public wire bits
        7 ports
      100 port bits
        - memories
        - memory bits
        - processes
        1 cells
        1   $scopeinfo
      940 submodules
      105   CCU2C
       29   L6MUX21
      473   LUT4
      101   PFUMX
      232   TRELLIS_FF

8.52. Executing CHECK pass (checking for obvious problems).
Checking module fdiv...
Found and reported 0 problems.

