        | 
        1 fdiv

        +----------Count including submodules.
        | 
      375 wires
     1147 wire bits
      375 public wires
     1147 public wire bits
        7 ports
      100 port bits
        - memories
        - memory bits
        - processes
        1 cells
        1   $scopeinfo
      569 submodules
       52   CCU2C
       10   L6MUX21
      263   LUT4
       65   PFUMX
      179   TRELLIS_FF

8.52. Executing CHECK pass (checking for obvious problems).
Checking module fdiv...
Found and reported 0 problems.

