        | 
        1 fdiv

        +----------Count including submodules.
        | 
      466 wires
     1311 wire bits
      466 public wires
     1311 public wire bits
        7 ports
      100 port bits
        - memories
        - memory bits
        - processes
        1 cells
        1   $scopeinfo
      716 submodules
       47   CCU2C
       11   L6MUX21
      379   LUT4
       95   PFUMX
      184   TRELLIS_FF

8.52. Executing CHECK pass (checking for obvious problems).
Checking module fdiv...
Found and reported 0 problems.

