        | 
        1 fdiv

        +----------Count including submodules.
        | 
      344 wires
     1084 wire bits
      344 public wires
     1084 public wire bits
        7 ports
      100 port bits
        - memories
        - memory bits
        - processes
        1 cells
        1   $scopeinfo
      539 submodules
       52   CCU2C
        6   L6MUX21
      248   LUT4
       55   PFUMX
      178   TRELLIS_FF

4.52. Executing CHECK pass (checking for obvious problems).
Checking module fdiv...
Found and reported 0 problems.

