        +----------Count including submodules.
        | 
        - faddsub

        +----------Count including submodules.
        | 
      682 wires
     1496 wire bits
      682 public wires
     1496 public wire bits
        8 ports
      101 port bits
        - memories
        - memory bits
        - processes
        - cells
      798 submodules
       72   CCU2C
       48   L6MUX21
      456   LUT4
      134   PFUMX
       88   TRELLIS_FF

5.52. Executing CHECK pass (checking for obvious problems).
Checking module faddsub...
Found and reported 0 problems.

