        | 
        1 fdiv

        +----------Count including submodules.
        | 
      339 wires
     1094 wire bits
      339 public wires
     1094 public wire bits
        7 ports
      100 port bits
        - memories
        - memory bits
        - processes
        1 cells
        1   $scopeinfo
      526 submodules
       53   CCU2C
        1   L6MUX21
      237   LUT4
       51   PFUMX
      184   TRELLIS_FF

8.52. Executing CHECK pass (checking for obvious problems).
Checking module fdiv...
Found and reported 0 problems.

