
        +----------Count including submodules.
        | 
        - fsqrt

        +----------Count including submodules.
        | 
      319 wires
     1194 wire bits
      319 public wires
     1194 public wire bits
        6 ports
       68 port bits
        - memories
        - memory bits
        - processes
        - cells
      502 submodules
       83   CCU2C
      201   LUT4
       32   PFUMX
      186   TRELLIS_FF

3.52. Executing CHECK pass (checking for obvious problems).
Checking module fsqrt...
Found and reported 0 problems.

End of script. Logfile hash: c71f6a2113, time: 0.71s, user: 0.48s, system: 0.14s, MEM: 45.37 MB peak
Yosys 0.68+182 (git sha1 0bf55a858-dirty, Release, Clang /usr/bin/clang++ 21.1.8)
Time spent: 29% 21x read_verilog (0 sec), 14% 1x abc9_exe (0 sec), ...
