        +----------Count including submodules.
        | 
        - faddsub

        +----------Count including submodules.
        | 
      573 wires
     1290 wire bits
      573 public wires
     1290 public wire bits
        8 ports
      101 port bits
        - memories
        - memory bits
        - processes
        - cells
      692 submodules
       69   CCU2C
       35   L6MUX21
      390   LUT4
      102   PFUMX
       96   TRELLIS_FF

5.52. Executing CHECK pass (checking for obvious problems).
Checking module faddsub...
Found and reported 0 problems.

