        +----------Count including submodules.
        | 
        - faddsub

        +----------Count including submodules.
        | 
      483 wires
     1174 wire bits
      483 public wires
     1174 public wire bits
        8 ports
      101 port bits
        - memories
        - memory bits
        - processes
        - cells
      576 submodules
       69   CCU2C
        6   L6MUX21
      310   LUT4
      103   PFUMX
       88   TRELLIS_FF

4.52. Executing CHECK pass (checking for obvious problems).
Checking module faddsub...
Found and reported 0 problems.

End of script. Logfile hash: a7ebbcde20, time: 0.68s, user: 0.39s, system: 0.13s, MEM: 45.35 MB peak
Yosys 0.68+182 (git sha1 0bf55a858-dirty, Release, Clang /usr/bin/clang++ 21.1.8)
Time spent: 32% 21x read_verilog (0 sec), 21% 1x abc9_exe (0 sec), ...
