        +----------Count including submodules.
        | 
        4 fmul

        +----------Count including submodules.
        | 
      274 wires
      981 wire bits
      274 public wires
      981 public wire bits
        7 ports
      100 port bits
        - memories
        - memory bits
        - processes
        4 cells
        4   MULT18X18D
      319 submodules
       47   CCU2C
      147   LUT4
       36   PFUMX
       89   TRELLIS_FF

3.52. Executing CHECK pass (checking for obvious problems).
Checking module fmul...
Found and reported 0 problems.

End of script. Logfile hash: 3f006f61ea, time: 0.53s, user: 0.37s, system: 0.10s, MEM: 36.44 MB peak
Yosys 0.68+182 (git sha1 0bf55a858-dirty, Release, Clang /usr/bin/clang++ 21.1.8)
Time spent: 38% 21x read_verilog (0 sec), 11% 1x abc9_exe (0 sec), ...
