        | 
        1 fdiv

        +----------Count including submodules.
        | 
      479 wires
     1398 wire bits
      479 public wires
     1398 public wire bits
        7 ports
      100 port bits
        - memories
        - memory bits
        - processes
        1 cells
        1   $scopeinfo
      715 submodules
       87   CCU2C
       12   L6MUX21
      305   LUT4
       79   PFUMX
      232   TRELLIS_FF

8.52. Executing CHECK pass (checking for obvious problems).
Checking module fdiv...
Found and reported 0 problems.

