        +----------Count including submodules.
        | 
        - faddsub

        +----------Count including submodules.
        | 
      578 wires
     1404 wire bits
      578 public wires
     1404 public wire bits
        8 ports
      101 port bits
        - memories
        - memory bits
        - processes
        - cells
      784 submodules
       61   CCU2C
       37   L6MUX21
      510   LUT4
       87   PFUMX
       89   TRELLIS_FF

5.52. Executing CHECK pass (checking for obvious problems).
Checking module faddsub...
Found and reported 0 problems.

