        | 
        1 fdiv

        +----------Count including submodules.
        | 
      403 wires
     1232 wire bits
      403 public wires
     1232 public wire bits
        7 ports
      100 port bits
        - memories
        - memory bits
        - processes
        1 cells
        1   $scopeinfo
      671 submodules
       47   CCU2C
        6   L6MUX21
      370   LUT4
       65   PFUMX
      183   TRELLIS_FF

6.52. Executing CHECK pass (checking for obvious problems).
Checking module fdiv...
Found and reported 0 problems.

