        +----------Count including submodules.
        | 
        - fcmp

        +----------Count including submodules.
        | 
      168 wires
      395 wire bits
      168 public wires
      395 public wire bits
        7 ports
      100 port bits
        - memories
        - memory bits
        - processes
        - cells
      154 submodules
       15   CCU2C
       13   L6MUX21
       91   LUT4
       25   PFUMX
       10   TRELLIS_FF

2.52. Executing CHECK pass (checking for obvious problems).
Checking module fcmp...
Found and reported 0 problems.

