        6 ports
       68 port bits
        - memories
        - memory bits
        - processes
      346 cells
        1   GND
       35   IBUF
       20   LUT1
       14   LUT2
       98   LUT3
       95   LUT4
       49   MUX2_LUT5
       33   OBUF
        1   VCC
      401 submodules
      164   ALU
        6   DFF
      130   DFFE
        1   DFFR
       98   DFFRE
        2   DFFSE

3.51. Executing CHECK pass (checking for obvious problems).
Checking module fsqrt...
Found and reported 0 problems.

