        8 ports
      103 port bits
        - memories
        - memory bits
        - processes
      895 cells
        1   GND
       70   IBUF
      194   LUT1
       25   LUT2
       59   LUT3
      183   LUT4
      199   MUX2_LUT5
       82   MUX2_LUT6
       36   MUX2_LUT7
       12   MUX2_LUT8
       33   OBUF
        1   VCC
      232 submodules
      199   ALU
        1   DFF
       32   DFFRE

2.51. Executing CHECK pass (checking for obvious problems).
Checking module iaddsub...
Found and reported 0 problems.

