        - memories
        - memory bits
        - processes
      373 cells
        1   GND
       35   IBUF
       60   LUT1
       32   LUT2
       60   LUT3
       43   LUT4
       80   MUX2_LUT5
       25   MUX2_LUT6
        2   MUX2_LUT7
        1   MUX2_LUT8
       33   OBUF
        1   VCC
      111 submodules
       68   ALU
        1   DFF
        9   DFFE
        1   DFFR
       32   DFFRE

3.51. Executing CHECK pass (checking for obvious problems).
Checking module fsti...
Found and reported 0 problems.

