        - memory bits
        - processes
     1378 cells
        1   GND
       68   IBUF
      314   LUT1
      116   LUT2
      142   LUT3
      200   LUT4
      310   MUX2_LUT5
      127   MUX2_LUT6
       48   MUX2_LUT7
       18   MUX2_LUT8
       33   OBUF
        1   VCC
      239 submodules
      143   ALU
        5   DFF
       46   DFFE
        1   DFFR
       43   DFFRE
        1   DFFSE

5.51. Executing CHECK pass (checking for obvious problems).
Checking module faddsub...
Found and reported 0 problems.

