        - memory bits
        - processes
      878 cells
        1   GND
       68   IBUF
       74   LUT1
       35   LUT2
      118   LUT3
      322   LUT4
      177   MUX2_LUT5
       34   MUX2_LUT6
       11   MUX2_LUT7
        4   MUX2_LUT8
       33   OBUF
        1   VCC
      210 submodules
      121   ALU
        5   DFF
       38   DFFE
        1   DFFR
       44   DFFRE
        1   DFFSE

5.51. Executing CHECK pass (checking for obvious problems).
Checking module faddsub...
Found and reported 0 problems.

