        - memory bits
        - processes
      800 cells
        1   $scopeinfo
        1   GND
       67   IBUF
       54   LUT1
      137   LUT2
       89   LUT3
      183   LUT4
      147   MUX2_LUT5
       63   MUX2_LUT6
       21   MUX2_LUT7
        3   MUX2_LUT8
       33   OBUF
        1   VCC
      404 submodules
      177   ALU
        4   DFF
      104   DFFE
        4   DFFR
      115   DFFRE

8.51. Executing CHECK pass (checking for obvious problems).
Checking module fdiv...
Found and reported 0 problems.

