        6 ports
       68 port bits
        - memories
        - memory bits
        - processes
      273 cells
        1   GND
       35   IBUF
        9   LUT1
        8   LUT2
       12   LUT3
      122   LUT4
       47   MUX2_LUT5
        5   MUX2_LUT6
       33   OBUF
        1   VCC
       91 submodules
       46   ALU
        3   DFF
        8   DFFE
        1   DFFR
       33   DFFRE

3.51. Executing CHECK pass (checking for obvious problems).
Checking module fldi...
Found and reported 0 problems.

End of script. Logfile hash: b08464f56b, time: 0.48s, user: 0.21s, system: 0.20s, MEM: 36.01 MB peak
Yosys 0.68+182 (git sha1 0bf55a858-dirty, Release, Clang /usr/bin/clang++ 21.1.8)
Time spent: 22% 1x synth_gowin (0 sec), 14% 26x read_verilog (0 sec), ...
