      100 port bits
        - memories
        - memory bits
        - processes
      254 cells
        1   GND
       67   IBUF
        7   LUT1
       34   LUT2
       16   LUT3
       84   LUT4
        3   MULT18X18
        1   MULT9X9
        7   MUX2_LUT5
       33   OBUF
        1   VCC
      294 submodules
      103   ALU
        6   DFF
      151   DFFE
        1   DFFR
       33   DFFRE

4.51. Executing CHECK pass (checking for obvious problems).
Checking module fmul...
Found and reported 0 problems.

