        - memory bits
        - processes
      793 cells
        1   GND
       68   IBUF
      149   LUT1
       43   LUT2
       97   LUT3
      176   LUT4
      152   MUX2_LUT5
       50   MUX2_LUT6
       16   MUX2_LUT7
        7   MUX2_LUT8
       33   OBUF
        1   VCC
      225 submodules
      137   ALU
        4   DFF
       39   DFFE
        1   DFFR
       43   DFFRE
        1   DFFSE

5.51. Executing CHECK pass (checking for obvious problems).
Checking module faddsub...
Found and reported 0 problems.

