        - memory bits
        - processes
      980 cells
        1   $scopeinfo
        1   GND
       67   IBUF
      139   LUT1
      147   LUT2
       99   LUT3
      183   LUT4
      211   MUX2_LUT5
       63   MUX2_LUT6
       26   MUX2_LUT7
        9   MUX2_LUT8
       33   OBUF
        1   VCC
      272 submodules
       93   ALU
        4   DFF
       56   DFFE
        4   DFFR
      115   DFFRE

8.51. Executing CHECK pass (checking for obvious problems).
Checking module fdiv...
Found and reported 0 problems.

