        7 ports
      100 port bits
        - memories
        - memory bits
        - processes
      340 cells
        1   GND
       67   IBUF
       11   LUT1
       25   LUT2
       74   LUT3
      110   LUT4
       18   MUX2_LUT5
       33   OBUF
        1   VCC
      252 submodules
       82   ALU
        4   DFF
       52   DFFE
        1   DFFR
      110   DFFRE
        3   DFFSE

4.51. Executing CHECK pass (checking for obvious problems).
Checking module fmul...
Found and reported 0 problems.

