        - memory bits
        - processes
      827 cells
        1   $scopeinfo
        1   GND
       67   IBUF
      152   LUT1
      132   LUT2
       58   LUT3
      119   LUT4
      175   MUX2_LUT5
       55   MUX2_LUT6
       25   MUX2_LUT7
        8   MUX2_LUT8
       33   OBUF
        1   VCC
      283 submodules
      104   ALU
        4   DFF
       56   DFFE
        4   DFFR
      115   DFFRE

8.51. Executing CHECK pass (checking for obvious problems).
Checking module fdiv...
Found and reported 0 problems.

