        - memory bits
        - processes
      571 cells
        1   GND
       68   IBUF
       38   LUT1
       27   LUT2
      115   LUT3
      180   LUT4
       92   MUX2_LUT5
       13   MUX2_LUT6
        2   MUX2_LUT7
        1   MUX2_LUT8
       33   OBUF
        1   VCC
      233 submodules
      137   ALU
        5   DFF
       46   DFFE
        1   DFFR
       43   DFFRE
        1   DFFSE

5.51. Executing CHECK pass (checking for obvious problems).
Checking module faddsub...
Found and reported 0 problems.

