        - memory bits
        - processes
      807 cells
        1   GND
       68   IBUF
       71   LUT1
       21   LUT2
      118   LUT3
      292   LUT4
      158   MUX2_LUT5
       33   MUX2_LUT6
        9   MUX2_LUT7
        2   MUX2_LUT8
       33   OBUF
        1   VCC
      208 submodules
      121   ALU
        5   DFF
       36   DFFE
        1   DFFR
       44   DFFRE
        1   DFFSE

4.51. Executing CHECK pass (checking for obvious problems).
Checking module faddsub...
Found and reported 0 problems.

