        - memory bits
        - processes
     1049 cells
        1   GND
       68   IBUF
      275   LUT1
       78   LUT2
      102   LUT3
      151   LUT4
      224   MUX2_LUT5
       93   MUX2_LUT6
       20   MUX2_LUT7
        3   MUX2_LUT8
       33   OBUF
        1   VCC
      231 submodules
      143   ALU
        4   DFF
       39   DFFE
        1   DFFR
       43   DFFRE
        1   DFFSE

5.51. Executing CHECK pass (checking for obvious problems).
Checking module faddsub...
Found and reported 0 problems.

