        7 ports
      100 port bits
        - memories
        - memory bits
        - processes
      339 cells
        1   GND
       67   IBUF
       34   LUT1
       34   LUT2
       56   LUT3
       74   LUT4
       39   MUX2_LUT5
       33   OBUF
        1   VCC
      247 submodules
       82   ALU
        3   DFF
       48   DFFE
        1   DFFR
      110   DFFRE
        3   DFFSE

3.51. Executing CHECK pass (checking for obvious problems).
Checking module fmul...
Found and reported 0 problems.

