        - memory bits
        - processes
      532 cells
        1   $scopeinfo
        1   GND
       67   IBUF
       51   LUT1
       47   LUT2
       83   LUT3
      140   LUT4
       84   MUX2_LUT5
       17   MUX2_LUT6
        6   MUX2_LUT7
        1   MUX2_LUT8
       33   OBUF
        1   VCC
      284 submodules
      101   ALU
        5   DFF
       60   DFFE
        4   DFFR
      114   DFFRE

6.51. Executing CHECK pass (checking for obvious problems).
Checking module fdiv...
Found and reported 0 problems.

