        - memory bits
        - processes
      690 cells
        1   $scopeinfo
        1   GND
       67   IBUF
       72   LUT1
       80   LUT2
      150   LUT3
      147   LUT4
      108   MUX2_LUT5
       23   MUX2_LUT6
        6   MUX2_LUT7
        1   MUX2_LUT8
       33   OBUF
        1   VCC
      269 submodules
       91   ALU
        4   DFF
       56   DFFE
        4   DFFR
      114   DFFRE

6.51. Executing CHECK pass (checking for obvious problems).
Checking module fdiv...
Found and reported 0 problems.

