        - memory bits
        - processes
      827 cells
        1   GND
       67   IBUF
      215   LUT1
       60   LUT2
       82   LUT3
       95   LUT4
      160   MUX2_LUT5
       75   MUX2_LUT6
       34   MUX2_LUT7
        4   MUX2_LUT8
       33   OBUF
        1   VCC
      247 submodules
       82   ALU
        3   DFF
       48   DFFE
        1   DFFR
      110   DFFRE
        3   DFFSE

4.51. Executing CHECK pass (checking for obvious problems).
Checking module fmul...
Found and reported 0 problems.

