        7 ports
      100 port bits
        - memories
        - memory bits
        - processes
      397 cells
        1   $scopeinfo
        1   GND
       67   IBUF
       13   LUT1
       43   LUT2
       58   LUT3
      128   LUT4
       52   MUX2_LUT5
       33   OBUF
        1   VCC
      286 submodules
      102   ALU
        5   DFF
       60   DFFE
        4   DFFR
      115   DFFRE

8.51. Executing CHECK pass (checking for obvious problems).
Checking module fdiv...
Found and reported 0 problems.

