        - memory bits
        - processes
     1052 cells
        1   GND
       35   IBUF
      143   LUT1
       80   LUT2
      169   LUT3
      275   LUT4
      224   MUX2_LUT5
       62   MUX2_LUT6
       21   MUX2_LUT7
        8   MUX2_LUT8
       33   OBUF
        1   VCC
      113 submodules
       60   ALU
        1   DFF
       11   DFFE
        1   DFFR
       36   DFFRE
        4   DFFSE

3.51. Executing CHECK pass (checking for obvious problems).
Checking module fsti...
Found and reported 0 problems.

End of script. Logfile hash: 5497ccddbe, time: 0.91s, user: 0.44s, system: 0.23s, MEM: 80.92 MB peak
Yosys 0.68+182 (git sha1 0bf55a858-dirty, Release, Clang /usr/bin/clang++ 21.1.8)
Time spent: 27% 1x abc9_exe (0 sec), 22% 14x techmap (0 sec), ...
