      101 port bits
        - memories
        - memory bits
        - processes
      554 cells
        1   GND
       68   IBUF
       43   LUT1
       12   LUT2
      139   LUT3
      138   LUT4
      110   MUX2_LUT5
        9   MUX2_LUT6
       33   OBUF
        1   VCC
      225 submodules
      137   ALU
        4   DFF
       39   DFFE
        1   DFFR
       43   DFFRE
        1   DFFSE

4.51. Executing CHECK pass (checking for obvious problems).
Checking module faddsub...
Found and reported 0 problems.

