        - memory bits
        - processes
      841 cells
        1   GND
       67   IBUF
      246   LUT1
       35   LUT2
       54   LUT3
       96   LUT4
        1   MULT36X36
      176   MUX2_LUT5
       84   MUX2_LUT6
       39   MUX2_LUT7
        8   MUX2_LUT8
       33   OBUF
        1   VCC
      118 submodules
       29   ALU
        4   DFF
       51   DFFE
        1   DFFR
       33   DFFRE

4.51. Executing CHECK pass (checking for obvious problems).
Checking module fmul...
Found and reported 0 problems.

