        - memories
        - memory bits
        - processes
      544 cells
        1   GND
       35   IBUF
       68   LUT1
       50   LUT2
       61   LUT3
      145   LUT4
      112   MUX2_LUT5
       35   MUX2_LUT6
        3   MUX2_LUT7
       33   OBUF
        1   VCC
      349 submodules
      163   ALU
        5   DFF
       80   DFFE
        1   DFFR
       98   DFFRE
        2   DFFSE

3.51. Executing CHECK pass (checking for obvious problems).
Checking module fsqrt...
Found and reported 0 problems.

