        - memory bits
        - processes
      867 cells
        1   $scopeinfo
        1   GND
       67   IBUF
      132   LUT1
      112   LUT2
      110   LUT3
      138   LUT4
      169   MUX2_LUT5
       64   MUX2_LUT6
       28   MUX2_LUT7
       11   MUX2_LUT8
       33   OBUF
        1   VCC
      280 submodules
      102   ALU
        4   DFF
       56   DFFE
        4   DFFR
      114   DFFRE

6.51. Executing CHECK pass (checking for obvious problems).
Checking module fdiv...
Found and reported 0 problems.

