        - memory bits
        - processes
     1185 cells
        1   GND
       68   IBUF
      201   LUT1
       87   LUT2
      108   LUT3
      304   LUT4
      260   MUX2_LUT5
       87   MUX2_LUT6
       28   MUX2_LUT7
        7   MUX2_LUT8
       33   OBUF
        1   VCC
      202 submodules
      121   ALU
        4   DFF
       31   DFFE
        1   DFFR
       44   DFFRE
        1   DFFSE

5.51. Executing CHECK pass (checking for obvious problems).
Checking module faddsub...
Found and reported 0 problems.

