        1 fdiv

        +----------Count including submodules.
        | 
      429 wires
     1253 wire bits
      429 public wires
     1253 public wire bits
        7 ports
      100 port bits
        - memories
        - memory bits
        - processes
        1 cells
        1   $scopeinfo
      649 submodules
       85   SB_CARRY
        5   SB_DFF
       60   SB_DFFE
      114   SB_DFFESR
        4   SB_DFFSR
      381   SB_LUT4

6.51. Executing CHECK pass (checking for obvious problems).
Checking module fdiv...
Found and reported 0 problems.

