        - fmul

        +----------Count including submodules.
        | 
      548 wires
     1426 wire bits
      548 public wires
     1426 public wire bits
        7 ports
      100 port bits
        - memories
        - memory bits
        - processes
        - cells
      874 submodules
      165   SB_CARRY
        3   SB_DFF
       46   SB_DFFE
      111   SB_DFFESR
        3   SB_DFFESS
        1   SB_DFFSR
      545   SB_LUT4

4.51. Executing CHECK pass (checking for obvious problems).
Checking module fmul...
Found and reported 0 problems.

