        | 
        - fsti

        +----------Count including submodules.
        | 
      244 wires
      695 wire bits
      244 public wires
      695 public wire bits
        6 ports
       68 port bits
        - memories
        - memory bits
        - processes
        - cells
      300 submodules
       59   SB_CARRY
        1   SB_DFF
        9   SB_DFFE
       32   SB_DFFESR
        1   SB_DFFSR
      198   SB_LUT4

3.51. Executing CHECK pass (checking for obvious problems).
Checking module fsti...
Found and reported 0 problems.

End of script. Logfile hash: 0332477531, time: 0.56s, user: 0.42s, system: 0.08s, MEM: 31.16 MB peak
Yosys 0.68+182 (git sha1 0bf55a858-dirty, Release, Clang /usr/bin/clang++ 21.1.8)
Time spent: 54% 21x read_verilog (0 sec), 12% 1x abc9_exe (0 sec), ...
