        - fmul

        +----------Count including submodules.
        | 
      319 wires
      771 wire bits
      319 public wires
      771 public wire bits
        7 ports
      100 port bits
        - memories
        - memory bits
        - processes
        - cells
      504 submodules
       74   SB_CARRY
        4   SB_DFF
       52   SB_DFFE
      110   SB_DFFESR
        3   SB_DFFESS
        1   SB_DFFSR
      260   SB_LUT4

4.51. Executing CHECK pass (checking for obvious problems).
Checking module fmul...
Found and reported 0 problems.

