        1 fdiv

        +----------Count including submodules.
        | 
      400 wires
     1162 wire bits
      400 public wires
     1162 public wire bits
        7 ports
      100 port bits
        - memories
        - memory bits
        - processes
        1 cells
        1   $scopeinfo
      595 submodules
       87   SB_CARRY
        4   SB_DFF
       56   SB_DFFE
      115   SB_DFFESR
        4   SB_DFFSR
      329   SB_LUT4

8.51. Executing CHECK pass (checking for obvious problems).
Checking module fdiv...
Found and reported 0 problems.

