
        +----------Count including submodules.
        | 
        - fpmul16

        +----------Count including submodules.
        | 
     1233 wires
     3994 wire bits
     1233 public wires
     3994 public wire bits
        7 ports
      100 port bits
        - memories
        - memory bits
        - processes
        - cells
     2417 submodules
       44   SB_CARRY
        1   SB_DFF
       32   SB_DFFE
     2340   SB_LUT4

3.51. Executing CHECK pass (checking for obvious problems).
Checking module fpmul16...
Found and reported 0 problems.

