        - faddsub

        +----------Count including submodules.
        | 
      465 wires
     1200 wire bits
      465 public wires
     1200 public wire bits
        8 ports
      101 port bits
        - memories
        - memory bits
        - processes
        - cells
      710 submodules
      113   SB_CARRY
        4   SB_DFF
       31   SB_DFFE
       44   SB_DFFESR
        1   SB_DFFESS
        1   SB_DFFSR
      516   SB_LUT4

4.51. Executing CHECK pass (checking for obvious problems).
Checking module faddsub...
Found and reported 0 problems.

