        - fcmp

        +----------Count including submodules.
        | 
      116 wires
      335 wire bits
      116 public wires
      335 public wire bits
        7 ports
      100 port bits
        - memories
        - memory bits
        - processes
        - cells
      131 submodules
       31   SB_CARRY
        1   SB_DFF
        5   SB_DFFE
        2   SB_DFFESR
        1   SB_DFFESS
        1   SB_DFFSR
       90   SB_LUT4

2.51. Executing CHECK pass (checking for obvious problems).
Checking module fcmp...
Found and reported 0 problems.

