
        +----------Count including submodules.
        | 
        - iaddsub

        +----------Count including submodules.
        | 
      307 wires
      768 wire bits
      307 public wires
      768 public wire bits
        8 ports
      102 port bits
        - memories
        - memory bits
        - processes
        - cells
      416 submodules
      128   SB_CARRY
        1   SB_DFF
       32   SB_DFFESR
      255   SB_LUT4

2.51. Executing CHECK pass (checking for obvious problems).
Checking module iaddsub...
Found and reported 0 problems.

End of script. Logfile hash: 6b006e0200, time: 0.63s, user: 0.47s, system: 0.08s, MEM: 32.81 MB peak
Yosys 0.68+182 (git sha1 0bf55a858-dirty, Release, Clang /usr/bin/clang++ 21.1.8)
Time spent: 50% 21x read_verilog (0 sec), 13% 1x abc9_exe (0 sec), ...
