        1 fdiv

        +----------Count including submodules.
        | 
      419 wires
     1251 wire bits
      419 public wires
     1251 public wire bits
        7 ports
      100 port bits
        - memories
        - memory bits
        - processes
        1 cells
        1   $scopeinfo
      638 submodules
       85   SB_CARRY
        4   SB_DFF
       56   SB_DFFE
      114   SB_DFFESR
        4   SB_DFFSR
      375   SB_LUT4

6.51. Executing CHECK pass (checking for obvious problems).
Checking module fdiv...
Found and reported 0 problems.

