        | 
        - fldi

        +----------Count including submodules.
        | 
      195 wires
      534 wire bits
      195 public wires
      534 public wire bits
        6 ports
       68 port bits
        - memories
        - memory bits
        - processes
        - cells
      244 submodules
       36   SB_CARRY
        2   SB_DFF
        8   SB_DFFE
       33   SB_DFFESR
        1   SB_DFFSR
      164   SB_LUT4

3.51. Executing CHECK pass (checking for obvious problems).
Checking module fldi...
Found and reported 0 problems.

End of script. Logfile hash: 58852a8eef, time: 0.53s, user: 0.39s, system: 0.09s, MEM: 31.02 MB peak
Yosys 0.68+182 (git sha1 0bf55a858-dirty, Release, Clang /usr/bin/clang++ 21.1.8)
Time spent: 58% 21x read_verilog (0 sec), 10% 1x abc9_exe (0 sec), ...
