        - faddsub

        +----------Count including submodules.
        | 
      511 wires
     1323 wire bits
      511 public wires
     1323 public wire bits
        8 ports
      101 port bits
        - memories
        - memory bits
        - processes
        - cells
      774 submodules
      117   SB_CARRY
        4   SB_DFF
       31   SB_DFFE
       44   SB_DFFESR
        1   SB_DFFESS
        1   SB_DFFSR
      576   SB_LUT4

5.51. Executing CHECK pass (checking for obvious problems).
Checking module faddsub...
Found and reported 0 problems.

