        - faddsub

        +----------Count including submodules.
        | 
      488 wires
     1214 wire bits
      488 public wires
     1214 public wire bits
        8 ports
      101 port bits
        - memories
        - memory bits
        - processes
        - cells
      707 submodules
      131   SB_CARRY
        4   SB_DFF
       39   SB_DFFE
       43   SB_DFFESR
        1   SB_DFFESS
        1   SB_DFFSR
      488   SB_LUT4

5.51. Executing CHECK pass (checking for obvious problems).
Checking module faddsub...
Found and reported 0 problems.

