        - faddsub

        +----------Count including submodules.
        | 
      462 wires
     1126 wire bits
      462 public wires
     1126 public wire bits
        8 ports
      101 port bits
        - memories
        - memory bits
        - processes
        - cells
      671 submodules
      127   SB_CARRY
        4   SB_DFF
       39   SB_DFFE
       43   SB_DFFESR
        1   SB_DFFESS
        1   SB_DFFSR
      456   SB_LUT4

5.51. Executing CHECK pass (checking for obvious problems).
Checking module faddsub...
Found and reported 0 problems.

