        1 fdiv

        +----------Count including submodules.
        | 
      596 wires
     1712 wire bits
      596 public wires
     1712 public wire bits
        7 ports
      100 port bits
        - memories
        - memory bits
        - processes
        1 cells
        1   $scopeinfo
      954 submodules
      152   SB_CARRY
        4   SB_DFF
      104   SB_DFFE
      114   SB_DFFESR
        4   SB_DFFSR
      576   SB_LUT4

8.51. Executing CHECK pass (checking for obvious problems).
Checking module fdiv...
Found and reported 0 problems.

