        - fmul

        +----------Count including submodules.
        | 
      524 wires
     1468 wire bits
      524 public wires
     1468 public wire bits
        7 ports
      100 port bits
        - memories
        - memory bits
        - processes
        - cells
      840 submodules
      165   SB_CARRY
        3   SB_DFF
       46   SB_DFFE
      111   SB_DFFESR
        3   SB_DFFESS
        1   SB_DFFSR
      511   SB_LUT4

3.51. Executing CHECK pass (checking for obvious problems).
Checking module fmul...
Found and reported 0 problems.

End of script. Logfile hash: 266a4c7b4a, time: 0.84s, user: 0.52s, system: 0.09s, MEM: 35.50 MB peak
Yosys 0.68+182 (git sha1 0bf55a858-dirty, Release, Clang /usr/bin/clang++ 21.1.8)
Time spent: 36% 21x read_verilog (0 sec), 28% 1x abc9_exe (0 sec), ...
