        1 fdiv

        +----------Count including submodules.
        | 
      383 wires
     1182 wire bits
      383 public wires
     1182 public wire bits
        7 ports
      100 port bits
        - memories
        - memory bits
        - processes
        1 cells
        1   $scopeinfo
      635 submodules
       77   SB_CARRY
        4   SB_DFF
       56   SB_DFFE
      114   SB_DFFESR
        3   SB_DFFSR
      381   SB_LUT4

4.51. Executing CHECK pass (checking for obvious problems).
Checking module fdiv...
Found and reported 0 problems.

