        1 fdiv

        +----------Count including submodules.
        | 
      407 wires
     1164 wire bits
      407 public wires
     1164 public wire bits
        7 ports
      100 port bits
        - memories
        - memory bits
        - processes
        1 cells
        1   $scopeinfo
      604 submodules
       87   SB_CARRY
        5   SB_DFF
       60   SB_DFFE
      115   SB_DFFESR
        4   SB_DFFSR
      333   SB_LUT4

8.51. Executing CHECK pass (checking for obvious problems).
Checking module fdiv...
Found and reported 0 problems.

