        - fmul

        +----------Count including submodules.
        | 
      298 wires
      711 wire bits
      298 public wires
      711 public wire bits
        7 ports
      100 port bits
        - memories
        - memory bits
        - processes
        - cells
      473 submodules
       74   SB_CARRY
        3   SB_DFF
       48   SB_DFFE
      110   SB_DFFESR
        3   SB_DFFESS
        1   SB_DFFSR
      234   SB_LUT4

3.51. Executing CHECK pass (checking for obvious problems).
Checking module fmul...
Found and reported 0 problems.

