
        +----------Count including submodules.
        | 
        - fpmul16

        +----------Count including submodules.
        | 
     1461 wires
     4456 wire bits
     1461 public wires
     4456 public wire bits
        7 ports
      100 port bits
        - memories
        - memory bits
        - processes
        - cells
     2696 submodules
      158   SB_CARRY
        3   SB_DFF
      128   SB_DFFE
     2407   SB_LUT4

3.51. Executing CHECK pass (checking for obvious problems).
Checking module fpmul16...
Found and reported 0 problems.

