        - fsti

        +----------Count including submodules.
        | 
      379 wires
     1141 wire bits
      379 public wires
     1141 public wire bits
        6 ports
       68 port bits
        - memories
        - memory bits
        - processes
        - cells
      588 submodules
       53   SB_CARRY
        1   SB_DFF
       11   SB_DFFE
       36   SB_DFFESR
        4   SB_DFFESS
        1   SB_DFFSR
      482   SB_LUT4

3.51. Executing CHECK pass (checking for obvious problems).
Checking module fsti...
Found and reported 0 problems.

