        1 fdiv

        +----------Count including submodules.
        | 
      583 wires
     1634 wire bits
      583 public wires
     1634 public wire bits
        7 ports
      100 port bits
        - memories
        - memory bits
        - processes
        1 cells
        1   $scopeinfo
      887 submodules
      160   SB_CARRY
        5   SB_DFF
      108   SB_DFFE
      114   SB_DFFESR
        4   SB_DFFSR
      496   SB_LUT4

8.51. Executing CHECK pass (checking for obvious problems).
Checking module fdiv...
Found and reported 0 problems.

