        - faddsub

        +----------Count including submodules.
        | 
      448 wires
     1107 wire bits
      448 public wires
     1107 public wire bits
        8 ports
      101 port bits
        - memories
        - memory bits
        - processes
        - cells
      644 submodules
      127   SB_CARRY
        4   SB_DFF
       39   SB_DFFE
       43   SB_DFFESR
        1   SB_DFFESS
        1   SB_DFFSR
      429   SB_LUT4

4.51. Executing CHECK pass (checking for obvious problems).
Checking module faddsub...
Found and reported 0 problems.

