        1 fdiv

        +----------Count including submodules.
        | 
      456 wires
     1365 wire bits
      456 public wires
     1365 public wire bits
        7 ports
      100 port bits
        - memories
        - memory bits
        - processes
        1 cells
        1   $scopeinfo
      718 submodules
       77   SB_CARRY
        5   SB_DFF
       60   SB_DFFE
      114   SB_DFFESR
        4   SB_DFFSR
      458   SB_LUT4

6.51. Executing CHECK pass (checking for obvious problems).
Checking module fdiv...
Found and reported 0 problems.

