        1 fdiv

        +----------Count including submodules.
        | 
      568 wires
     1611 wire bits
      568 public wires
     1611 public wire bits
        7 ports
      100 port bits
        - memories
        - memory bits
        - processes
        1 cells
        1   $scopeinfo
      879 submodules
      160   SB_CARRY
        4   SB_DFF
      104   SB_DFFE
      114   SB_DFFESR
        4   SB_DFFSR
      493   SB_LUT4

8.51. Executing CHECK pass (checking for obvious problems).
Checking module fdiv...
Found and reported 0 problems.

